ca65 V2.19 - Git 547d923
Main file   : C:\Users\Alex\Chased3D\debug\maze.s
Current file: C:\Users\Alex\Chased3D\debug\maze.s

000000r 1               ;
000000r 1               ; File generated by cc65 v 2.19 - Git 547d923
000000r 1               ;
000000r 1               	.fopt		compiler,"cc65 v 2.19 - Git 547d923"
000000r 1               	.setcpu		"6502"
000000r 1               	.smart		on
000000r 1               	.autoimport	on
000000r 1               	.case		on
000000r 1               	.debuginfo	on
000000r 1               	.importzp	c_sp, sreg, regsave, regbank
000000r 1               	.importzp	tmp1, tmp2, tmp3, tmp4, ptr1, ptr2, ptr3, ptr4
000000r 1               	.macpack	longbranch
000000r 2               .macro  jeq     Target
000000r 2                       .if     .match(Target, 0)
000000r 2                       bne     *+5
000000r 2                       jmp     Target
000000r 2                       .elseif .def(Target) .and .const((*-2)-(Target)) .and ((*+2)-(Target) <= 127)
000000r 2                               beq     Target
000000r 2                       .else
000000r 2                               bne     *+5
000000r 2                               jmp     Target
000000r 2                       .endif
000000r 2               .endmacro
000000r 2               .macro  jne     Target
000000r 2                       .if     .match(Target, 0)
000000r 2                               beq     *+5
000000r 2                               jmp     Target
000000r 2                       .elseif .def(Target) .and .const((*-2)-(Target)) .and ((*+2)-(Target) <= 127)
000000r 2                               bne     Target
000000r 2                       .else
000000r 2                               beq     *+5
000000r 2                               jmp     Target
000000r 2                       .endif
000000r 2               .endmacro
000000r 2               .macro  jmi     Target
000000r 2                       .if     .match(Target, 0)
000000r 2                               bpl     *+5
000000r 2                               jmp     Target
000000r 2                       .elseif .def(Target) .and .const((*-2)-(Target)) .and ((*+2)-(Target) <= 127)
000000r 2                               bmi     Target
000000r 2                       .else
000000r 2                               bpl     *+5
000000r 2                               jmp     Target
000000r 2                       .endif
000000r 2               .endmacro
000000r 2               .macro  jpl     Target
000000r 2                       .if     .match(Target, 0)
000000r 2                               bmi     *+5
000000r 2                               jmp     Target
000000r 2                       .elseif .def(Target) .and .const((*-2)-(Target)) .and ((*+2)-(Target) <= 127)
000000r 2                               bpl     Target
000000r 2                       .else
000000r 2                               bmi     *+5
000000r 2                               jmp     Target
000000r 2                       .endif
000000r 2               .endmacro
000000r 2               .macro  jcs     Target
000000r 2                       .if     .match(Target, 0)
000000r 2                               bcc     *+5
000000r 2                               jmp     Target
000000r 2                       .elseif .def(Target) .and .const((*-2)-(Target)) .and ((*+2)-(Target) <= 127)
000000r 2                               bcs     Target
000000r 2                       .else
000000r 2                               bcc     *+5
000000r 2                               jmp     Target
000000r 2                       .endif
000000r 2               .endmacro
000000r 2               .macro  jcc     Target
000000r 2                       .if     .match(Target, 0)
000000r 2                               bcs     *+5
000000r 2                               jmp     Target
000000r 2                       .elseif .def(Target) .and .const((*-2)-(Target)) .and ((*+2)-(Target) <= 127)
000000r 2                               bcc     Target
000000r 2                       .else
000000r 2                               bcs     *+5
000000r 2                               jmp     Target
000000r 2                       .endif
000000r 2               .endmacro
000000r 2               .macro  jvs     Target
000000r 2                       .if     .match(Target, 0)
000000r 2                               bvc     *+5
000000r 2                               jmp     Target
000000r 2                       .elseif .def(Target) .and .const((*-2)-(Target)) .and ((*+2)-(Target) <= 127)
000000r 2                               bvs     Target
000000r 2                       .else
000000r 2                               bvc     *+5
000000r 2                               jmp     Target
000000r 2                       .endif
000000r 2               .endmacro
000000r 2               .macro  jvc     Target
000000r 2                       .if     .match(Target, 0)
000000r 2                               bvs     *+5
000000r 2                               jmp     Target
000000r 2                       .elseif .def(Target) .and .const((*-2)-(Target)) .and ((*+2)-(Target) <= 127)
000000r 2                               bvc     Target
000000r 2                       .else
000000r 2                               bvs     *+5
000000r 2                               jmp     Target
000000r 2                       .endif
000000r 2               .endmacro
000000r 2               
000000r 1               	.dbg		file, "C:\Users\Alex\Chased3D\maze.c", 7236, 1788475720
000000r 1               	.dbg		file, "C:\tools\cc65\include/fcntl.h", 3550, 1786840065
000000r 1               	.dbg		file, "C:\tools\cc65\include/unistd.h", 4340, 1786840065
000000r 1               	.dbg		file, "C:\Users\Alex\Chased3D/maze.h", 550, 1787868964
000000r 1               	.import		_open
000000r 1               	.import		_close
000000r 1               	.import		_read
000000r 1               	.export		_maze_map
000000r 1               	.export		_maze_row_lo
000000r 1               	.export		_maze_row_hi
000000r 1               	.export		_maze_exit_col
000000r 1               	.export		_maze_exit_row
000000r 1               	.export		_maze_exit_found
000000r 1               	.export		_maze_exit_open
000000r 1               	.export		_maze_load_level
000000r 1               	.export		_maze_solid
000000r 1               	.export		_maze_set_exit_open
000000r 1               
000000r 1               .segment	"RODATA"
000000r 1               
000000r 1               _level1_data:
000000r 1  01           	.byte	$01
000001r 1  01           	.byte	$01
000002r 1  01           	.byte	$01
000003r 1  01           	.byte	$01
000004r 1  01           	.byte	$01
000005r 1  01           	.byte	$01
000006r 1  01           	.byte	$01
000007r 1  01           	.byte	$01
000008r 1  05           	.byte	$05
000009r 1  05           	.byte	$05
00000Ar 1  05           	.byte	$05
00000Br 1  01           	.byte	$01
00000Cr 1  01           	.byte	$01
00000Dr 1  01           	.byte	$01
00000Er 1  01           	.byte	$01
00000Fr 1  01           	.byte	$01
000010r 1  01           	.byte	$01
000011r 1  01           	.byte	$01
000012r 1  01           	.byte	$01
000013r 1  01           	.byte	$01
000014r 1  01           	.byte	$01
000015r 1  00           	.byte	$00
000016r 1  00           	.byte	$00
000017r 1  00           	.byte	$00
000018r 1  00           	.byte	$00
000019r 1  00           	.byte	$00
00001Ar 1  00           	.byte	$00
00001Br 1  00           	.byte	$00
00001Cr 1  00           	.byte	$00
00001Dr 1  00           	.byte	$00
00001Er 1  00           	.byte	$00
00001Fr 1  00           	.byte	$00
000020r 1  00           	.byte	$00
000021r 1  00           	.byte	$00
000022r 1  00           	.byte	$00
000023r 1  00           	.byte	$00
000024r 1  00           	.byte	$00
000025r 1  00           	.byte	$00
000026r 1  00           	.byte	$00
000027r 1  01           	.byte	$01
000028r 1  01           	.byte	$01
000029r 1  00           	.byte	$00
00002Ar 1  00           	.byte	$00
00002Br 1  00           	.byte	$00
00002Cr 1  00           	.byte	$00
00002Dr 1  00           	.byte	$00
00002Er 1  00           	.byte	$00
00002Fr 1  00           	.byte	$00
000030r 1  00           	.byte	$00
000031r 1  00           	.byte	$00
000032r 1  00           	.byte	$00
000033r 1  00           	.byte	$00
000034r 1  00           	.byte	$00
000035r 1  00           	.byte	$00
000036r 1  00           	.byte	$00
000037r 1  00           	.byte	$00
000038r 1  00           	.byte	$00
000039r 1  00           	.byte	$00
00003Ar 1  00           	.byte	$00
00003Br 1  01           	.byte	$01
00003Cr 1  01           	.byte	$01
00003Dr 1  00           	.byte	$00
00003Er 1  00           	.byte	$00
00003Fr 1  00           	.byte	$00
000040r 1  00           	.byte	$00
000041r 1  00           	.byte	$00
000042r 1  00           	.byte	$00
000043r 1  00           	.byte	$00
000044r 1  00           	.byte	$00
000045r 1  00           	.byte	$00
000046r 1  00           	.byte	$00
000047r 1  00           	.byte	$00
000048r 1  00           	.byte	$00
000049r 1  00           	.byte	$00
00004Ar 1  00           	.byte	$00
00004Br 1  00           	.byte	$00
00004Cr 1  00           	.byte	$00
00004Dr 1  00           	.byte	$00
00004Er 1  00           	.byte	$00
00004Fr 1  01           	.byte	$01
000050r 1  01           	.byte	$01
000051r 1  00           	.byte	$00
000052r 1  00           	.byte	$00
000053r 1  00           	.byte	$00
000054r 1  00           	.byte	$00
000055r 1  00           	.byte	$00
000056r 1  00           	.byte	$00
000057r 1  00           	.byte	$00
000058r 1  00           	.byte	$00
000059r 1  00           	.byte	$00
00005Ar 1  00           	.byte	$00
00005Br 1  00           	.byte	$00
00005Cr 1  00           	.byte	$00
00005Dr 1  00           	.byte	$00
00005Er 1  00           	.byte	$00
00005Fr 1  00           	.byte	$00
000060r 1  00           	.byte	$00
000061r 1  00           	.byte	$00
000062r 1  00           	.byte	$00
000063r 1  01           	.byte	$01
000064r 1  01           	.byte	$01
000065r 1  03           	.byte	$03
000066r 1  00           	.byte	$00
000067r 1  00           	.byte	$00
000068r 1  00           	.byte	$00
000069r 1  00           	.byte	$00
00006Ar 1  00           	.byte	$00
00006Br 1  00           	.byte	$00
00006Cr 1  00           	.byte	$00
00006Dr 1  00           	.byte	$00
00006Er 1  00           	.byte	$00
00006Fr 1  00           	.byte	$00
000070r 1  00           	.byte	$00
000071r 1  00           	.byte	$00
000072r 1  00           	.byte	$00
000073r 1  00           	.byte	$00
000074r 1  00           	.byte	$00
000075r 1  00           	.byte	$00
000076r 1  00           	.byte	$00
000077r 1  01           	.byte	$01
000078r 1  01           	.byte	$01
000079r 1  04           	.byte	$04
00007Ar 1  00           	.byte	$00
00007Br 1  00           	.byte	$00
00007Cr 1  00           	.byte	$00
00007Dr 1  00           	.byte	$00
00007Er 1  01           	.byte	$01
00007Fr 1  01           	.byte	$01
000080r 1  01           	.byte	$01
000081r 1  01           	.byte	$01
000082r 1  01           	.byte	$01
000083r 1  01           	.byte	$01
000084r 1  01           	.byte	$01
000085r 1  01           	.byte	$01
000086r 1  00           	.byte	$00
000087r 1  00           	.byte	$00
000088r 1  00           	.byte	$00
000089r 1  00           	.byte	$00
00008Ar 1  00           	.byte	$00
00008Br 1  01           	.byte	$01
00008Cr 1  01           	.byte	$01
00008Dr 1  06           	.byte	$06
00008Er 1  06           	.byte	$06
00008Fr 1  06           	.byte	$06
000090r 1  06           	.byte	$06
000091r 1  06           	.byte	$06
000092r 1  01           	.byte	$01
000093r 1  02           	.byte	$02
000094r 1  02           	.byte	$02
000095r 1  02           	.byte	$02
000096r 1  02           	.byte	$02
000097r 1  02           	.byte	$02
000098r 1  02           	.byte	$02
000099r 1  01           	.byte	$01
00009Ar 1  00           	.byte	$00
00009Br 1  00           	.byte	$00
00009Cr 1  00           	.byte	$00
00009Dr 1  00           	.byte	$00
00009Er 1  00           	.byte	$00
00009Fr 1  01           	.byte	$01
0000A0r 1  01           	.byte	$01
0000A1r 1  00           	.byte	$00
0000A2r 1  00           	.byte	$00
0000A3r 1  00           	.byte	$00
0000A4r 1  00           	.byte	$00
0000A5r 1  00           	.byte	$00
0000A6r 1  01           	.byte	$01
0000A7r 1  02           	.byte	$02
0000A8r 1  02           	.byte	$02
0000A9r 1  02           	.byte	$02
0000AAr 1  02           	.byte	$02
0000ABr 1  02           	.byte	$02
0000ACr 1  02           	.byte	$02
0000ADr 1  01           	.byte	$01
0000AEr 1  00           	.byte	$00
0000AFr 1  00           	.byte	$00
0000B0r 1  00           	.byte	$00
0000B1r 1  00           	.byte	$00
0000B2r 1  00           	.byte	$00
0000B3r 1  01           	.byte	$01
0000B4r 1  01           	.byte	$01
0000B5r 1  00           	.byte	$00
0000B6r 1  00           	.byte	$00
0000B7r 1  00           	.byte	$00
0000B8r 1  00           	.byte	$00
0000B9r 1  00           	.byte	$00
0000BAr 1  01           	.byte	$01
0000BBr 1  02           	.byte	$02
0000BCr 1  02           	.byte	$02
0000BDr 1  02           	.byte	$02
0000BEr 1  02           	.byte	$02
0000BFr 1  02           	.byte	$02
0000C0r 1  02           	.byte	$02
0000C1r 1  01           	.byte	$01
0000C2r 1  00           	.byte	$00
0000C3r 1  00           	.byte	$00
0000C4r 1  00           	.byte	$00
0000C5r 1  00           	.byte	$00
0000C6r 1  03           	.byte	$03
0000C7r 1  01           	.byte	$01
0000C8r 1  01           	.byte	$01
0000C9r 1  00           	.byte	$00
0000CAr 1  00           	.byte	$00
0000CBr 1  00           	.byte	$00
0000CCr 1  00           	.byte	$00
0000CDr 1  00           	.byte	$00
0000CEr 1  01           	.byte	$01
0000CFr 1  02           	.byte	$02
0000D0r 1  02           	.byte	$02
0000D1r 1  02           	.byte	$02
0000D2r 1  02           	.byte	$02
0000D3r 1  02           	.byte	$02
0000D4r 1  02           	.byte	$02
0000D5r 1  01           	.byte	$01
0000D6r 1  00           	.byte	$00
0000D7r 1  00           	.byte	$00
0000D8r 1  00           	.byte	$00
0000D9r 1  00           	.byte	$00
0000DAr 1  04           	.byte	$04
0000DBr 1  01           	.byte	$01
0000DCr 1  01           	.byte	$01
0000DDr 1  00           	.byte	$00
0000DEr 1  00           	.byte	$00
0000DFr 1  00           	.byte	$00
0000E0r 1  00           	.byte	$00
0000E1r 1  00           	.byte	$00
0000E2r 1  01           	.byte	$01
0000E3r 1  02           	.byte	$02
0000E4r 1  02           	.byte	$02
0000E5r 1  01           	.byte	$01
0000E6r 1  01           	.byte	$01
0000E7r 1  01           	.byte	$01
0000E8r 1  01           	.byte	$01
0000E9r 1  01           	.byte	$01
0000EAr 1  00           	.byte	$00
0000EBr 1  00           	.byte	$00
0000ECr 1  00           	.byte	$00
0000EDr 1  00           	.byte	$00
0000EEr 1  00           	.byte	$00
0000EFr 1  01           	.byte	$01
0000F0r 1  01           	.byte	$01
0000F1r 1  00           	.byte	$00
0000F2r 1  00           	.byte	$00
0000F3r 1  00           	.byte	$00
0000F4r 1  00           	.byte	$00
0000F5r 1  03           	.byte	$03
0000F6r 1  01           	.byte	$01
0000F7r 1  02           	.byte	$02
0000F8r 1  02           	.byte	$02
0000F9r 1  01           	.byte	$01
0000FAr 1  00           	.byte	$00
0000FBr 1  00           	.byte	$00
0000FCr 1  00           	.byte	$00
0000FDr 1  00           	.byte	$00
0000FEr 1  00           	.byte	$00
0000FFr 1  00           	.byte	$00
000100r 1  00           	.byte	$00
000101r 1  00           	.byte	$00
000102r 1  00           	.byte	$00
000103r 1  01           	.byte	$01
000104r 1  01           	.byte	$01
000105r 1  00           	.byte	$00
000106r 1  00           	.byte	$00
000107r 1  00           	.byte	$00
000108r 1  00           	.byte	$00
000109r 1  04           	.byte	$04
00010Ar 1  01           	.byte	$01
00010Br 1  02           	.byte	$02
00010Cr 1  02           	.byte	$02
00010Dr 1  01           	.byte	$01
00010Er 1  03           	.byte	$03
00010Fr 1  00           	.byte	$00
000110r 1  00           	.byte	$00
000111r 1  00           	.byte	$00
000112r 1  00           	.byte	$00
000113r 1  00           	.byte	$00
000114r 1  00           	.byte	$00
000115r 1  00           	.byte	$00
000116r 1  00           	.byte	$00
000117r 1  01           	.byte	$01
000118r 1  01           	.byte	$01
000119r 1  00           	.byte	$00
00011Ar 1  00           	.byte	$00
00011Br 1  00           	.byte	$00
00011Cr 1  00           	.byte	$00
00011Dr 1  00           	.byte	$00
00011Er 1  01           	.byte	$01
00011Fr 1  02           	.byte	$02
000120r 1  02           	.byte	$02
000121r 1  01           	.byte	$01
000122r 1  04           	.byte	$04
000123r 1  00           	.byte	$00
000124r 1  00           	.byte	$00
000125r 1  00           	.byte	$00
000126r 1  00           	.byte	$00
000127r 1  00           	.byte	$00
000128r 1  00           	.byte	$00
000129r 1  00           	.byte	$00
00012Ar 1  00           	.byte	$00
00012Br 1  01           	.byte	$01
00012Cr 1  01           	.byte	$01
00012Dr 1  00           	.byte	$00
00012Er 1  00           	.byte	$00
00012Fr 1  00           	.byte	$00
000130r 1  00           	.byte	$00
000131r 1  00           	.byte	$00
000132r 1  01           	.byte	$01
000133r 1  02           	.byte	$02
000134r 1  02           	.byte	$02
000135r 1  01           	.byte	$01
000136r 1  00           	.byte	$00
000137r 1  00           	.byte	$00
000138r 1  00           	.byte	$00
000139r 1  00           	.byte	$00
00013Ar 1  00           	.byte	$00
00013Br 1  01           	.byte	$01
00013Cr 1  01           	.byte	$01
00013Dr 1  01           	.byte	$01
00013Er 1  01           	.byte	$01
00013Fr 1  01           	.byte	$01
000140r 1  01           	.byte	$01
000141r 1  00           	.byte	$00
000142r 1  00           	.byte	$00
000143r 1  00           	.byte	$00
000144r 1  00           	.byte	$00
000145r 1  00           	.byte	$00
000146r 1  01           	.byte	$01
000147r 1  02           	.byte	$02
000148r 1  02           	.byte	$02
000149r 1  01           	.byte	$01
00014Ar 1  00           	.byte	$00
00014Br 1  00           	.byte	$00
00014Cr 1  00           	.byte	$00
00014Dr 1  00           	.byte	$00
00014Er 1  00           	.byte	$00
00014Fr 1  01           	.byte	$01
000150r 1  02           	.byte	$02
000151r 1  02           	.byte	$02
000152r 1  02           	.byte	$02
000153r 1  01           	.byte	$01
000154r 1  01           	.byte	$01
000155r 1  00           	.byte	$00
000156r 1  00           	.byte	$00
000157r 1  00           	.byte	$00
000158r 1  00           	.byte	$00
000159r 1  00           	.byte	$00
00015Ar 1  01           	.byte	$01
00015Br 1  02           	.byte	$02
00015Cr 1  02           	.byte	$02
00015Dr 1  01           	.byte	$01
00015Er 1  00           	.byte	$00
00015Fr 1  00           	.byte	$00
000160r 1  00           	.byte	$00
000161r 1  00           	.byte	$00
000162r 1  00           	.byte	$00
000163r 1  01           	.byte	$01
000164r 1  02           	.byte	$02
000165r 1  02           	.byte	$02
000166r 1  02           	.byte	$02
000167r 1  01           	.byte	$01
000168r 1  01           	.byte	$01
000169r 1  00           	.byte	$00
00016Ar 1  00           	.byte	$00
00016Br 1  00           	.byte	$00
00016Cr 1  00           	.byte	$00
00016Dr 1  00           	.byte	$00
00016Er 1  01           	.byte	$01
00016Fr 1  02           	.byte	$02
000170r 1  02           	.byte	$02
000171r 1  01           	.byte	$01
000172r 1  06           	.byte	$06
000173r 1  06           	.byte	$06
000174r 1  06           	.byte	$06
000175r 1  06           	.byte	$06
000176r 1  06           	.byte	$06
000177r 1  01           	.byte	$01
000178r 1  02           	.byte	$02
000179r 1  02           	.byte	$02
00017Ar 1  02           	.byte	$02
00017Br 1  01           	.byte	$01
00017Cr 1  01           	.byte	$01
00017Dr 1  01           	.byte	$01
00017Er 1  01           	.byte	$01
00017Fr 1  00           	.byte	$00
000180r 1  00           	.byte	$00
000181r 1  00           	.byte	$00
000182r 1  01           	.byte	$01
000183r 1  02           	.byte	$02
000184r 1  02           	.byte	$02
000185r 1  01           	.byte	$01
000186r 1  00           	.byte	$00
000187r 1  00           	.byte	$00
000188r 1  00           	.byte	$00
000189r 1  00           	.byte	$00
00018Ar 1  00           	.byte	$00
00018Br 1  01           	.byte	$01
00018Cr 1  02           	.byte	$02
00018Dr 1  02           	.byte	$02
00018Er 1  02           	.byte	$02
00018Fr 1  01           	.byte	$01
000190r 1  01           	.byte	$01
000191r 1  02           	.byte	$02
000192r 1  01           	.byte	$01
000193r 1  00           	.byte	$00
000194r 1  00           	.byte	$00
000195r 1  00           	.byte	$00
000196r 1  00           	.byte	$00
000197r 1  01           	.byte	$01
000198r 1  02           	.byte	$02
000199r 1  01           	.byte	$01
00019Ar 1  00           	.byte	$00
00019Br 1  00           	.byte	$00
00019Cr 1  00           	.byte	$00
00019Dr 1  00           	.byte	$00
00019Er 1  00           	.byte	$00
00019Fr 1  01           	.byte	$01
0001A0r 1  02           	.byte	$02
0001A1r 1  02           	.byte	$02
0001A2r 1  02           	.byte	$02
0001A3r 1  01           	.byte	$01
0001A4r 1  01           	.byte	$01
0001A5r 1  02           	.byte	$02
0001A6r 1  01           	.byte	$01
0001A7r 1  00           	.byte	$00
0001A8r 1  00           	.byte	$00
0001A9r 1  00           	.byte	$00
0001AAr 1  00           	.byte	$00
0001ABr 1  01           	.byte	$01
0001ACr 1  02           	.byte	$02
0001ADr 1  01           	.byte	$01
0001AEr 1  00           	.byte	$00
0001AFr 1  00           	.byte	$00
0001B0r 1  00           	.byte	$00
0001B1r 1  00           	.byte	$00
0001B2r 1  00           	.byte	$00
0001B3r 1  01           	.byte	$01
0001B4r 1  01           	.byte	$01
0001B5r 1  01           	.byte	$01
0001B6r 1  01           	.byte	$01
0001B7r 1  01           	.byte	$01
0001B8r 1  01           	.byte	$01
0001B9r 1  02           	.byte	$02
0001BAr 1  01           	.byte	$01
0001BBr 1  00           	.byte	$00
0001BCr 1  00           	.byte	$00
0001BDr 1  00           	.byte	$00
0001BEr 1  00           	.byte	$00
0001BFr 1  01           	.byte	$01
0001C0r 1  02           	.byte	$02
0001C1r 1  01           	.byte	$01
0001C2r 1  00           	.byte	$00
0001C3r 1  00           	.byte	$00
0001C4r 1  00           	.byte	$00
0001C5r 1  00           	.byte	$00
0001C6r 1  00           	.byte	$00
0001C7r 1  00           	.byte	$00
0001C8r 1  00           	.byte	$00
0001C9r 1  00           	.byte	$00
0001CAr 1  03           	.byte	$03
0001CBr 1  01           	.byte	$01
0001CCr 1  01           	.byte	$01
0001CDr 1  02           	.byte	$02
0001CEr 1  01           	.byte	$01
0001CFr 1  00           	.byte	$00
0001D0r 1  00           	.byte	$00
0001D1r 1  00           	.byte	$00
0001D2r 1  00           	.byte	$00
0001D3r 1  01           	.byte	$01
0001D4r 1  02           	.byte	$02
0001D5r 1  01           	.byte	$01
0001D6r 1  00           	.byte	$00
0001D7r 1  00           	.byte	$00
0001D8r 1  00           	.byte	$00
0001D9r 1  00           	.byte	$00
0001DAr 1  00           	.byte	$00
0001DBr 1  00           	.byte	$00
0001DCr 1  00           	.byte	$00
0001DDr 1  00           	.byte	$00
0001DEr 1  04           	.byte	$04
0001DFr 1  01           	.byte	$01
0001E0r 1  01           	.byte	$01
0001E1r 1  01           	.byte	$01
0001E2r 1  01           	.byte	$01
0001E3r 1  00           	.byte	$00
0001E4r 1  00           	.byte	$00
0001E5r 1  00           	.byte	$00
0001E6r 1  00           	.byte	$00
0001E7r 1  01           	.byte	$01
0001E8r 1  02           	.byte	$02
0001E9r 1  01           	.byte	$01
0001EAr 1  00           	.byte	$00
0001EBr 1  00           	.byte	$00
0001ECr 1  00           	.byte	$00
0001EDr 1  00           	.byte	$00
0001EEr 1  00           	.byte	$00
0001EFr 1  00           	.byte	$00
0001F0r 1  00           	.byte	$00
0001F1r 1  00           	.byte	$00
0001F2r 1  00           	.byte	$00
0001F3r 1  01           	.byte	$01
0001F4r 1  01           	.byte	$01
0001F5r 1  03           	.byte	$03
0001F6r 1  00           	.byte	$00
0001F7r 1  00           	.byte	$00
0001F8r 1  00           	.byte	$00
0001F9r 1  00           	.byte	$00
0001FAr 1  00           	.byte	$00
0001FBr 1  01           	.byte	$01
0001FCr 1  02           	.byte	$02
0001FDr 1  01           	.byte	$01
0001FEr 1  01           	.byte	$01
0001FFr 1  01           	.byte	$01
000200r 1  01           	.byte	$01
000201r 1  00           	.byte	$00
000202r 1  00           	.byte	$00
000203r 1  00           	.byte	$00
000204r 1  00           	.byte	$00
000205r 1  00           	.byte	$00
000206r 1  00           	.byte	$00
000207r 1  01           	.byte	$01
000208r 1  01           	.byte	$01
000209r 1  04           	.byte	$04
00020Ar 1  00           	.byte	$00
00020Br 1  00           	.byte	$00
00020Cr 1  00           	.byte	$00
00020Dr 1  00           	.byte	$00
00020Er 1  00           	.byte	$00
00020Fr 1  01           	.byte	$01
000210r 1  02           	.byte	$02
000211r 1  02           	.byte	$02
000212r 1  02           	.byte	$02
000213r 1  02           	.byte	$02
000214r 1  01           	.byte	$01
000215r 1  00           	.byte	$00
000216r 1  00           	.byte	$00
000217r 1  00           	.byte	$00
000218r 1  00           	.byte	$00
000219r 1  00           	.byte	$00
00021Ar 1  00           	.byte	$00
00021Br 1  01           	.byte	$01
00021Cr 1  01           	.byte	$01
00021Dr 1  00           	.byte	$00
00021Er 1  00           	.byte	$00
00021Fr 1  00           	.byte	$00
000220r 1  00           	.byte	$00
000221r 1  00           	.byte	$00
000222r 1  00           	.byte	$00
000223r 1  01           	.byte	$01
000224r 1  02           	.byte	$02
000225r 1  02           	.byte	$02
000226r 1  02           	.byte	$02
000227r 1  02           	.byte	$02
000228r 1  01           	.byte	$01
000229r 1  00           	.byte	$00
00022Ar 1  00           	.byte	$00
00022Br 1  00           	.byte	$00
00022Cr 1  00           	.byte	$00
00022Dr 1  00           	.byte	$00
00022Er 1  00           	.byte	$00
00022Fr 1  01           	.byte	$01
000230r 1  01           	.byte	$01
000231r 1  00           	.byte	$00
000232r 1  00           	.byte	$00
000233r 1  00           	.byte	$00
000234r 1  00           	.byte	$00
000235r 1  00           	.byte	$00
000236r 1  00           	.byte	$00
000237r 1  01           	.byte	$01
000238r 1  02           	.byte	$02
000239r 1  02           	.byte	$02
00023Ar 1  02           	.byte	$02
00023Br 1  02           	.byte	$02
00023Cr 1  01           	.byte	$01
00023Dr 1  00           	.byte	$00
00023Er 1  00           	.byte	$00
00023Fr 1  00           	.byte	$00
000240r 1  00           	.byte	$00
000241r 1  00           	.byte	$00
000242r 1  00           	.byte	$00
000243r 1  01           	.byte	$01
000244r 1  01           	.byte	$01
000245r 1  00           	.byte	$00
000246r 1  00           	.byte	$00
000247r 1  00           	.byte	$00
000248r 1  00           	.byte	$00
000249r 1  00           	.byte	$00
00024Ar 1  00           	.byte	$00
00024Br 1  01           	.byte	$01
00024Cr 1  01           	.byte	$01
00024Dr 1  01           	.byte	$01
00024Er 1  01           	.byte	$01
00024Fr 1  01           	.byte	$01
000250r 1  01           	.byte	$01
000251r 1  00           	.byte	$00
000252r 1  00           	.byte	$00
000253r 1  00           	.byte	$00
000254r 1  00           	.byte	$00
000255r 1  00           	.byte	$00
000256r 1  00           	.byte	$00
000257r 1  01           	.byte	$01
000258r 1  01           	.byte	$01
000259r 1  00           	.byte	$00
00025Ar 1  00           	.byte	$00
00025Br 1  00           	.byte	$00
00025Cr 1  00           	.byte	$00
00025Dr 1  00           	.byte	$00
00025Er 1  00           	.byte	$00
00025Fr 1  00           	.byte	$00
000260r 1  00           	.byte	$00
000261r 1  00           	.byte	$00
000262r 1  00           	.byte	$00
000263r 1  00           	.byte	$00
000264r 1  00           	.byte	$00
000265r 1  00           	.byte	$00
000266r 1  00           	.byte	$00
000267r 1  00           	.byte	$00
000268r 1  00           	.byte	$00
000269r 1  00           	.byte	$00
00026Ar 1  00           	.byte	$00
00026Br 1  01           	.byte	$01
00026Cr 1  01           	.byte	$01
00026Dr 1  01           	.byte	$01
00026Er 1  00           	.byte	$00
00026Fr 1  00           	.byte	$00
000270r 1  00           	.byte	$00
000271r 1  00           	.byte	$00
000272r 1  00           	.byte	$00
000273r 1  00           	.byte	$00
000274r 1  00           	.byte	$00
000275r 1  00           	.byte	$00
000276r 1  00           	.byte	$00
000277r 1  00           	.byte	$00
000278r 1  00           	.byte	$00
000279r 1  00           	.byte	$00
00027Ar 1  00           	.byte	$00
00027Br 1  00           	.byte	$00
00027Cr 1  00           	.byte	$00
00027Dr 1  00           	.byte	$00
00027Er 1  00           	.byte	$00
00027Fr 1  01           	.byte	$01
000280r 1  01           	.byte	$01
000281r 1  02           	.byte	$02
000282r 1  01           	.byte	$01
000283r 1  00           	.byte	$00
000284r 1  00           	.byte	$00
000285r 1  00           	.byte	$00
000286r 1  00           	.byte	$00
000287r 1  00           	.byte	$00
000288r 1  00           	.byte	$00
000289r 1  00           	.byte	$00
00028Ar 1  00           	.byte	$00
00028Br 1  00           	.byte	$00
00028Cr 1  00           	.byte	$00
00028Dr 1  00           	.byte	$00
00028Er 1  00           	.byte	$00
00028Fr 1  00           	.byte	$00
000290r 1  00           	.byte	$00
000291r 1  00           	.byte	$00
000292r 1  00           	.byte	$00
000293r 1  01           	.byte	$01
000294r 1  01           	.byte	$01
000295r 1  02           	.byte	$02
000296r 1  02           	.byte	$02
000297r 1  01           	.byte	$01
000298r 1  00           	.byte	$00
000299r 1  00           	.byte	$00
00029Ar 1  00           	.byte	$00
00029Br 1  00           	.byte	$00
00029Cr 1  00           	.byte	$00
00029Dr 1  00           	.byte	$00
00029Er 1  00           	.byte	$00
00029Fr 1  00           	.byte	$00
0002A0r 1  00           	.byte	$00
0002A1r 1  00           	.byte	$00
0002A2r 1  00           	.byte	$00
0002A3r 1  00           	.byte	$00
0002A4r 1  00           	.byte	$00
0002A5r 1  00           	.byte	$00
0002A6r 1  00           	.byte	$00
0002A7r 1  01           	.byte	$01
0002A8r 1  01           	.byte	$01
0002A9r 1  02           	.byte	$02
0002AAr 1  02           	.byte	$02
0002ABr 1  02           	.byte	$02
0002ACr 1  01           	.byte	$01
0002ADr 1  00           	.byte	$00
0002AEr 1  00           	.byte	$00
0002AFr 1  00           	.byte	$00
0002B0r 1  00           	.byte	$00
0002B1r 1  00           	.byte	$00
0002B2r 1  00           	.byte	$00
0002B3r 1  00           	.byte	$00
0002B4r 1  00           	.byte	$00
0002B5r 1  00           	.byte	$00
0002B6r 1  00           	.byte	$00
0002B7r 1  00           	.byte	$00
0002B8r 1  00           	.byte	$00
0002B9r 1  00           	.byte	$00
0002BAr 1  00           	.byte	$00
0002BBr 1  01           	.byte	$01
0002BCr 1  01           	.byte	$01
0002BDr 1  02           	.byte	$02
0002BEr 1  02           	.byte	$02
0002BFr 1  02           	.byte	$02
0002C0r 1  01           	.byte	$01
0002C1r 1  00           	.byte	$00
0002C2r 1  00           	.byte	$00
0002C3r 1  00           	.byte	$00
0002C4r 1  00           	.byte	$00
0002C5r 1  01           	.byte	$01
0002C6r 1  01           	.byte	$01
0002C7r 1  01           	.byte	$01
0002C8r 1  01           	.byte	$01
0002C9r 1  01           	.byte	$01
0002CAr 1  01           	.byte	$01
0002CBr 1  00           	.byte	$00
0002CCr 1  00           	.byte	$00
0002CDr 1  00           	.byte	$00
0002CEr 1  00           	.byte	$00
0002CFr 1  01           	.byte	$01
0002D0r 1  01           	.byte	$01
0002D1r 1  02           	.byte	$02
0002D2r 1  02           	.byte	$02
0002D3r 1  02           	.byte	$02
0002D4r 1  01           	.byte	$01
0002D5r 1  00           	.byte	$00
0002D6r 1  00           	.byte	$00
0002D7r 1  00           	.byte	$00
0002D8r 1  00           	.byte	$00
0002D9r 1  01           	.byte	$01
0002DAr 1  02           	.byte	$02
0002DBr 1  02           	.byte	$02
0002DCr 1  02           	.byte	$02
0002DDr 1  02           	.byte	$02
0002DEr 1  01           	.byte	$01
0002DFr 1  01           	.byte	$01
0002E0r 1  00           	.byte	$00
0002E1r 1  00           	.byte	$00
0002E2r 1  00           	.byte	$00
0002E3r 1  01           	.byte	$01
0002E4r 1  01           	.byte	$01
0002E5r 1  02           	.byte	$02
0002E6r 1  02           	.byte	$02
0002E7r 1  01           	.byte	$01
0002E8r 1  00           	.byte	$00
0002E9r 1  00           	.byte	$00
0002EAr 1  00           	.byte	$00
0002EBr 1  00           	.byte	$00
0002ECr 1  01           	.byte	$01
0002EDr 1  02           	.byte	$02
0002EEr 1  02           	.byte	$02
0002EFr 1  02           	.byte	$02
0002F0r 1  02           	.byte	$02
0002F1r 1  02           	.byte	$02
0002F2r 1  02           	.byte	$02
0002F3r 1  01           	.byte	$01
0002F4r 1  00           	.byte	$00
0002F5r 1  00           	.byte	$00
0002F6r 1  00           	.byte	$00
0002F7r 1  01           	.byte	$01
0002F8r 1  01           	.byte	$01
0002F9r 1  02           	.byte	$02
0002FAr 1  01           	.byte	$01
0002FBr 1  00           	.byte	$00
0002FCr 1  00           	.byte	$00
0002FDr 1  00           	.byte	$00
0002FEr 1  00           	.byte	$00
0002FFr 1  01           	.byte	$01
000300r 1  02           	.byte	$02
000301r 1  02           	.byte	$02
000302r 1  02           	.byte	$02
000303r 1  02           	.byte	$02
000304r 1  02           	.byte	$02
000305r 1  02           	.byte	$02
000306r 1  02           	.byte	$02
000307r 1  01           	.byte	$01
000308r 1  00           	.byte	$00
000309r 1  00           	.byte	$00
00030Ar 1  00           	.byte	$00
00030Br 1  01           	.byte	$01
00030Cr 1  01           	.byte	$01
00030Dr 1  01           	.byte	$01
00030Er 1  00           	.byte	$00
00030Fr 1  00           	.byte	$00
000310r 1  00           	.byte	$00
000311r 1  00           	.byte	$00
000312r 1  01           	.byte	$01
000313r 1  02           	.byte	$02
000314r 1  02           	.byte	$02
000315r 1  02           	.byte	$02
000316r 1  02           	.byte	$02
000317r 1  02           	.byte	$02
000318r 1  02           	.byte	$02
000319r 1  02           	.byte	$02
00031Ar 1  02           	.byte	$02
00031Br 1  01           	.byte	$01
00031Cr 1  00           	.byte	$00
00031Dr 1  00           	.byte	$00
00031Er 1  00           	.byte	$00
00031Fr 1  01           	.byte	$01
000320r 1  01           	.byte	$01
000321r 1  00           	.byte	$00
000322r 1  00           	.byte	$00
000323r 1  00           	.byte	$00
000324r 1  00           	.byte	$00
000325r 1  01           	.byte	$01
000326r 1  02           	.byte	$02
000327r 1  02           	.byte	$02
000328r 1  02           	.byte	$02
000329r 1  02           	.byte	$02
00032Ar 1  02           	.byte	$02
00032Br 1  02           	.byte	$02
00032Cr 1  02           	.byte	$02
00032Dr 1  02           	.byte	$02
00032Er 1  02           	.byte	$02
00032Fr 1  01           	.byte	$01
000330r 1  00           	.byte	$00
000331r 1  00           	.byte	$00
000332r 1  00           	.byte	$00
000333r 1  01           	.byte	$01
000334r 1  01           	.byte	$01
000335r 1  03           	.byte	$03
000336r 1  00           	.byte	$00
000337r 1  00           	.byte	$00
000338r 1  01           	.byte	$01
000339r 1  02           	.byte	$02
00033Ar 1  02           	.byte	$02
00033Br 1  02           	.byte	$02
00033Cr 1  02           	.byte	$02
00033Dr 1  02           	.byte	$02
00033Er 1  02           	.byte	$02
00033Fr 1  02           	.byte	$02
000340r 1  02           	.byte	$02
000341r 1  02           	.byte	$02
000342r 1  01           	.byte	$01
000343r 1  00           	.byte	$00
000344r 1  00           	.byte	$00
000345r 1  00           	.byte	$00
000346r 1  00           	.byte	$00
000347r 1  01           	.byte	$01
000348r 1  01           	.byte	$01
000349r 1  04           	.byte	$04
00034Ar 1  00           	.byte	$00
00034Br 1  00           	.byte	$00
00034Cr 1  01           	.byte	$01
00034Dr 1  02           	.byte	$02
00034Er 1  02           	.byte	$02
00034Fr 1  02           	.byte	$02
000350r 1  02           	.byte	$02
000351r 1  02           	.byte	$02
000352r 1  02           	.byte	$02
000353r 1  02           	.byte	$02
000354r 1  02           	.byte	$02
000355r 1  01           	.byte	$01
000356r 1  03           	.byte	$03
000357r 1  00           	.byte	$00
000358r 1  00           	.byte	$00
000359r 1  00           	.byte	$00
00035Ar 1  00           	.byte	$00
00035Br 1  01           	.byte	$01
00035Cr 1  01           	.byte	$01
00035Dr 1  00           	.byte	$00
00035Er 1  00           	.byte	$00
00035Fr 1  00           	.byte	$00
000360r 1  01           	.byte	$01
000361r 1  01           	.byte	$01
000362r 1  02           	.byte	$02
000363r 1  02           	.byte	$02
000364r 1  02           	.byte	$02
000365r 1  02           	.byte	$02
000366r 1  02           	.byte	$02
000367r 1  02           	.byte	$02
000368r 1  01           	.byte	$01
000369r 1  00           	.byte	$00
00036Ar 1  04           	.byte	$04
00036Br 1  00           	.byte	$00
00036Cr 1  00           	.byte	$00
00036Dr 1  00           	.byte	$00
00036Er 1  00           	.byte	$00
00036Fr 1  01           	.byte	$01
000370r 1  01           	.byte	$01
000371r 1  00           	.byte	$00
000372r 1  00           	.byte	$00
000373r 1  00           	.byte	$00
000374r 1  00           	.byte	$00
000375r 1  01           	.byte	$01
000376r 1  02           	.byte	$02
000377r 1  02           	.byte	$02
000378r 1  02           	.byte	$02
000379r 1  02           	.byte	$02
00037Ar 1  02           	.byte	$02
00037Br 1  01           	.byte	$01
00037Cr 1  00           	.byte	$00
00037Dr 1  00           	.byte	$00
00037Er 1  00           	.byte	$00
00037Fr 1  00           	.byte	$00
000380r 1  00           	.byte	$00
000381r 1  00           	.byte	$00
000382r 1  01           	.byte	$01
000383r 1  01           	.byte	$01
000384r 1  01           	.byte	$01
000385r 1  00           	.byte	$00
000386r 1  00           	.byte	$00
000387r 1  00           	.byte	$00
000388r 1  00           	.byte	$00
000389r 1  01           	.byte	$01
00038Ar 1  02           	.byte	$02
00038Br 1  02           	.byte	$02
00038Cr 1  02           	.byte	$02
00038Dr 1  02           	.byte	$02
00038Er 1  02           	.byte	$02
00038Fr 1  01           	.byte	$01
000390r 1  00           	.byte	$00
000391r 1  00           	.byte	$00
000392r 1  00           	.byte	$00
000393r 1  00           	.byte	$00
000394r 1  00           	.byte	$00
000395r 1  01           	.byte	$01
000396r 1  02           	.byte	$02
000397r 1  01           	.byte	$01
000398r 1  01           	.byte	$01
000399r 1  00           	.byte	$00
00039Ar 1  00           	.byte	$00
00039Br 1  00           	.byte	$00
00039Cr 1  00           	.byte	$00
00039Dr 1  01           	.byte	$01
00039Er 1  01           	.byte	$01
00039Fr 1  02           	.byte	$02
0003A0r 1  02           	.byte	$02
0003A1r 1  02           	.byte	$02
0003A2r 1  02           	.byte	$02
0003A3r 1  01           	.byte	$01
0003A4r 1  00           	.byte	$00
0003A5r 1  00           	.byte	$00
0003A6r 1  00           	.byte	$00
0003A7r 1  00           	.byte	$00
0003A8r 1  01           	.byte	$01
0003A9r 1  02           	.byte	$02
0003AAr 1  02           	.byte	$02
0003ABr 1  01           	.byte	$01
0003ACr 1  01           	.byte	$01
0003ADr 1  00           	.byte	$00
0003AEr 1  00           	.byte	$00
0003AFr 1  00           	.byte	$00
0003B0r 1  00           	.byte	$00
0003B1r 1  00           	.byte	$00
0003B2r 1  01           	.byte	$01
0003B3r 1  02           	.byte	$02
0003B4r 1  02           	.byte	$02
0003B5r 1  02           	.byte	$02
0003B6r 1  02           	.byte	$02
0003B7r 1  02           	.byte	$02
0003B8r 1  01           	.byte	$01
0003B9r 1  00           	.byte	$00
0003BAr 1  00           	.byte	$00
0003BBr 1  00           	.byte	$00
0003BCr 1  01           	.byte	$01
0003BDr 1  02           	.byte	$02
0003BEr 1  02           	.byte	$02
0003BFr 1  01           	.byte	$01
0003C0r 1  01           	.byte	$01
0003C1r 1  06           	.byte	$06
0003C2r 1  06           	.byte	$06
0003C3r 1  06           	.byte	$06
0003C4r 1  06           	.byte	$06
0003C5r 1  06           	.byte	$06
0003C6r 1  01           	.byte	$01
0003C7r 1  02           	.byte	$02
0003C8r 1  02           	.byte	$02
0003C9r 1  02           	.byte	$02
0003CAr 1  02           	.byte	$02
0003CBr 1  02           	.byte	$02
0003CCr 1  02           	.byte	$02
0003CDr 1  01           	.byte	$01
0003CEr 1  00           	.byte	$00
0003CFr 1  00           	.byte	$00
0003D0r 1  01           	.byte	$01
0003D1r 1  02           	.byte	$02
0003D2r 1  02           	.byte	$02
0003D3r 1  01           	.byte	$01
0003D4r 1  01           	.byte	$01
0003D5r 1  00           	.byte	$00
0003D6r 1  00           	.byte	$00
0003D7r 1  00           	.byte	$00
0003D8r 1  00           	.byte	$00
0003D9r 1  00           	.byte	$00
0003DAr 1  01           	.byte	$01
0003DBr 1  02           	.byte	$02
0003DCr 1  02           	.byte	$02
0003DDr 1  02           	.byte	$02
0003DEr 1  02           	.byte	$02
0003DFr 1  02           	.byte	$02
0003E0r 1  02           	.byte	$02
0003E1r 1  01           	.byte	$01
0003E2r 1  00           	.byte	$00
0003E3r 1  00           	.byte	$00
0003E4r 1  01           	.byte	$01
0003E5r 1  02           	.byte	$02
0003E6r 1  02           	.byte	$02
0003E7r 1  01           	.byte	$01
0003E8r 1  01           	.byte	$01
0003E9r 1  00           	.byte	$00
0003EAr 1  00           	.byte	$00
0003EBr 1  00           	.byte	$00
0003ECr 1  00           	.byte	$00
0003EDr 1  00           	.byte	$00
0003EEr 1  01           	.byte	$01
0003EFr 1  02           	.byte	$02
0003F0r 1  02           	.byte	$02
0003F1r 1  02           	.byte	$02
0003F2r 1  02           	.byte	$02
0003F3r 1  02           	.byte	$02
0003F4r 1  02           	.byte	$02
0003F5r 1  01           	.byte	$01
0003F6r 1  00           	.byte	$00
0003F7r 1  00           	.byte	$00
0003F8r 1  01           	.byte	$01
0003F9r 1  02           	.byte	$02
0003FAr 1  02           	.byte	$02
0003FBr 1  01           	.byte	$01
0003FCr 1  01           	.byte	$01
0003FDr 1  00           	.byte	$00
0003FEr 1  00           	.byte	$00
0003FFr 1  00           	.byte	$00
000400r 1  00           	.byte	$00
000401r 1  00           	.byte	$00
000402r 1  01           	.byte	$01
000403r 1  02           	.byte	$02
000404r 1  02           	.byte	$02
000405r 1  02           	.byte	$02
000406r 1  02           	.byte	$02
000407r 1  02           	.byte	$02
000408r 1  02           	.byte	$02
000409r 1  01           	.byte	$01
00040Ar 1  00           	.byte	$00
00040Br 1  00           	.byte	$00
00040Cr 1  01           	.byte	$01
00040Dr 1  02           	.byte	$02
00040Er 1  02           	.byte	$02
00040Fr 1  01           	.byte	$01
000410r 1  01           	.byte	$01
000411r 1  00           	.byte	$00
000412r 1  00           	.byte	$00
000413r 1  00           	.byte	$00
000414r 1  00           	.byte	$00
000415r 1  00           	.byte	$00
000416r 1  01           	.byte	$01
000417r 1  01           	.byte	$01
000418r 1  01           	.byte	$01
000419r 1  01           	.byte	$01
00041Ar 1  01           	.byte	$01
00041Br 1  01           	.byte	$01
00041Cr 1  01           	.byte	$01
00041Dr 1  01           	.byte	$01
00041Er 1  06           	.byte	$06
00041Fr 1  06           	.byte	$06
000420r 1  06           	.byte	$06
000421r 1  01           	.byte	$01
000422r 1  02           	.byte	$02
000423r 1  01           	.byte	$01
000424r 1  01           	.byte	$01
000425r 1  00           	.byte	$00
000426r 1  00           	.byte	$00
000427r 1  00           	.byte	$00
000428r 1  00           	.byte	$00
000429r 1  00           	.byte	$00
00042Ar 1  00           	.byte	$00
00042Br 1  00           	.byte	$00
00042Cr 1  00           	.byte	$00
00042Dr 1  00           	.byte	$00
00042Er 1  00           	.byte	$00
00042Fr 1  00           	.byte	$00
000430r 1  00           	.byte	$00
000431r 1  00           	.byte	$00
000432r 1  00           	.byte	$00
000433r 1  00           	.byte	$00
000434r 1  00           	.byte	$00
000435r 1  00           	.byte	$00
000436r 1  01           	.byte	$01
000437r 1  01           	.byte	$01
000438r 1  01           	.byte	$01
000439r 1  00           	.byte	$00
00043Ar 1  00           	.byte	$00
00043Br 1  00           	.byte	$00
00043Cr 1  00           	.byte	$00
00043Dr 1  00           	.byte	$00
00043Er 1  00           	.byte	$00
00043Fr 1  00           	.byte	$00
000440r 1  00           	.byte	$00
000441r 1  00           	.byte	$00
000442r 1  00           	.byte	$00
000443r 1  00           	.byte	$00
000444r 1  00           	.byte	$00
000445r 1  00           	.byte	$00
000446r 1  00           	.byte	$00
000447r 1  00           	.byte	$00
000448r 1  00           	.byte	$00
000449r 1  00           	.byte	$00
00044Ar 1  00           	.byte	$00
00044Br 1  01           	.byte	$01
00044Cr 1  01           	.byte	$01
00044Dr 1  00           	.byte	$00
00044Er 1  00           	.byte	$00
00044Fr 1  00           	.byte	$00
000450r 1  00           	.byte	$00
000451r 1  00           	.byte	$00
000452r 1  00           	.byte	$00
000453r 1  00           	.byte	$00
000454r 1  00           	.byte	$00
000455r 1  00           	.byte	$00
000456r 1  00           	.byte	$00
000457r 1  00           	.byte	$00
000458r 1  00           	.byte	$00
000459r 1  00           	.byte	$00
00045Ar 1  00           	.byte	$00
00045Br 1  00           	.byte	$00
00045Cr 1  00           	.byte	$00
00045Dr 1  00           	.byte	$00
00045Er 1  00           	.byte	$00
00045Fr 1  01           	.byte	$01
000460r 1  01           	.byte	$01
000461r 1  00           	.byte	$00
000462r 1  00           	.byte	$00
000463r 1  00           	.byte	$00
000464r 1  00           	.byte	$00
000465r 1  00           	.byte	$00
000466r 1  00           	.byte	$00
000467r 1  00           	.byte	$00
000468r 1  03           	.byte	$03
000469r 1  00           	.byte	$00
00046Ar 1  00           	.byte	$00
00046Br 1  00           	.byte	$00
00046Cr 1  00           	.byte	$00
00046Dr 1  00           	.byte	$00
00046Er 1  00           	.byte	$00
00046Fr 1  00           	.byte	$00
000470r 1  00           	.byte	$00
000471r 1  00           	.byte	$00
000472r 1  03           	.byte	$03
000473r 1  01           	.byte	$01
000474r 1  01           	.byte	$01
000475r 1  00           	.byte	$00
000476r 1  00           	.byte	$00
000477r 1  00           	.byte	$00
000478r 1  00           	.byte	$00
000479r 1  00           	.byte	$00
00047Ar 1  00           	.byte	$00
00047Br 1  00           	.byte	$00
00047Cr 1  04           	.byte	$04
00047Dr 1  00           	.byte	$00
00047Er 1  00           	.byte	$00
00047Fr 1  00           	.byte	$00
000480r 1  00           	.byte	$00
000481r 1  00           	.byte	$00
000482r 1  00           	.byte	$00
000483r 1  00           	.byte	$00
000484r 1  00           	.byte	$00
000485r 1  00           	.byte	$00
000486r 1  04           	.byte	$04
000487r 1  01           	.byte	$01
000488r 1  01           	.byte	$01
000489r 1  01           	.byte	$01
00048Ar 1  01           	.byte	$01
00048Br 1  01           	.byte	$01
00048Cr 1  01           	.byte	$01
00048Dr 1  01           	.byte	$01
00048Er 1  01           	.byte	$01
00048Fr 1  01           	.byte	$01
000490r 1  01           	.byte	$01
000491r 1  01           	.byte	$01
000492r 1  01           	.byte	$01
000493r 1  01           	.byte	$01
000494r 1  01           	.byte	$01
000495r 1  01           	.byte	$01
000496r 1  01           	.byte	$01
000497r 1  01           	.byte	$01
000498r 1  01           	.byte	$01
000499r 1  01           	.byte	$01
00049Ar 1  01           	.byte	$01
00049Br 1  01           	.byte	$01
00049Cr 1               S0006:
00049Cr 1  44 3A 4C 33  	.byte	$44,$3A,$4C,$33,$2E,$43,$53,$56,$00
0004A0r 1  2E 43 53 56  
0004A4r 1  00           
0004A5r 1               S0007:
0004A5r 1  44 3A 4C 34  	.byte	$44,$3A,$4C,$34,$2E,$43,$53,$56,$00
0004A9r 1  2E 43 53 56  
0004ADr 1  00           
0004AEr 1               S0008:
0004AEr 1  44 3A 4C 35  	.byte	$44,$3A,$4C,$35,$2E,$43,$53,$56,$00
0004B2r 1  2E 43 53 56  
0004B6r 1  00           
0004B7r 1               S0005:
0004B7r 1  44 3A 4C 32  	.byte	$44,$3A,$4C,$32,$2E,$43,$53,$56,$00
0004BBr 1  2E 43 53 56  
0004BFr 1  00           
0004C0r 1               
0004C0r 1               .segment	"BSS"
000000r 1               
000000r 1               .segment	"AUXBSS"
000000r 1               .segment	"BSS"
000000r 1               .segment	"HIGHBSS"
000000r 1               .segment	"BSS"
000000r 1               .segment	"HIGHBSS"
000000r 1               _maze_map:
000000r 1  00 00 00 00  	.res	1180,$00
000004r 1  00 00 00 00  
000008r 1  00 00 00 00  
00049Cr 1               _maze_row_lo:
00049Cr 1  00 00 00 00  	.res	59,$00
0004A0r 1  00 00 00 00  
0004A4r 1  00 00 00 00  
0004D7r 1               _maze_row_hi:
0004D7r 1  00 00 00 00  	.res	59,$00
0004DBr 1  00 00 00 00  
0004DFr 1  00 00 00 00  
000512r 1               .segment	"BSS"
000000r 1               _maze_exit_col:
000000r 1  00           	.res	1,$00
000001r 1               _maze_exit_row:
000001r 1  00           	.res	1,$00
000002r 1               _maze_exit_found:
000002r 1  00           	.res	1,$00
000003r 1               _maze_exit_open:
000003r 1  00           	.res	1,$00
000004r 1               .segment	"AUXBSS"
000000r 1               _level_buffer:
000000r 1  00 00 00 00  	.res	64,$00
000004r 1  00 00 00 00  
000008r 1  00 00 00 00  
000040r 1               _level_file:
000040r 1  00 00        	.res	2,$00
000042r 1               _level_buffer_pos:
000042r 1  00           	.res	1,$00
000043r 1               _level_buffer_len:
000043r 1  00           	.res	1,$00
000044r 1               
000044r 1               ; ---------------------------------------------------------------
000044r 1               ; void __near__ maze_load_level (unsigned char requested_level)
000044r 1               ; ---------------------------------------------------------------
000044r 1               
000044r 1               .segment	"CODE"
000000r 1               
000000r 1               .proc	_maze_load_level: near
000000r 1               
000000r 1               	.dbg	func, "maze_load_level", "00", static, "_maze_load_level"
000000r 1               	.dbg	sym, "requested_level", "00", auto, 0
000000r 1               	.dbg	sym, "level_name", "00", auto, -2
000000r 1               	.dbg	sym, "row", "00", auto, -3
000000r 1               	.dbg	sym, "col", "00", auto, -4
000000r 1               	.dbg	sym, "tile", "00", auto, -5
000000r 1               	.dbg	sym, "ch", "00", auto, -7
000000r 1               
000000r 1               .segment	"CODE"
000000r 1               
000000r 1               ;
000000r 1               ; {
000000r 1               ;
000000r 1               	.dbg	line, "C:\Users\Alex\Chased3D\maze.c", 124
000000r 1  20 rr rr     	jsr     pusha
000003r 1               ;
000003r 1               ; clear_map();
000003r 1               ;
000003r 1               	.dbg	line, "C:\Users\Alex\Chased3D\maze.c", 131
000003r 1  20 rr rr     	jsr     decsp7
000006r 1  20 rr rr     	jsr     _clear_map
000009r 1               ;
000009r 1               ; maze_exit_open = 0;
000009r 1               ;
000009r 1               	.dbg	line, "C:\Users\Alex\Chased3D\maze.c", 132
000009r 1  A9 00        	lda     #$00
00000Br 1  8D rr rr     	sta     _maze_exit_open
00000Er 1               ;
00000Er 1               ; maze_exit_found = 0;
00000Er 1               ;
00000Er 1               	.dbg	line, "C:\Users\Alex\Chased3D\maze.c", 133
00000Er 1  8D rr rr     	sta     _maze_exit_found
000011r 1               ;
000011r 1               ; if (requested_level <= 1) {
000011r 1               ;
000011r 1               	.dbg	line, "C:\Users\Alex\Chased3D\maze.c", 134
000011r 1  A0 07        	ldy     #$07
000013r 1  B1 rr        	lda     (c_sp),y
000015r 1  C9 02        	cmp     #$02
000017r 1  B0 6F        	bcs     L0064
000019r 1               ;
000019r 1               ; for (row = 0; row < MAZE_H; ++row)
000019r 1               ;
000019r 1               	.dbg	line, "C:\Users\Alex\Chased3D\maze.c", 135
000019r 1  A9 00        	lda     #$00
00001Br 1  A0 04        	ldy     #$04
00001Dr 1  91 rr        L005A:	sta     (c_sp),y
00001Fr 1  C9 3B        	cmp     #$3B
000021r 1  90 03 4C rr  	jcs     L0076
000025r 1  rr           
000026r 1               ;
000026r 1               ; for (col = 0; col < MAZE_W; ++col)
000026r 1               ;
000026r 1               	.dbg	line, "C:\Users\Alex\Chased3D\maze.c", 136
000026r 1  A9 00        	lda     #$00
000028r 1  88           	dey
000029r 1  91 rr        L0059:	sta     (c_sp),y
00002Br 1  C9 14        	cmp     #$14
00002Dr 1  B0 50        	bcs     L0005
00002Fr 1               ;
00002Fr 1               ; maze_map[row][col] = level1_data[row][col];
00002Fr 1               ;
00002Fr 1               	.dbg	line, "C:\Users\Alex\Chased3D\maze.c", 137
00002Fr 1  C8           	iny
000030r 1  B1 rr        	lda     (c_sp),y
000032r 1  20 rr rr     	jsr     pusha0
000035r 1  A9 14        	lda     #$14
000037r 1  20 rr rr     	jsr     tosmula0
00003Ar 1  18           	clc
00003Br 1  69 rr        	adc     #<(_maze_map)
00003Dr 1  85 rr        	sta     ptr1
00003Fr 1  8A           	txa
000040r 1  69 rr        	adc     #>(_maze_map)
000042r 1  85 rr        	sta     ptr1+1
000044r 1  A0 03        	ldy     #$03
000046r 1  B1 rr        	lda     (c_sp),y
000048r 1  18           	clc
000049r 1  65 rr        	adc     ptr1
00004Br 1  A6 rr        	ldx     ptr1+1
00004Dr 1  90 01        	bcc     L0053
00004Fr 1  E8           	inx
000050r 1  20 rr rr     L0053:	jsr     pushax
000053r 1  A0 06        	ldy     #$06
000055r 1  B1 rr        	lda     (c_sp),y
000057r 1  20 rr rr     	jsr     pusha0
00005Ar 1  A9 14        	lda     #$14
00005Cr 1  20 rr rr     	jsr     tosmula0
00005Fr 1  18           	clc
000060r 1  69 rr        	adc     #<(_level1_data)
000062r 1  85 rr        	sta     ptr1
000064r 1  8A           	txa
000065r 1  69 rr        	adc     #>(_level1_data)
000067r 1  85 rr        	sta     ptr1+1
000069r 1  A0 05        	ldy     #$05
00006Br 1  B1 rr        	lda     (c_sp),y
00006Dr 1  A8           	tay
00006Er 1  B1 rr        	lda     (ptr1),y
000070r 1  A0 00        	ldy     #$00
000072r 1  20 rr rr     	jsr     staspidx
000075r 1               ;
000075r 1               ; for (col = 0; col < MAZE_W; ++col)
000075r 1               ;
000075r 1               	.dbg	line, "C:\Users\Alex\Chased3D\maze.c", 136
000075r 1  A0 03        	ldy     #$03
000077r 1  18           	clc
000078r 1  A9 01        	lda     #$01
00007Ar 1  71 rr        	adc     (c_sp),y
00007Cr 1  4C rr rr     	jmp     L0059
00007Fr 1               ;
00007Fr 1               ; for (row = 0; row < MAZE_H; ++row)
00007Fr 1               ;
00007Fr 1               	.dbg	line, "C:\Users\Alex\Chased3D\maze.c", 135
00007Fr 1  C8           L0005:	iny
000080r 1  18           	clc
000081r 1  A9 01        	lda     #$01
000083r 1  71 rr        	adc     (c_sp),y
000085r 1  4C rr rr     	jmp     L005A
000088r 1               ;
000088r 1               ; } else if (requested_level == 2) {
000088r 1               ;
000088r 1               	.dbg	line, "C:\Users\Alex\Chased3D\maze.c", 138
000088r 1  B1 rr        L0064:	lda     (c_sp),y
00008Ar 1  C9 02        	cmp     #$02
00008Cr 1  F0 03 4C rr  	jne     L0069
000090r 1  rr           
000091r 1               ;
000091r 1               ; for (row = 0; row < MAZE_H; ++row) {
000091r 1               ;
000091r 1               	.dbg	line, "C:\Users\Alex\Chased3D\maze.c", 142
000091r 1  A9 00        	lda     #$00
000093r 1  A0 04        	ldy     #$04
000095r 1  91 rr        L005D:	sta     (c_sp),y
000097r 1  C9 3B        	cmp     #$3B
000099r 1  90 03 4C rr  	jcs     L0076
00009Dr 1  rr           
00009Er 1               ;
00009Er 1               ; for (col = 0; col < MAZE_W; ++col) {
00009Er 1               ;
00009Er 1               	.dbg	line, "C:\Users\Alex\Chased3D\maze.c", 143
00009Er 1  A9 00        	lda     #$00
0000A0r 1  88           	dey
0000A1r 1  91 rr        L005C:	sta     (c_sp),y
0000A3r 1  C9 14        	cmp     #$14
0000A5r 1  B0 78        	bcs     L000F
0000A7r 1               ;
0000A7r 1               ; tile = level1_data[row][col];
0000A7r 1               ;
0000A7r 1               	.dbg	line, "C:\Users\Alex\Chased3D\maze.c", 144
0000A7r 1  C8           	iny
0000A8r 1  B1 rr        	lda     (c_sp),y
0000AAr 1  20 rr rr     	jsr     pusha0
0000ADr 1  A9 14        	lda     #$14
0000AFr 1  20 rr rr     	jsr     tosmula0
0000B2r 1  18           	clc
0000B3r 1  69 rr        	adc     #<(_level1_data)
0000B5r 1  85 rr        	sta     ptr1
0000B7r 1  8A           	txa
0000B8r 1  69 rr        	adc     #>(_level1_data)
0000BAr 1  85 rr        	sta     ptr1+1
0000BCr 1  A0 03        	ldy     #$03
0000BEr 1  B1 rr        	lda     (c_sp),y
0000C0r 1  A8           	tay
0000C1r 1  B1 rr        	lda     (ptr1),y
0000C3r 1  A0 02        	ldy     #$02
0000C5r 1  91 rr        	sta     (c_sp),y
0000C7r 1               ;
0000C7r 1               ; if (tile == 3) tile = 4;
0000C7r 1               ;
0000C7r 1               	.dbg	line, "C:\Users\Alex\Chased3D\maze.c", 145
0000C7r 1  C9 03        	cmp     #$03
0000C9r 1  D0 05        	bne     L0066
0000CBr 1  A9 04        	lda     #$04
0000CDr 1               ;
0000CDr 1               ; else if (tile == 4) tile = 3;
0000CDr 1               ;
0000CDr 1               	.dbg	line, "C:\Users\Alex\Chased3D\maze.c", 146
0000CDr 1  4C rr rr     	jmp     L005B
0000D0r 1  B1 rr        L0066:	lda     (c_sp),y
0000D2r 1  C9 04        	cmp     #$04
0000D4r 1  D0 04        	bne     L0067
0000D6r 1  A9 03        	lda     #$03
0000D8r 1  91 rr        L005B:	sta     (c_sp),y
0000DAr 1               ;
0000DAr 1               ; maze_map[MAZE_H - 1 - row][MAZE_W - 1 - col] = tile;
0000DAr 1               ;
0000DAr 1               	.dbg	line, "C:\Users\Alex\Chased3D\maze.c", 147
0000DAr 1  A9 3A        L0067:	lda     #$3A
0000DCr 1  38           	sec
0000DDr 1  A0 04        	ldy     #$04
0000DFr 1  F1 rr        	sbc     (c_sp),y
0000E1r 1  A2 00        	ldx     #$00
0000E3r 1  B0 01        	bcs     L0051
0000E5r 1  CA           	dex
0000E6r 1  20 rr rr     L0051:	jsr     pushax
0000E9r 1  A9 14        	lda     #$14
0000EBr 1  20 rr rr     	jsr     tosmula0
0000EEr 1  18           	clc
0000EFr 1  69 rr        	adc     #<(_maze_map)
0000F1r 1  85 rr        	sta     ptr1
0000F3r 1  8A           	txa
0000F4r 1  69 rr        	adc     #>(_maze_map)
0000F6r 1  85 rr        	sta     ptr1+1
0000F8r 1  A9 13        	lda     #$13
0000FAr 1  38           	sec
0000FBr 1  A0 03        	ldy     #$03
0000FDr 1  F1 rr        	sbc     (c_sp),y
0000FFr 1  A2 00        	ldx     #$00
000101r 1  B0 01        	bcs     L0052
000103r 1  CA           	dex
000104r 1  18           L0052:	clc
000105r 1  65 rr        	adc     ptr1
000107r 1  85 rr        	sta     ptr1
000109r 1  8A           	txa
00010Ar 1  65 rr        	adc     ptr1+1
00010Cr 1  85 rr        	sta     ptr1+1
00010Er 1  88           	dey
00010Fr 1  B1 rr        	lda     (c_sp),y
000111r 1  A0 00        	ldy     #$00
000113r 1  91 rr        	sta     (ptr1),y
000115r 1               ;
000115r 1               ; for (col = 0; col < MAZE_W; ++col) {
000115r 1               ;
000115r 1               	.dbg	line, "C:\Users\Alex\Chased3D\maze.c", 143
000115r 1  A0 03        	ldy     #$03
000117r 1  18           	clc
000118r 1  A9 01        	lda     #$01
00011Ar 1  71 rr        	adc     (c_sp),y
00011Cr 1  4C rr rr     	jmp     L005C
00011Fr 1               ;
00011Fr 1               ; for (row = 0; row < MAZE_H; ++row) {
00011Fr 1               ;
00011Fr 1               	.dbg	line, "C:\Users\Alex\Chased3D\maze.c", 142
00011Fr 1  C8           L000F:	iny
000120r 1  18           	clc
000121r 1  A9 01        	lda     #$01
000123r 1  71 rr        	adc     (c_sp),y
000125r 1  4C rr rr     	jmp     L005D
000128r 1               ;
000128r 1               ; if (requested_level == 3) level_name = "D:L2.CSV";
000128r 1               ;
000128r 1               	.dbg	line, "C:\Users\Alex\Chased3D\maze.c", 151
000128r 1  B1 rr        L0069:	lda     (c_sp),y
00012Ar 1  C9 03        	cmp     #$03
00012Cr 1  D0 07        	bne     L006B
00012Er 1  A9 rr        	lda     #<(S0005)
000130r 1  A2 rr        	ldx     #>(S0005)
000132r 1               ;
000132r 1               ; else if (requested_level == 4) level_name = "D:L3.CSV";
000132r 1               ;
000132r 1               	.dbg	line, "C:\Users\Alex\Chased3D\maze.c", 152
000132r 1  4C rr rr     	jmp     L007D
000135r 1  B1 rr        L006B:	lda     (c_sp),y
000137r 1  C9 04        	cmp     #$04
000139r 1  D0 07        	bne     L006D
00013Br 1  A9 rr        	lda     #<(S0006)
00013Dr 1  A2 rr        	ldx     #>(S0006)
00013Fr 1               ;
00013Fr 1               ; else if (requested_level == 5) level_name = "D:L4.CSV";
00013Fr 1               ;
00013Fr 1               	.dbg	line, "C:\Users\Alex\Chased3D\maze.c", 153
00013Fr 1  4C rr rr     	jmp     L007D
000142r 1  B1 rr        L006D:	lda     (c_sp),y
000144r 1  C9 05        	cmp     #$05
000146r 1  D0 07        	bne     L001D
000148r 1  A9 rr        	lda     #<(S0007)
00014Ar 1  A2 rr        	ldx     #>(S0007)
00014Cr 1               ;
00014Cr 1               ; else level_name = "D:L5.CSV";
00014Cr 1               ;
00014Cr 1               	.dbg	line, "C:\Users\Alex\Chased3D\maze.c", 154
00014Cr 1  4C rr rr     	jmp     L007D
00014Fr 1  A9 rr        L001D:	lda     #<(S0008)
000151r 1  A2 rr        	ldx     #>(S0008)
000153r 1  A0 05        L007D:	ldy     #$05
000155r 1  20 rr rr     	jsr     staxysp
000158r 1               ;
000158r 1               ; level_file = open(level_name, O_RDONLY);
000158r 1               ;
000158r 1               	.dbg	line, "C:\Users\Alex\Chased3D\maze.c", 155
000158r 1  20 rr rr     	jsr     pushax
00015Br 1  A9 01        	lda     #$01
00015Dr 1  20 rr rr     	jsr     pusha0
000160r 1  A0 04        	ldy     #$04
000162r 1  20 rr rr     	jsr     _open
000165r 1  8D rr rr     	sta     _level_file
000168r 1  8E rr rr     	stx     _level_file+1
00016Br 1               ;
00016Br 1               ; if (level_file < 0) return;
00016Br 1               ;
00016Br 1               	.dbg	line, "C:\Users\Alex\Chased3D\maze.c", 156
00016Br 1  E0 80        	cpx     #$80
00016Dr 1  90 03 4C rr  	jcs     L0046
000171r 1  rr           
000172r 1               ;
000172r 1               ; level_buffer_pos = 0;
000172r 1               ;
000172r 1               	.dbg	line, "C:\Users\Alex\Chased3D\maze.c", 157
000172r 1  A9 00        	lda     #$00
000174r 1  8D rr rr     	sta     _level_buffer_pos
000177r 1               ;
000177r 1               ; level_buffer_len = 0;
000177r 1               ;
000177r 1               	.dbg	line, "C:\Users\Alex\Chased3D\maze.c", 158
000177r 1  8D rr rr     	sta     _level_buffer_len
00017Ar 1               ;
00017Ar 1               ; do { ch = read_level_byte(); } while (ch >= 0 && ch != '\n' && ch != '\r');
00017Ar 1               ;
00017Ar 1               	.dbg	line, "C:\Users\Alex\Chased3D\maze.c", 159
00017Ar 1  20 rr rr     L0020:	jsr     _read_level_byte
00017Dr 1  20 rr rr     	jsr     stax0sp
000180r 1  8A           	txa
000181r 1  30 19        	bmi     L0055
000183r 1  A0 01        	ldy     #$01
000185r 1  B1 rr        	lda     (c_sp),y
000187r 1  D0 08        	bne     L007E
000189r 1  88           	dey
00018Ar 1  B1 rr        	lda     (c_sp),y
00018Cr 1  C9 9B        	cmp     #$9B
00018Er 1  F0 0C        	beq     L0055
000190r 1  C8           	iny
000191r 1  B1 rr        L007E:	lda     (c_sp),y
000193r 1  D0 E5        	bne     L0020
000195r 1  88           	dey
000196r 1  B1 rr        	lda     (c_sp),y
000198r 1  C9 0D        	cmp     #$0D
00019Ar 1  D0 DE        	bne     L0020
00019Cr 1               ;
00019Cr 1               ; if (ch == '\r') ch = read_level_byte();
00019Cr 1               ;
00019Cr 1               	.dbg	line, "C:\Users\Alex\Chased3D\maze.c", 160
00019Cr 1  A0 01        L0055:	ldy     #$01
00019Er 1  B1 rr        	lda     (c_sp),y
0001A0r 1  D0 0D        	bne     L006E
0001A2r 1  88           	dey
0001A3r 1  B1 rr        	lda     (c_sp),y
0001A5r 1  C9 0D        	cmp     #$0D
0001A7r 1  D0 06        	bne     L006E
0001A9r 1  20 rr rr     	jsr     _read_level_byte
0001ACr 1  20 rr rr     	jsr     stax0sp
0001AFr 1               ;
0001AFr 1               ; for (row = 0; row < MAZE_H; ++row) {
0001AFr 1               ;
0001AFr 1               	.dbg	line, "C:\Users\Alex\Chased3D\maze.c", 161
0001AFr 1  A9 00        L006E:	lda     #$00
0001B1r 1  A0 04        	ldy     #$04
0001B3r 1  91 rr        L0060:	sta     (c_sp),y
0001B5r 1  C9 3B        	cmp     #$3B
0001B7r 1  90 03 4C rr  	jcs     L002B
0001BBr 1  rr           
0001BCr 1               ;
0001BCr 1               ; do { ch = read_level_byte(); } while (ch >= 0 && ch != ';');
0001BCr 1               ;
0001BCr 1               	.dbg	line, "C:\Users\Alex\Chased3D\maze.c", 162
0001BCr 1  20 rr rr     L002D:	jsr     _read_level_byte
0001BFr 1  20 rr rr     	jsr     stax0sp
0001C2r 1  8A           	txa
0001C3r 1  30 0D        	bmi     L0056
0001C5r 1  A0 01        	ldy     #$01
0001C7r 1  B1 rr        	lda     (c_sp),y
0001C9r 1  D0 F1        	bne     L002D
0001CBr 1  88           	dey
0001CCr 1  B1 rr        	lda     (c_sp),y
0001CEr 1  C9 3B        	cmp     #$3B
0001D0r 1  D0 EA        	bne     L002D
0001D2r 1               ;
0001D2r 1               ; if (ch < 0) { close(level_file); return; }
0001D2r 1               ;
0001D2r 1               	.dbg	line, "C:\Users\Alex\Chased3D\maze.c", 163
0001D2r 1  20 rr rr     L0056:	jsr     ldax0sp
0001D5r 1  E0 80        	cpx     #$80
0001D7r 1  A9 00        	lda     #$00
0001D9r 1  90 0C        	bcc     L0070
0001DBr 1  AD rr rr     	lda     _level_file
0001DEr 1  AE rr rr     	ldx     _level_file+1
0001E1r 1  20 rr rr     	jsr     _close
0001E4r 1  4C rr rr     	jmp     incsp8
0001E7r 1               ;
0001E7r 1               ; for (col = 0; col < MAZE_W; ++col) {
0001E7r 1               ;
0001E7r 1               	.dbg	line, "C:\Users\Alex\Chased3D\maze.c", 164
0001E7r 1  A0 03        L0070:	ldy     #$03
0001E9r 1  91 rr        L005F:	sta     (c_sp),y
0001EBr 1  C9 14        	cmp     #$14
0001EDr 1  B0 74        	bcs     L002C
0001EFr 1               ;
0001EFr 1               ; do { ch = read_level_byte(); } while (ch >= 0 && (ch < '0' || ch > '6'));
0001EFr 1               ;
0001EFr 1               	.dbg	line, "C:\Users\Alex\Chased3D\maze.c", 165
0001EFr 1  20 rr rr     L0039:	jsr     _read_level_byte
0001F2r 1  20 rr rr     	jsr     stax0sp
0001F5r 1  8A           	txa
0001F6r 1  30 1C        	bmi     L0057
0001F8r 1  20 rr rr     	jsr     ldax0sp
0001FBr 1  C9 30        	cmp     #$30
0001FDr 1  8A           	txa
0001FEr 1  E9 00        	sbc     #$00
000200r 1  50 02        	bvc     L003E
000202r 1  49 80        	eor     #$80
000204r 1  30 E9        L003E:	bmi     L0039
000206r 1  20 rr rr     	jsr     ldax0sp
000209r 1  C9 37        	cmp     #$37
00020Br 1  8A           	txa
00020Cr 1  E9 00        	sbc     #$00
00020Er 1  70 02        	bvs     L0040
000210r 1  49 80        	eor     #$80
000212r 1  30 DB        L0040:	bmi     L0039
000214r 1               ;
000214r 1               ; if (ch < 0) { close(level_file); return; }
000214r 1               ;
000214r 1               	.dbg	line, "C:\Users\Alex\Chased3D\maze.c", 166
000214r 1  20 rr rr     L0057:	jsr     ldax0sp
000217r 1  E0 80        	cpx     #$80
000219r 1  90 0C        	bcc     L0044
00021Br 1  AD rr rr     	lda     _level_file
00021Er 1  AE rr rr     	ldx     _level_file+1
000221r 1  20 rr rr     	jsr     _close
000224r 1  4C rr rr     	jmp     incsp8
000227r 1               ;
000227r 1               ; maze_map[row][col] = (unsigned char)(ch - '0');
000227r 1               ;
000227r 1               	.dbg	line, "C:\Users\Alex\Chased3D\maze.c", 167
000227r 1  A0 04        L0044:	ldy     #$04
000229r 1  B1 rr        	lda     (c_sp),y
00022Br 1  20 rr rr     	jsr     pusha0
00022Er 1  A9 14        	lda     #$14
000230r 1  20 rr rr     	jsr     tosmula0
000233r 1  18           	clc
000234r 1  69 rr        	adc     #<(_maze_map)
000236r 1  85 rr        	sta     ptr1
000238r 1  8A           	txa
000239r 1  69 rr        	adc     #>(_maze_map)
00023Br 1  85 rr        	sta     ptr1+1
00023Dr 1  A0 03        	ldy     #$03
00023Fr 1  B1 rr        	lda     (c_sp),y
000241r 1  18           	clc
000242r 1  65 rr        	adc     ptr1
000244r 1  A6 rr        	ldx     ptr1+1
000246r 1  90 01        	bcc     L0054
000248r 1  E8           	inx
000249r 1  85 rr        L0054:	sta     ptr1
00024Br 1  86 rr        	stx     ptr1+1
00024Dr 1  20 rr rr     	jsr     ldax0sp
000250r 1  A0 30        	ldy     #$30
000252r 1  20 rr rr     	jsr     decaxy
000255r 1  A0 00        	ldy     #$00
000257r 1  91 rr        	sta     (ptr1),y
000259r 1               ;
000259r 1               ; for (col = 0; col < MAZE_W; ++col) {
000259r 1               ;
000259r 1               	.dbg	line, "C:\Users\Alex\Chased3D\maze.c", 164
000259r 1  A0 03        	ldy     #$03
00025Br 1  18           	clc
00025Cr 1  A9 01        	lda     #$01
00025Er 1  71 rr        	adc     (c_sp),y
000260r 1  4C rr rr     	jmp     L005F
000263r 1               ;
000263r 1               ; for (row = 0; row < MAZE_H; ++row) {
000263r 1               ;
000263r 1               	.dbg	line, "C:\Users\Alex\Chased3D\maze.c", 161
000263r 1  C8           L002C:	iny
000264r 1  18           	clc
000265r 1  A9 01        	lda     #$01
000267r 1  71 rr        	adc     (c_sp),y
000269r 1  4C rr rr     	jmp     L0060
00026Cr 1               ;
00026Cr 1               ; close(level_file);
00026Cr 1               ;
00026Cr 1               	.dbg	line, "C:\Users\Alex\Chased3D\maze.c", 170
00026Cr 1  AD rr rr     L002B:	lda     _level_file
00026Fr 1  AE rr rr     	ldx     _level_file+1
000272r 1  20 rr rr     	jsr     _close
000275r 1               ;
000275r 1               ; for (row = 0; row < MAZE_H && !maze_exit_found; ++row) {
000275r 1               ;
000275r 1               	.dbg	line, "C:\Users\Alex\Chased3D\maze.c", 173
000275r 1  A9 00        L0076:	lda     #$00
000277r 1  A0 04        	ldy     #$04
000279r 1  91 rr        L0062:	sta     (c_sp),y
00027Br 1  C9 3B        	cmp     #$3B
00027Dr 1  B0 54        	bcs     L0046
00027Fr 1  AD rr rr     	lda     _maze_exit_found
000282r 1  D0 4F        	bne     L0046
000284r 1               ;
000284r 1               ; for (col = 0; col < MAZE_W; ++col) {
000284r 1               ;
000284r 1               	.dbg	line, "C:\Users\Alex\Chased3D\maze.c", 174
000284r 1  88           	dey
000285r 1  91 rr        L0061:	sta     (c_sp),y
000287r 1  C9 14        	cmp     #$14
000289r 1  B0 3F        	bcs     L0047
00028Br 1               ;
00028Br 1               ; if (maze_map[row][col] != 5) continue;
00028Br 1               ;
00028Br 1               	.dbg	line, "C:\Users\Alex\Chased3D\maze.c", 175
00028Br 1  C8           	iny
00028Cr 1  B1 rr        	lda     (c_sp),y
00028Er 1  20 rr rr     	jsr     pusha0
000291r 1  A9 14        	lda     #$14
000293r 1  20 rr rr     	jsr     tosmula0
000296r 1  18           	clc
000297r 1  69 rr        	adc     #<(_maze_map)
000299r 1  85 rr        	sta     ptr1
00029Br 1  8A           	txa
00029Cr 1  69 rr        	adc     #>(_maze_map)
00029Er 1  85 rr        	sta     ptr1+1
0002A0r 1  A0 03        	ldy     #$03
0002A2r 1  B1 rr        	lda     (c_sp),y
0002A4r 1  A8           	tay
0002A5r 1  B1 rr        	lda     (ptr1),y
0002A7r 1  C9 05        	cmp     #$05
0002A9r 1  D0 15        	bne     L004E
0002ABr 1               ;
0002ABr 1               ; maze_exit_col = col;
0002ABr 1               ;
0002ABr 1               	.dbg	line, "C:\Users\Alex\Chased3D\maze.c", 176
0002ABr 1  A0 03        	ldy     #$03
0002ADr 1  B1 rr        	lda     (c_sp),y
0002AFr 1  8D rr rr     	sta     _maze_exit_col
0002B2r 1               ;
0002B2r 1               ; maze_exit_row = row;
0002B2r 1               ;
0002B2r 1               	.dbg	line, "C:\Users\Alex\Chased3D\maze.c", 177
0002B2r 1  C8           	iny
0002B3r 1  B1 rr        	lda     (c_sp),y
0002B5r 1  8D rr rr     	sta     _maze_exit_row
0002B8r 1               ;
0002B8r 1               ; maze_exit_found = 1;
0002B8r 1               ;
0002B8r 1               	.dbg	line, "C:\Users\Alex\Chased3D\maze.c", 178
0002B8r 1  A9 01        	lda     #$01
0002BAr 1  8D rr rr     	sta     _maze_exit_found
0002BDr 1               ;
0002BDr 1               ; break;
0002BDr 1               ;
0002BDr 1               	.dbg	line, "C:\Users\Alex\Chased3D\maze.c", 179
0002BDr 1  4C rr rr     	jmp     L007B
0002C0r 1               ;
0002C0r 1               ; for (col = 0; col < MAZE_W; ++col) {
0002C0r 1               ;
0002C0r 1               	.dbg	line, "C:\Users\Alex\Chased3D\maze.c", 174
0002C0r 1  A0 03        L004E:	ldy     #$03
0002C2r 1  18           	clc
0002C3r 1  A9 01        	lda     #$01
0002C5r 1  71 rr        	adc     (c_sp),y
0002C7r 1  4C rr rr     	jmp     L0061
0002CAr 1               ;
0002CAr 1               ; for (row = 0; row < MAZE_H && !maze_exit_found; ++row) {
0002CAr 1               ;
0002CAr 1               	.dbg	line, "C:\Users\Alex\Chased3D\maze.c", 173
0002CAr 1  C8           L0047:	iny
0002CBr 1  18           L007B:	clc
0002CCr 1  A9 01        	lda     #$01
0002CEr 1  71 rr        	adc     (c_sp),y
0002D0r 1  4C rr rr     	jmp     L0062
0002D3r 1               ;
0002D3r 1               ; }
0002D3r 1               ;
0002D3r 1               	.dbg	line, "C:\Users\Alex\Chased3D\maze.c", 182
0002D3r 1  4C rr rr     L0046:	jmp     incsp8
0002D6r 1               
0002D6r 1               	.dbg	line
0002D6r 1               .endproc
0002D6r 1               
0002D6r 1               ; ---------------------------------------------------------------
0002D6r 1               ; unsigned char __near__ maze_solid (unsigned char x, unsigned char y)
0002D6r 1               ; ---------------------------------------------------------------
0002D6r 1               
0002D6r 1               .segment	"CODE"
0002D6r 1               
0002D6r 1               .proc	_maze_solid: near
0002D6r 1               
0002D6r 1               	.dbg	func, "maze_solid", "00", static, "_maze_solid"
0002D6r 1               	.dbg	sym, "x", "00", auto, 1
0002D6r 1               	.dbg	sym, "y", "00", auto, 0
0002D6r 1               	.dbg	sym, "tile", "00", auto, -1
0002D6r 1               
0002D6r 1               .segment	"CODE"
0002D6r 1               
0002D6r 1               ;
0002D6r 1               ; {
0002D6r 1               ;
0002D6r 1               	.dbg	line, "C:\Users\Alex\Chased3D\maze.c", 190
0002D6r 1  20 rr rr     	jsr     pusha
0002D9r 1               ;
0002D9r 1               ; if (x >= MAZE_W || y >= MAZE_H) return 1;
0002D9r 1               ;
0002D9r 1               	.dbg	line, "C:\Users\Alex\Chased3D\maze.c", 193
0002D9r 1  20 rr rr     	jsr     decsp1
0002DCr 1  A0 02        	ldy     #$02
0002DEr 1  B1 rr        	lda     (c_sp),y
0002E0r 1  C9 14        	cmp     #$14
0002E2r 1  B0 0A        	bcs     L000C
0002E4r 1  88           	dey
0002E5r 1  B1 rr        	lda     (c_sp),y
0002E7r 1  C9 3B        	cmp     #$3B
0002E9r 1  B0 03        	bcs     L000C
0002EBr 1  4C rr rr     	jmp     L000E
0002EEr 1  A2 00        L000C:	ldx     #$00
0002F0r 1  4C rr rr     	jmp     L0012
0002F3r 1               ;
0002F3r 1               ; tile = maze_map[y][x];
0002F3r 1               ;
0002F3r 1               	.dbg	line, "C:\Users\Alex\Chased3D\maze.c", 194
0002F3r 1  B1 rr        L000E:	lda     (c_sp),y
0002F5r 1  20 rr rr     	jsr     pusha0
0002F8r 1  A9 14        	lda     #$14
0002FAr 1  20 rr rr     	jsr     tosmula0
0002FDr 1  18           	clc
0002FEr 1  69 rr        	adc     #<(_maze_map)
000300r 1  85 rr        	sta     ptr1
000302r 1  8A           	txa
000303r 1  69 rr        	adc     #>(_maze_map)
000305r 1  85 rr        	sta     ptr1+1
000307r 1  A0 02        	ldy     #$02
000309r 1  B1 rr        	lda     (c_sp),y
00030Br 1  A8           	tay
00030Cr 1  B1 rr        	lda     (ptr1),y
00030Er 1  A0 00        	ldy     #$00
000310r 1  91 rr        	sta     (c_sp),y
000312r 1               ;
000312r 1               ; if (tile == 5) return maze_exit_open ? 0 : 1;
000312r 1               ;
000312r 1               	.dbg	line, "C:\Users\Alex\Chased3D\maze.c", 195
000312r 1  A2 00        	ldx     #$00
000314r 1  B1 rr        	lda     (c_sp),y
000316r 1  C9 05        	cmp     #$05
000318r 1  D0 09        	bne     L0011
00031Ar 1  AD rr rr     	lda     _maze_exit_open
00031Dr 1  F0 12        	beq     L0012
00031Fr 1  8A           	txa
000320r 1  4C rr rr     	jmp     incsp3
000323r 1               ;
000323r 1               ; return (tile == 1 || tile == 2) ? 1 : 0;
000323r 1               ;
000323r 1               	.dbg	line, "C:\Users\Alex\Chased3D\maze.c", 196
000323r 1  B1 rr        L0011:	lda     (c_sp),y
000325r 1  C9 01        	cmp     #$01
000327r 1  F0 0A        	beq     L0001
000329r 1  C9 02        	cmp     #$02
00032Br 1  F0 04        	beq     L0012
00032Dr 1  8A           	txa
00032Er 1  4C rr rr     	jmp     incsp3
000331r 1  A9 01        L0012:	lda     #$01
000333r 1               ;
000333r 1               ; }
000333r 1               ;
000333r 1               	.dbg	line, "C:\Users\Alex\Chased3D\maze.c", 197
000333r 1  4C rr rr     L0001:	jmp     incsp3
000336r 1               
000336r 1               	.dbg	line
000336r 1               .endproc
000336r 1               
000336r 1               ; ---------------------------------------------------------------
000336r 1               ; void __near__ maze_set_exit_open (unsigned char open)
000336r 1               ; ---------------------------------------------------------------
000336r 1               
000336r 1               .segment	"CODE"
000336r 1               
000336r 1               .proc	_maze_set_exit_open: near
000336r 1               
000336r 1               	.dbg	func, "maze_set_exit_open", "00", static, "_maze_set_exit_open"
000336r 1               	.dbg	sym, "open", "00", auto, 0
000336r 1               
000336r 1               .segment	"CODE"
000336r 1               
000336r 1               ;
000336r 1               ; {
000336r 1               ;
000336r 1               	.dbg	line, "C:\Users\Alex\Chased3D\maze.c", 185
000336r 1  20 rr rr     	jsr     pusha
000339r 1               ;
000339r 1               ; maze_exit_open = open;
000339r 1               ;
000339r 1               	.dbg	line, "C:\Users\Alex\Chased3D\maze.c", 186
000339r 1  A0 00        	ldy     #$00
00033Br 1  B1 rr        	lda     (c_sp),y
00033Dr 1  8D rr rr     	sta     _maze_exit_open
000340r 1               ;
000340r 1               ; }
000340r 1               ;
000340r 1               	.dbg	line, "C:\Users\Alex\Chased3D\maze.c", 187
000340r 1  4C rr rr     	jmp     incsp1
000343r 1               
000343r 1               	.dbg	line
000343r 1               .endproc
000343r 1               
000343r 1               ; ---------------------------------------------------------------
000343r 1               ; void __near__ clear_map (void)
000343r 1               ; ---------------------------------------------------------------
000343r 1               
000343r 1               .segment	"CODE"
000343r 1               
000343r 1               .proc	_clear_map: near
000343r 1               
000343r 1               	.dbg	func, "clear_map", "00", static, "_clear_map"
000343r 1               	.dbg	sym, "row", "00", auto, -1
000343r 1               	.dbg	sym, "col", "00", auto, -2
000343r 1               	.dbg	sym, "addr", "00", auto, -4
000343r 1               
000343r 1               .segment	"CODE"
000343r 1               
000343r 1               ;
000343r 1               ; for (row = 0; row < MAZE_H; ++row) {
000343r 1               ;
000343r 1               	.dbg	line, "C:\Users\Alex\Chased3D\maze.c", 94
000343r 1  20 rr rr     	jsr     decsp4
000346r 1  A9 00        	lda     #$00
000348r 1  A0 03        	ldy     #$03
00034Ar 1  91 rr        L0016:	sta     (c_sp),y
00034Cr 1  C9 3B        	cmp     #$3B
00034Er 1  B0 43        	bcs     L001A
000350r 1               ;
000350r 1               ; addr = (unsigned int)maze_map[row];
000350r 1               ;
000350r 1               	.dbg	line, "C:\Users\Alex\Chased3D\maze.c", 95
000350r 1  B1 rr        	lda     (c_sp),y
000352r 1  20 rr rr     	jsr     pusha0
000355r 1  A9 14        	lda     #$14
000357r 1  20 rr rr     	jsr     tosmula0
00035Ar 1  18           	clc
00035Br 1  69 rr        	adc     #<(_maze_map)
00035Dr 1  A8           	tay
00035Er 1  8A           	txa
00035Fr 1  69 rr        	adc     #>(_maze_map)
000361r 1  AA           	tax
000362r 1  98           	tya
000363r 1  20 rr rr     	jsr     stax0sp
000366r 1               ;
000366r 1               ; maze_row_lo[row] = (unsigned char)addr;
000366r 1               ;
000366r 1               	.dbg	line, "C:\Users\Alex\Chased3D\maze.c", 96
000366r 1  A0 03        	ldy     #$03
000368r 1  B1 rr        	lda     (c_sp),y
00036Ar 1  AA           	tax
00036Br 1  A0 00        	ldy     #$00
00036Dr 1  B1 rr        	lda     (c_sp),y
00036Fr 1  9D rr rr     	sta     _maze_row_lo,x
000372r 1               ;
000372r 1               ; maze_row_hi[row] = (unsigned char)(addr >> 8);
000372r 1               ;
000372r 1               	.dbg	line, "C:\Users\Alex\Chased3D\maze.c", 97
000372r 1  A9 rr        	lda     #<(_maze_row_hi)
000374r 1  A2 rr        	ldx     #>(_maze_row_hi)
000376r 1  A0 03        	ldy     #$03
000378r 1  18           	clc
000379r 1  71 rr        	adc     (c_sp),y
00037Br 1  90 01        	bcc     L0007
00037Dr 1  E8           	inx
00037Er 1  85 rr        L0007:	sta     ptr1
000380r 1  86 rr        	stx     ptr1+1
000382r 1  A0 01        	ldy     #$01
000384r 1  B1 rr        	lda     (c_sp),y
000386r 1  88           	dey
000387r 1  91 rr        	sta     (ptr1),y
000389r 1               ;
000389r 1               ; for (row = 0; row < MAZE_H; ++row) {
000389r 1               ;
000389r 1               	.dbg	line, "C:\Users\Alex\Chased3D\maze.c", 94
000389r 1  A0 03        	ldy     #$03
00038Br 1  18           	clc
00038Cr 1  A9 01        	lda     #$01
00038Er 1  71 rr        	adc     (c_sp),y
000390r 1  4C rr rr     	jmp     L0016
000393r 1               ;
000393r 1               ; for (row = 0; row < MAZE_H; ++row) {
000393r 1               ;
000393r 1               	.dbg	line, "C:\Users\Alex\Chased3D\maze.c", 100
000393r 1  A9 00        L001A:	lda     #$00
000395r 1  91 rr        L0019:	sta     (c_sp),y
000397r 1  C9 3B        	cmp     #$3B
000399r 1  90 03 4C rr  	jcs     L0009
00039Dr 1  rr           
00039Er 1               ;
00039Er 1               ; for (col = 0; col < MAZE_W; ++col) {
00039Er 1               ;
00039Er 1               	.dbg	line, "C:\Users\Alex\Chased3D\maze.c", 101
00039Er 1  A9 00        	lda     #$00
0003A0r 1  88           	dey
0003A1r 1  91 rr        L0018:	sta     (c_sp),y
0003A3r 1  C9 14        	cmp     #$14
0003A5r 1  B0 71        	bcs     L000A
0003A7r 1               ;
0003A7r 1               ; if (row == 0 || row == MAZE_H - 1 || col == 0 || col == MAZE_W - 1)
0003A7r 1               ;
0003A7r 1               	.dbg	line, "C:\Users\Alex\Chased3D\maze.c", 102
0003A7r 1  C8           	iny
0003A8r 1  B1 rr        	lda     (c_sp),y
0003AAr 1  F0 0E        	beq     L001D
0003ACr 1  C9 3A        	cmp     #$3A
0003AEr 1  F0 0A        	beq     L001D
0003B0r 1  88           	dey
0003B1r 1  B1 rr        	lda     (c_sp),y
0003B3r 1  F0 04        	beq     L001B
0003B5r 1  C9 13        	cmp     #$13
0003B7r 1  D0 2A        	bne     L0010
0003B9r 1               ;
0003B9r 1               ; maze_map[row][col] = 1;
0003B9r 1               ;
0003B9r 1               	.dbg	line, "C:\Users\Alex\Chased3D\maze.c", 103
0003B9r 1  C8           L001B:	iny
0003BAr 1  B1 rr        L001D:	lda     (c_sp),y
0003BCr 1  20 rr rr     	jsr     pusha0
0003BFr 1  A9 14        	lda     #$14
0003C1r 1  20 rr rr     	jsr     tosmula0
0003C4r 1  18           	clc
0003C5r 1  69 rr        	adc     #<(_maze_map)
0003C7r 1  85 rr        	sta     ptr1
0003C9r 1  8A           	txa
0003CAr 1  69 rr        	adc     #>(_maze_map)
0003CCr 1  85 rr        	sta     ptr1+1
0003CEr 1  A0 02        	ldy     #$02
0003D0r 1  B1 rr        	lda     (c_sp),y
0003D2r 1  18           	clc
0003D3r 1  65 rr        	adc     ptr1
0003D5r 1  A6 rr        	ldx     ptr1+1
0003D7r 1  90 01        	bcc     L0014
0003D9r 1  E8           	inx
0003DAr 1  85 rr        L0014:	sta     ptr1
0003DCr 1  86 rr        	stx     ptr1+1
0003DEr 1  A9 01        	lda     #$01
0003E0r 1               ;
0003E0r 1               ; else
0003E0r 1               ;
0003E0r 1               	.dbg	line, "C:\Users\Alex\Chased3D\maze.c", 104
0003E0r 1  4C rr rr     	jmp     L001C
0003E3r 1               ;
0003E3r 1               ; maze_map[row][col] = 0;
0003E3r 1               ;
0003E3r 1               	.dbg	line, "C:\Users\Alex\Chased3D\maze.c", 105
0003E3r 1  C8           L0010:	iny
0003E4r 1  B1 rr        	lda     (c_sp),y
0003E6r 1  20 rr rr     	jsr     pusha0
0003E9r 1  A9 14        	lda     #$14
0003EBr 1  20 rr rr     	jsr     tosmula0
0003EEr 1  18           	clc
0003EFr 1  69 rr        	adc     #<(_maze_map)
0003F1r 1  85 rr        	sta     ptr1
0003F3r 1  8A           	txa
0003F4r 1  69 rr        	adc     #>(_maze_map)
0003F6r 1  85 rr        	sta     ptr1+1
0003F8r 1  A0 02        	ldy     #$02
0003FAr 1  B1 rr        	lda     (c_sp),y
0003FCr 1  18           	clc
0003FDr 1  65 rr        	adc     ptr1
0003FFr 1  A6 rr        	ldx     ptr1+1
000401r 1  90 01        	bcc     L0015
000403r 1  E8           	inx
000404r 1  85 rr        L0015:	sta     ptr1
000406r 1  86 rr        	stx     ptr1+1
000408r 1  A9 00        	lda     #$00
00040Ar 1  A0 00        L001C:	ldy     #$00
00040Cr 1  91 rr        	sta     (ptr1),y
00040Er 1               ;
00040Er 1               ; for (col = 0; col < MAZE_W; ++col) {
00040Er 1               ;
00040Er 1               	.dbg	line, "C:\Users\Alex\Chased3D\maze.c", 101
00040Er 1  A0 02        	ldy     #$02
000410r 1  18           	clc
000411r 1  A9 01        	lda     #$01
000413r 1  71 rr        	adc     (c_sp),y
000415r 1  4C rr rr     	jmp     L0018
000418r 1               ;
000418r 1               ; for (row = 0; row < MAZE_H; ++row) {
000418r 1               ;
000418r 1               	.dbg	line, "C:\Users\Alex\Chased3D\maze.c", 100
000418r 1  C8           L000A:	iny
000419r 1  18           	clc
00041Ar 1  A9 01        	lda     #$01
00041Cr 1  71 rr        	adc     (c_sp),y
00041Er 1  4C rr rr     	jmp     L0019
000421r 1               ;
000421r 1               ; }
000421r 1               ;
000421r 1               	.dbg	line, "C:\Users\Alex\Chased3D\maze.c", 108
000421r 1  4C rr rr     L0009:	jmp     incsp4
000424r 1               
000424r 1               	.dbg	line
000424r 1               .endproc
000424r 1               
000424r 1               ; ---------------------------------------------------------------
000424r 1               ; int __near__ read_level_byte (void)
000424r 1               ; ---------------------------------------------------------------
000424r 1               
000424r 1               .segment	"CODE"
000424r 1               
000424r 1               .proc	_read_level_byte: near
000424r 1               
000424r 1               	.dbg	func, "read_level_byte", "00", static, "_read_level_byte"
000424r 1               	.dbg	sym, "count", "00", auto, -2
000424r 1               
000424r 1               .segment	"CODE"
000424r 1               
000424r 1               ;
000424r 1               ; if (level_buffer_pos >= level_buffer_len) {
000424r 1               ;
000424r 1               	.dbg	line, "C:\Users\Alex\Chased3D\maze.c", 114
000424r 1  20 rr rr     	jsr     decsp2
000427r 1  AD rr rr     	lda     _level_buffer_pos
00042Ar 1  CD rr rr     	cmp     _level_buffer_len
00042Dr 1  90 37        	bcc     L0007
00042Fr 1               ;
00042Fr 1               ; count = read(level_file, level_buffer, LEVEL_BUFFER_SIZE);
00042Fr 1               ;
00042Fr 1               	.dbg	line, "C:\Users\Alex\Chased3D\maze.c", 115
00042Fr 1  AD rr rr     	lda     _level_file
000432r 1  AE rr rr     	ldx     _level_file+1
000435r 1  20 rr rr     	jsr     pushax
000438r 1  A9 rr        	lda     #<(_level_buffer)
00043Ar 1  A2 rr        	ldx     #>(_level_buffer)
00043Cr 1  20 rr rr     	jsr     pushax
00043Fr 1  A2 00        	ldx     #$00
000441r 1  A9 40        	lda     #$40
000443r 1  20 rr rr     	jsr     _read
000446r 1  20 rr rr     	jsr     stax0sp
000449r 1               ;
000449r 1               ; if (count <= 0) return -1;
000449r 1               ;
000449r 1               	.dbg	line, "C:\Users\Alex\Chased3D\maze.c", 116
000449r 1  C9 01        	cmp     #$01
00044Br 1  8A           	txa
00044Cr 1  E9 00        	sbc     #$00
00044Er 1  50 02        	bvc     L0004
000450r 1  49 80        	eor     #$80
000452r 1  0A           L0004:	asl     a
000453r 1  A9 00        	lda     #$00
000455r 1  90 06        	bcc     L0006
000457r 1  A2 FF        	ldx     #$FF
000459r 1  8A           	txa
00045Ar 1  4C rr rr     	jmp     incsp2
00045Dr 1               ;
00045Dr 1               ; level_buffer_pos = 0;
00045Dr 1               ;
00045Dr 1               	.dbg	line, "C:\Users\Alex\Chased3D\maze.c", 117
00045Dr 1  8D rr rr     L0006:	sta     _level_buffer_pos
000460r 1               ;
000460r 1               ; level_buffer_len = (unsigned char)count;
000460r 1               ;
000460r 1               	.dbg	line, "C:\Users\Alex\Chased3D\maze.c", 118
000460r 1  A8           	tay
000461r 1  B1 rr        	lda     (c_sp),y
000463r 1  8D rr rr     	sta     _level_buffer_len
000466r 1               ;
000466r 1               ; return level_buffer[level_buffer_pos++];
000466r 1               ;
000466r 1               	.dbg	line, "C:\Users\Alex\Chased3D\maze.c", 120
000466r 1  AD rr rr     L0007:	lda     _level_buffer_pos
000469r 1  EE rr rr     	inc     _level_buffer_pos
00046Cr 1  85 rr        	sta     ptr1
00046Er 1  18           	clc
00046Fr 1  A9 rr        	lda     #>(_level_buffer)
000471r 1  85 rr        	sta     ptr1+1
000473r 1  A0 rr        	ldy     #<(_level_buffer)
000475r 1  A2 00        	ldx     #$00
000477r 1  B1 rr        	lda     (ptr1),y
000479r 1               ;
000479r 1               ; }
000479r 1               ;
000479r 1               	.dbg	line, "C:\Users\Alex\Chased3D\maze.c", 121
000479r 1  4C rr rr     	jmp     incsp2
00047Cr 1               
00047Cr 1               	.dbg	line
00047Cr 1               .endproc
00047Cr 1               
00047Cr 1               
