ca65 V2.19 - Git 547d923
Main file   : C:\Users\Alex\Chased3D\debug\melody.s
Current file: C:\Users\Alex\Chased3D\debug\melody.s

000000r 1               ;
000000r 1               ; File generated by cc65 v 2.19 - Git 547d923
000000r 1               ;
000000r 1               	.fopt		compiler,"cc65 v 2.19 - Git 547d923"
000000r 1               	.setcpu		"6502"
000000r 1               	.smart		on
000000r 1               	.autoimport	on
000000r 1               	.case		on
000000r 1               	.debuginfo	on
000000r 1               	.importzp	c_sp, sreg, regsave, regbank
000000r 1               	.importzp	tmp1, tmp2, tmp3, tmp4, ptr1, ptr2, ptr3, ptr4
000000r 1               	.macpack	longbranch
000000r 2               .macro  jeq     Target
000000r 2                       .if     .match(Target, 0)
000000r 2                       bne     *+5
000000r 2                       jmp     Target
000000r 2                       .elseif .def(Target) .and .const((*-2)-(Target)) .and ((*+2)-(Target) <= 127)
000000r 2                               beq     Target
000000r 2                       .else
000000r 2                               bne     *+5
000000r 2                               jmp     Target
000000r 2                       .endif
000000r 2               .endmacro
000000r 2               .macro  jne     Target
000000r 2                       .if     .match(Target, 0)
000000r 2                               beq     *+5
000000r 2                               jmp     Target
000000r 2                       .elseif .def(Target) .and .const((*-2)-(Target)) .and ((*+2)-(Target) <= 127)
000000r 2                               bne     Target
000000r 2                       .else
000000r 2                               beq     *+5
000000r 2                               jmp     Target
000000r 2                       .endif
000000r 2               .endmacro
000000r 2               .macro  jmi     Target
000000r 2                       .if     .match(Target, 0)
000000r 2                               bpl     *+5
000000r 2                               jmp     Target
000000r 2                       .elseif .def(Target) .and .const((*-2)-(Target)) .and ((*+2)-(Target) <= 127)
000000r 2                               bmi     Target
000000r 2                       .else
000000r 2                               bpl     *+5
000000r 2                               jmp     Target
000000r 2                       .endif
000000r 2               .endmacro
000000r 2               .macro  jpl     Target
000000r 2                       .if     .match(Target, 0)
000000r 2                               bmi     *+5
000000r 2                               jmp     Target
000000r 2                       .elseif .def(Target) .and .const((*-2)-(Target)) .and ((*+2)-(Target) <= 127)
000000r 2                               bpl     Target
000000r 2                       .else
000000r 2                               bmi     *+5
000000r 2                               jmp     Target
000000r 2                       .endif
000000r 2               .endmacro
000000r 2               .macro  jcs     Target
000000r 2                       .if     .match(Target, 0)
000000r 2                               bcc     *+5
000000r 2                               jmp     Target
000000r 2                       .elseif .def(Target) .and .const((*-2)-(Target)) .and ((*+2)-(Target) <= 127)
000000r 2                               bcs     Target
000000r 2                       .else
000000r 2                               bcc     *+5
000000r 2                               jmp     Target
000000r 2                       .endif
000000r 2               .endmacro
000000r 2               .macro  jcc     Target
000000r 2                       .if     .match(Target, 0)
000000r 2                               bcs     *+5
000000r 2                               jmp     Target
000000r 2                       .elseif .def(Target) .and .const((*-2)-(Target)) .and ((*+2)-(Target) <= 127)
000000r 2                               bcc     Target
000000r 2                       .else
000000r 2                               bcs     *+5
000000r 2                               jmp     Target
000000r 2                       .endif
000000r 2               .endmacro
000000r 2               .macro  jvs     Target
000000r 2                       .if     .match(Target, 0)
000000r 2                               bvc     *+5
000000r 2                               jmp     Target
000000r 2                       .elseif .def(Target) .and .const((*-2)-(Target)) .and ((*+2)-(Target) <= 127)
000000r 2                               bvs     Target
000000r 2                       .else
000000r 2                               bvc     *+5
000000r 2                               jmp     Target
000000r 2                       .endif
000000r 2               .endmacro
000000r 2               .macro  jvc     Target
000000r 2                       .if     .match(Target, 0)
000000r 2                               bvs     *+5
000000r 2                               jmp     Target
000000r 2                       .elseif .def(Target) .and .const((*-2)-(Target)) .and ((*+2)-(Target) <= 127)
000000r 2                               bvc     Target
000000r 2                       .else
000000r 2                               bvs     *+5
000000r 2                               jmp     Target
000000r 2                       .endif
000000r 2               .endmacro
000000r 2               
000000r 1               	.dbg		file, "C:\Users\Alex\Chased3D\melody.c", 4158, 1787868964
000000r 1               	.dbg		file, "C:\Users\Alex\Chased3D/melody.h", 326, 1787954059
000000r 1               	.dbg		sym, "melody_active", "00", extern, "_melody_active"
000000r 1               	.dbg		sym, "melody_timer", "00", extern, "_melody_timer"
000000r 1               	.dbg		sym, "melody_index", "00", extern, "_melody_index"
000000r 1               	.dbg		sym, "melody_length", "00", extern, "_melody_length"
000000r 1               	.dbg		sym, "melody_freq0", "00", extern, "_melody_freq0"
000000r 1               	.dbg		sym, "melody_freq1", "00", extern, "_melody_freq1"
000000r 1               	.dbg		sym, "melody_dur", "00", extern, "_melody_dur"
000000r 1               	.dbg		sym, "melody_threat_freq", "00", extern, "_melody_threat_freq"
000000r 1               	.dbg		sym, "melody_threat_dur", "00", extern, "_melody_threat_dur"
000000r 1               	.dbg		sym, "melody_threat_length", "00", extern, "_melody_threat_length"
000000r 1               	.dbg		sym, "melody_threat_level", "00", extern, "_melody_threat_level"
000000r 1               	.export		_melody_play
000000r 1               	.export		_melody_pickup
000000r 1               	.export		_melody_playing
000000r 1               	.export		_melody_threat_play
000000r 1               	.export		_melody_set_threat_level
000000r 1               	.import		_melody_active
000000r 1               	.import		_melody_timer
000000r 1               	.import		_melody_index
000000r 1               	.import		_melody_length
000000r 1               	.import		_melody_freq0
000000r 1               	.import		_melody_freq1
000000r 1               	.import		_melody_dur
000000r 1               	.import		_melody_threat_freq
000000r 1               	.import		_melody_threat_dur
000000r 1               	.import		_melody_threat_length
000000r 1               	.import		_melody_threat_level
000000r 1               
000000r 1               .segment	"RODATA"
000000r 1               
000000r 1               _note_frequency:
000000r 1  90           	.byte	$90
000001r 1  80           	.byte	$80
000002r 1  79           	.byte	$79
000003r 1  6C           	.byte	$6C
000004r 1  60           	.byte	$60
000005r 1  5B           	.byte	$5B
000006r 1  51           	.byte	$51
000007r 1  48           	.byte	$48
000008r 1  40           	.byte	$40
000009r 1  3C           	.byte	$3C
00000Ar 1  35           	.byte	$35
00000Br 1  2F           	.byte	$2F
00000Cr 1  2D           	.byte	$2D
00000Dr 1  28           	.byte	$28
00000Er 1  23           	.byte	$23
00000Fr 1  1F           	.byte	$1F
000010r 1  00           	.byte	$00
000011r 1               S0001:
000011r 1  43 31 31 45  	.byte	$43,$31,$31,$45,$31,$31,$47,$31,$31,$43,$32,$32,$00
000015r 1  31 31 47 31  
000019r 1  31 43 32 32  
00001Er 1               
00001Er 1               ; ---------------------------------------------------------------
00001Er 1               ; void __near__ melody_play (const char *melody)
00001Er 1               ; ---------------------------------------------------------------
00001Er 1               
00001Er 1               .segment	"CODE"
000000r 1               
000000r 1               .proc	_melody_play: near
000000r 1               
000000r 1               	.dbg	func, "melody_play", "00", static, "_melody_play"
000000r 1               	.dbg	sym, "melody", "00", auto, 0
000000r 1               	.dbg	sym, "index", "00", auto, -2
000000r 1               	.dbg	sym, "note", "00", auto, -3
000000r 1               	.dbg	sym, "duration", "00", auto, -4
000000r 1               	.dbg	sym, "length", "00", auto, -5
000000r 1               
000000r 1               .segment	"CODE"
000000r 1               
000000r 1               ;
000000r 1               ; {
000000r 1               ;
000000r 1               	.dbg	line, "C:\Users\Alex\Chased3D\melody.c", 52
000000r 1  20 rr rr     	jsr     pushax
000003r 1               ;
000003r 1               ; melody_active = 0;
000003r 1               ;
000003r 1               	.dbg	line, "C:\Users\Alex\Chased3D\melody.c", 60
000003r 1  20 rr rr     	jsr     decsp5
000006r 1  A9 00        	lda     #$00
000008r 1  8D rr rr     	sta     _melody_active
00000Br 1               ;
00000Br 1               ; melody_timer = 0;
00000Br 1               ;
00000Br 1               	.dbg	line, "C:\Users\Alex\Chased3D\melody.c", 61
00000Br 1  8D rr rr     	sta     _melody_timer
00000Er 1               ;
00000Er 1               ; melody_index = 0;
00000Er 1               ;
00000Er 1               	.dbg	line, "C:\Users\Alex\Chased3D\melody.c", 62
00000Er 1  8D rr rr     	sta     _melody_index
000011r 1               ;
000011r 1               ; length = 0;
000011r 1               ;
000011r 1               	.dbg	line, "C:\Users\Alex\Chased3D\melody.c", 63
000011r 1  A8           	tay
000012r 1  91 rr        	sta     (c_sp),y
000014r 1               ;
000014r 1               ; for (index = 0; length < MELODY_MAX; index += 3) {
000014r 1               ;
000014r 1               	.dbg	line, "C:\Users\Alex\Chased3D\melody.c", 64
000014r 1  AA           	tax
000015r 1  A0 03        	ldy     #$03
000017r 1  20 rr rr     	jsr     staxysp
00001Ar 1  A0 00        L0002:	ldy     #$00
00001Cr 1  B1 rr        	lda     (c_sp),y
00001Er 1  C9 20        	cmp     #$20
000020r 1  90 03 4C rr  	jcs     L0019
000024r 1  rr           
000025r 1               ;
000025r 1               ; if (melody[index] == '\0'
000025r 1               ;
000025r 1               	.dbg	line, "C:\Users\Alex\Chased3D\melody.c", 68
000025r 1  A0 04        	ldy     #$04
000027r 1  20 rr rr     	jsr     ldaxysp
00002Ar 1  18           	clc
00002Br 1  A0 05        	ldy     #$05
00002Dr 1  71 rr        	adc     (c_sp),y
00002Fr 1  85 rr        	sta     ptr1
000031r 1  8A           	txa
000032r 1  C8           	iny
000033r 1  71 rr        	adc     (c_sp),y
000035r 1  85 rr        	sta     ptr1+1
000037r 1  A0 00        	ldy     #$00
000039r 1  B1 rr        	lda     (ptr1),y
00003Br 1               ;
00003Br 1               ; || melody[index + 1] == '\0'
00003Br 1               ;
00003Br 1               	.dbg	line, "C:\Users\Alex\Chased3D\melody.c", 69
00003Br 1  D0 03 4C rr  	jeq     L0019
00003Fr 1  rr           
000040r 1  A0 04        	ldy     #$04
000042r 1  20 rr rr     	jsr     ldaxysp
000045r 1  20 rr rr     	jsr     incax1
000048r 1  18           	clc
000049r 1  A0 05        	ldy     #$05
00004Br 1  71 rr        	adc     (c_sp),y
00004Dr 1  85 rr        	sta     ptr1
00004Fr 1  8A           	txa
000050r 1  C8           	iny
000051r 1  71 rr        	adc     (c_sp),y
000053r 1  85 rr        	sta     ptr1+1
000055r 1  A0 00        	ldy     #$00
000057r 1  B1 rr        	lda     (ptr1),y
000059r 1               ;
000059r 1               ; || melody[index + 2] == '\0') break;
000059r 1               ;
000059r 1               	.dbg	line, "C:\Users\Alex\Chased3D\melody.c", 70
000059r 1  D0 03 4C rr  	jeq     L0019
00005Dr 1  rr           
00005Er 1  A0 04        	ldy     #$04
000060r 1  20 rr rr     	jsr     ldaxysp
000063r 1  20 rr rr     	jsr     incax2
000066r 1  18           	clc
000067r 1  A0 05        	ldy     #$05
000069r 1  71 rr        	adc     (c_sp),y
00006Br 1  85 rr        	sta     ptr1
00006Dr 1  8A           	txa
00006Er 1  C8           	iny
00006Fr 1  71 rr        	adc     (c_sp),y
000071r 1  85 rr        	sta     ptr1+1
000073r 1  A0 00        	ldy     #$00
000075r 1  B1 rr        	lda     (ptr1),y
000077r 1  D0 03 4C rr  	jeq     L0019
00007Br 1  rr           
00007Cr 1               ;
00007Cr 1               ; note = melody_note_index((unsigned char)melody[index],
00007Cr 1               ;
00007Cr 1               	.dbg	line, "C:\Users\Alex\Chased3D\melody.c", 71
00007Cr 1  A0 04        	ldy     #$04
00007Er 1  20 rr rr     	jsr     ldaxysp
000081r 1  18           	clc
000082r 1  A0 05        	ldy     #$05
000084r 1  71 rr        	adc     (c_sp),y
000086r 1  85 rr        	sta     ptr1
000088r 1  8A           	txa
000089r 1  C8           	iny
00008Ar 1  71 rr        	adc     (c_sp),y
00008Cr 1  85 rr        	sta     ptr1+1
00008Er 1  A0 00        	ldy     #$00
000090r 1  B1 rr        	lda     (ptr1),y
000092r 1  20 rr rr     	jsr     pusha
000095r 1               ;
000095r 1               ; (unsigned char)melody[index + 1]);
000095r 1               ;
000095r 1               	.dbg	line, "C:\Users\Alex\Chased3D\melody.c", 72
000095r 1  A0 05        	ldy     #$05
000097r 1  20 rr rr     	jsr     ldaxysp
00009Ar 1  20 rr rr     	jsr     incax1
00009Dr 1  18           	clc
00009Er 1  A0 06        	ldy     #$06
0000A0r 1  71 rr        	adc     (c_sp),y
0000A2r 1  85 rr        	sta     ptr1
0000A4r 1  8A           	txa
0000A5r 1  C8           	iny
0000A6r 1  71 rr        	adc     (c_sp),y
0000A8r 1  85 rr        	sta     ptr1+1
0000AAr 1  A0 00        	ldy     #$00
0000ACr 1  B1 rr        	lda     (ptr1),y
0000AEr 1  20 rr rr     	jsr     _melody_note_index
0000B1r 1  A0 02        	ldy     #$02
0000B3r 1  91 rr        	sta     (c_sp),y
0000B5r 1               ;
0000B5r 1               ; duration = (unsigned char)(melody[index + 2] - '0');
0000B5r 1               ;
0000B5r 1               	.dbg	line, "C:\Users\Alex\Chased3D\melody.c", 73
0000B5r 1  A0 04        	ldy     #$04
0000B7r 1  20 rr rr     	jsr     ldaxysp
0000BAr 1  20 rr rr     	jsr     incax2
0000BDr 1  18           	clc
0000BEr 1  A0 05        	ldy     #$05
0000C0r 1  71 rr        	adc     (c_sp),y
0000C2r 1  85 rr        	sta     ptr1
0000C4r 1  8A           	txa
0000C5r 1  C8           	iny
0000C6r 1  71 rr        	adc     (c_sp),y
0000C8r 1  85 rr        	sta     ptr1+1
0000CAr 1  A2 00        	ldx     #$00
0000CCr 1  A1 rr        	lda     (ptr1,x)
0000CEr 1  A0 30        	ldy     #$30
0000D0r 1  20 rr rr     	jsr     decaxy
0000D3r 1  A0 01        	ldy     #$01
0000D5r 1  91 rr        	sta     (c_sp),y
0000D7r 1               ;
0000D7r 1               ; if (duration != 1 && duration != 2 && duration != 4) duration = 1;
0000D7r 1               ;
0000D7r 1               	.dbg	line, "C:\Users\Alex\Chased3D\melody.c", 74
0000D7r 1  C9 01        	cmp     #$01
0000D9r 1  F0 0D        	beq     L0009
0000DBr 1  B1 rr        	lda     (c_sp),y
0000DDr 1  C9 02        	cmp     #$02
0000DFr 1  F0 07        	beq     L0009
0000E1r 1  C9 04        	cmp     #$04
0000E3r 1  F0 03        	beq     L0009
0000E5r 1  98           	tya
0000E6r 1  91 rr        	sta     (c_sp),y
0000E8r 1               ;
0000E8r 1               ; melody_freq0[length] = note_frequency[note];
0000E8r 1               ;
0000E8r 1               	.dbg	line, "C:\Users\Alex\Chased3D\melody.c", 75
0000E8r 1  A9 rr        L0009:	lda     #<(_melody_freq0)
0000EAr 1  A2 rr        	ldx     #>(_melody_freq0)
0000ECr 1  88           	dey
0000EDr 1  18           	clc
0000EEr 1  71 rr        	adc     (c_sp),y
0000F0r 1  90 01        	bcc     L000D
0000F2r 1  E8           	inx
0000F3r 1  85 rr        L000D:	sta     ptr1
0000F5r 1  86 rr        	stx     ptr1+1
0000F7r 1  A0 02        	ldy     #$02
0000F9r 1  B1 rr        	lda     (c_sp),y
0000FBr 1  A8           	tay
0000FCr 1  B9 rr rr     	lda     _note_frequency,y
0000FFr 1  A0 00        	ldy     #$00
000101r 1  91 rr        	sta     (ptr1),y
000103r 1               ;
000103r 1               ; melody_freq1[length] = note <= 14 ? note_frequency[note + 2] : 0;
000103r 1               ;
000103r 1               	.dbg	line, "C:\Users\Alex\Chased3D\melody.c", 78
000103r 1  A9 rr        	lda     #<(_melody_freq1)
000105r 1  A2 rr        	ldx     #>(_melody_freq1)
000107r 1  18           	clc
000108r 1  71 rr        	adc     (c_sp),y
00010Ar 1  90 01        	bcc     L000F
00010Cr 1  E8           	inx
00010Dr 1  85 rr        L000F:	sta     sreg
00010Fr 1  86 rr        	stx     sreg+1
000111r 1  A0 02        	ldy     #$02
000113r 1  B1 rr        	lda     (c_sp),y
000115r 1  C9 0F        	cmp     #$0F
000117r 1  B0 16        	bcs     L0016
000119r 1  A2 00        	ldx     #$00
00011Br 1  B1 rr        	lda     (c_sp),y
00011Dr 1  20 rr rr     	jsr     incax2
000120r 1  85 rr        	sta     ptr1
000122r 1  8A           	txa
000123r 1  18           	clc
000124r 1  69 rr        	adc     #>(_note_frequency)
000126r 1  85 rr        	sta     ptr1+1
000128r 1  A0 rr        	ldy     #<(_note_frequency)
00012Ar 1  B1 rr        	lda     (ptr1),y
00012Cr 1  4C rr rr     	jmp     L0017
00012Fr 1  A9 00        L0016:	lda     #$00
000131r 1  A0 00        L0017:	ldy     #$00
000133r 1  91 rr        	sta     (sreg),y
000135r 1               ;
000135r 1               ; melody_dur[length] = (unsigned char)(duration * 5);
000135r 1               ;
000135r 1               	.dbg	line, "C:\Users\Alex\Chased3D\melody.c", 79
000135r 1  A9 rr        	lda     #<(_melody_dur)
000137r 1  A2 rr        	ldx     #>(_melody_dur)
000139r 1  18           	clc
00013Ar 1  71 rr        	adc     (c_sp),y
00013Cr 1  90 01        	bcc     L0012
00013Er 1  E8           	inx
00013Fr 1  85 rr        L0012:	sta     sreg
000141r 1  86 rr        	stx     sreg+1
000143r 1  A2 00        	ldx     #$00
000145r 1  C8           	iny
000146r 1  B1 rr        	lda     (c_sp),y
000148r 1  20 rr rr     	jsr     mulax5
00014Br 1  88           	dey
00014Cr 1  91 rr        	sta     (sreg),y
00014Er 1               ;
00014Er 1               ; ++length;
00014Er 1               ;
00014Er 1               	.dbg	line, "C:\Users\Alex\Chased3D\melody.c", 80
00014Er 1  18           	clc
00014Fr 1  A9 01        	lda     #$01
000151r 1  71 rr        	adc     (c_sp),y
000153r 1  91 rr        	sta     (c_sp),y
000155r 1               ;
000155r 1               ; for (index = 0; length < MELODY_MAX; index += 3) {
000155r 1               ;
000155r 1               	.dbg	line, "C:\Users\Alex\Chased3D\melody.c", 64
000155r 1  A0 03        	ldy     #$03
000157r 1  A2 00        	ldx     #$00
000159r 1  98           	tya
00015Ar 1  20 rr rr     	jsr     addeqysp
00015Dr 1  4C rr rr     	jmp     L0002
000160r 1               ;
000160r 1               ; melody_length = length;
000160r 1               ;
000160r 1               	.dbg	line, "C:\Users\Alex\Chased3D\melody.c", 82
000160r 1  B1 rr        L0019:	lda     (c_sp),y
000162r 1  8D rr rr     	sta     _melody_length
000165r 1               ;
000165r 1               ; melody_active = length != 0;
000165r 1               ;
000165r 1               	.dbg	line, "C:\Users\Alex\Chased3D\melody.c", 83
000165r 1  B1 rr        	lda     (c_sp),y
000167r 1  20 rr rr     	jsr     boolne
00016Ar 1  8D rr rr     	sta     _melody_active
00016Dr 1               ;
00016Dr 1               ; }
00016Dr 1               ;
00016Dr 1               	.dbg	line, "C:\Users\Alex\Chased3D\melody.c", 84
00016Dr 1  4C rr rr     	jmp     incsp7
000170r 1               
000170r 1               	.dbg	line
000170r 1               .endproc
000170r 1               
000170r 1               ; ---------------------------------------------------------------
000170r 1               ; void __near__ melody_pickup (void)
000170r 1               ; ---------------------------------------------------------------
000170r 1               
000170r 1               .segment	"CODE"
000170r 1               
000170r 1               .proc	_melody_pickup: near
000170r 1               
000170r 1               	.dbg	func, "melody_pickup", "00", static, "_melody_pickup"
000170r 1               
000170r 1               .segment	"CODE"
000170r 1               
000170r 1               ;
000170r 1               ; melody_play("C11E11G11C22");
000170r 1               ;
000170r 1               	.dbg	line, "C:\Users\Alex\Chased3D\melody.c", 88
000170r 1  A9 rr        	lda     #<(S0001)
000172r 1  A2 rr        	ldx     #>(S0001)
000174r 1  4C rr rr     	jmp     _melody_play
000177r 1               
000177r 1               	.dbg	line
000177r 1               .endproc
000177r 1               
000177r 1               ; ---------------------------------------------------------------
000177r 1               ; unsigned char __near__ melody_playing (void)
000177r 1               ; ---------------------------------------------------------------
000177r 1               
000177r 1               .segment	"CODE"
000177r 1               
000177r 1               .proc	_melody_playing: near
000177r 1               
000177r 1               	.dbg	func, "melody_playing", "00", static, "_melody_playing"
000177r 1               
000177r 1               .segment	"CODE"
000177r 1               
000177r 1               ;
000177r 1               ; return melody_active;
000177r 1               ;
000177r 1               	.dbg	line, "C:\Users\Alex\Chased3D\melody.c", 93
000177r 1  A2 00        	ldx     #$00
000179r 1  AD rr rr     	lda     _melody_active
00017Cr 1               ;
00017Cr 1               ; }
00017Cr 1               ;
00017Cr 1               	.dbg	line, "C:\Users\Alex\Chased3D\melody.c", 94
00017Cr 1  60           	rts
00017Dr 1               
00017Dr 1               	.dbg	line
00017Dr 1               .endproc
00017Dr 1               
00017Dr 1               ; ---------------------------------------------------------------
00017Dr 1               ; void __near__ melody_threat_play (const char *melody)
00017Dr 1               ; ---------------------------------------------------------------
00017Dr 1               
00017Dr 1               .segment	"CODE"
00017Dr 1               
00017Dr 1               .proc	_melody_threat_play: near
00017Dr 1               
00017Dr 1               	.dbg	func, "melody_threat_play", "00", static, "_melody_threat_play"
00017Dr 1               	.dbg	sym, "melody", "00", auto, 0
00017Dr 1               	.dbg	sym, "index", "00", auto, -2
00017Dr 1               	.dbg	sym, "note", "00", auto, -3
00017Dr 1               	.dbg	sym, "duration", "00", auto, -4
00017Dr 1               	.dbg	sym, "length", "00", auto, -5
00017Dr 1               
00017Dr 1               .segment	"CODE"
00017Dr 1               
00017Dr 1               ;
00017Dr 1               ; {
00017Dr 1               ;
00017Dr 1               	.dbg	line, "C:\Users\Alex\Chased3D\melody.c", 97
00017Dr 1  20 rr rr     	jsr     pushax
000180r 1               ;
000180r 1               ; length = 0;
000180r 1               ;
000180r 1               	.dbg	line, "C:\Users\Alex\Chased3D\melody.c", 103
000180r 1  20 rr rr     	jsr     decsp5
000183r 1  A9 00        	lda     #$00
000185r 1  A8           	tay
000186r 1  91 rr        	sta     (c_sp),y
000188r 1               ;
000188r 1               ; for (index = 0; length < THREAT_MELODY_MAX; index += 3) {
000188r 1               ;
000188r 1               	.dbg	line, "C:\Users\Alex\Chased3D\melody.c", 104
000188r 1  AA           	tax
000189r 1  A0 03        	ldy     #$03
00018Br 1  20 rr rr     	jsr     staxysp
00018Er 1  A0 00        L0002:	ldy     #$00
000190r 1  B1 rr        	lda     (c_sp),y
000192r 1  C9 10        	cmp     #$10
000194r 1  90 03 4C rr  	jcs     L0014
000198r 1  rr           
000199r 1               ;
000199r 1               ; if (melody[index] == '\0' || melody[index + 1] == '\0'
000199r 1               ;
000199r 1               	.dbg	line, "C:\Users\Alex\Chased3D\melody.c", 105
000199r 1  A0 04        	ldy     #$04
00019Br 1  20 rr rr     	jsr     ldaxysp
00019Er 1  18           	clc
00019Fr 1  A0 05        	ldy     #$05
0001A1r 1  71 rr        	adc     (c_sp),y
0001A3r 1  85 rr        	sta     ptr1
0001A5r 1  8A           	txa
0001A6r 1  C8           	iny
0001A7r 1  71 rr        	adc     (c_sp),y
0001A9r 1  85 rr        	sta     ptr1+1
0001ABr 1  A0 00        	ldy     #$00
0001ADr 1  B1 rr        	lda     (ptr1),y
0001AFr 1  D0 03 4C rr  	jeq     L0014
0001B3r 1  rr           
0001B4r 1  A0 04        	ldy     #$04
0001B6r 1  20 rr rr     	jsr     ldaxysp
0001B9r 1  20 rr rr     	jsr     incax1
0001BCr 1  18           	clc
0001BDr 1  A0 05        	ldy     #$05
0001BFr 1  71 rr        	adc     (c_sp),y
0001C1r 1  85 rr        	sta     ptr1
0001C3r 1  8A           	txa
0001C4r 1  C8           	iny
0001C5r 1  71 rr        	adc     (c_sp),y
0001C7r 1  85 rr        	sta     ptr1+1
0001C9r 1  A0 00        	ldy     #$00
0001CBr 1  B1 rr        	lda     (ptr1),y
0001CDr 1               ;
0001CDr 1               ; || melody[index + 2] == '\0') break;
0001CDr 1               ;
0001CDr 1               	.dbg	line, "C:\Users\Alex\Chased3D\melody.c", 106
0001CDr 1  D0 03 4C rr  	jeq     L0014
0001D1r 1  rr           
0001D2r 1  A0 04        	ldy     #$04
0001D4r 1  20 rr rr     	jsr     ldaxysp
0001D7r 1  20 rr rr     	jsr     incax2
0001DAr 1  18           	clc
0001DBr 1  A0 05        	ldy     #$05
0001DDr 1  71 rr        	adc     (c_sp),y
0001DFr 1  85 rr        	sta     ptr1
0001E1r 1  8A           	txa
0001E2r 1  C8           	iny
0001E3r 1  71 rr        	adc     (c_sp),y
0001E5r 1  85 rr        	sta     ptr1+1
0001E7r 1  A0 00        	ldy     #$00
0001E9r 1  B1 rr        	lda     (ptr1),y
0001EBr 1  D0 03 4C rr  	jeq     L0014
0001EFr 1  rr           
0001F0r 1               ;
0001F0r 1               ; note = melody_note_index((unsigned char)melody[index],
0001F0r 1               ;
0001F0r 1               	.dbg	line, "C:\Users\Alex\Chased3D\melody.c", 107
0001F0r 1  A0 04        	ldy     #$04
0001F2r 1  20 rr rr     	jsr     ldaxysp
0001F5r 1  18           	clc
0001F6r 1  A0 05        	ldy     #$05
0001F8r 1  71 rr        	adc     (c_sp),y
0001FAr 1  85 rr        	sta     ptr1
0001FCr 1  8A           	txa
0001FDr 1  C8           	iny
0001FEr 1  71 rr        	adc     (c_sp),y
000200r 1  85 rr        	sta     ptr1+1
000202r 1  A0 00        	ldy     #$00
000204r 1  B1 rr        	lda     (ptr1),y
000206r 1  20 rr rr     	jsr     pusha
000209r 1               ;
000209r 1               ; (unsigned char)melody[index + 1]);
000209r 1               ;
000209r 1               	.dbg	line, "C:\Users\Alex\Chased3D\melody.c", 108
000209r 1  A0 05        	ldy     #$05
00020Br 1  20 rr rr     	jsr     ldaxysp
00020Er 1  20 rr rr     	jsr     incax1
000211r 1  18           	clc
000212r 1  A0 06        	ldy     #$06
000214r 1  71 rr        	adc     (c_sp),y
000216r 1  85 rr        	sta     ptr1
000218r 1  8A           	txa
000219r 1  C8           	iny
00021Ar 1  71 rr        	adc     (c_sp),y
00021Cr 1  85 rr        	sta     ptr1+1
00021Er 1  A0 00        	ldy     #$00
000220r 1  B1 rr        	lda     (ptr1),y
000222r 1  20 rr rr     	jsr     _melody_note_index
000225r 1  A0 02        	ldy     #$02
000227r 1  91 rr        	sta     (c_sp),y
000229r 1               ;
000229r 1               ; duration = (unsigned char)(melody[index + 2] - '0');
000229r 1               ;
000229r 1               	.dbg	line, "C:\Users\Alex\Chased3D\melody.c", 109
000229r 1  A0 04        	ldy     #$04
00022Br 1  20 rr rr     	jsr     ldaxysp
00022Er 1  20 rr rr     	jsr     incax2
000231r 1  18           	clc
000232r 1  A0 05        	ldy     #$05
000234r 1  71 rr        	adc     (c_sp),y
000236r 1  85 rr        	sta     ptr1
000238r 1  8A           	txa
000239r 1  C8           	iny
00023Ar 1  71 rr        	adc     (c_sp),y
00023Cr 1  85 rr        	sta     ptr1+1
00023Er 1  A2 00        	ldx     #$00
000240r 1  A1 rr        	lda     (ptr1,x)
000242r 1  A0 30        	ldy     #$30
000244r 1  20 rr rr     	jsr     decaxy
000247r 1  A0 01        	ldy     #$01
000249r 1  91 rr        	sta     (c_sp),y
00024Br 1               ;
00024Br 1               ; if (duration != 1 && duration != 2 && duration != 4) duration = 1;
00024Br 1               ;
00024Br 1               	.dbg	line, "C:\Users\Alex\Chased3D\melody.c", 110
00024Br 1  C9 01        	cmp     #$01
00024Dr 1  F0 0D        	beq     L0009
00024Fr 1  B1 rr        	lda     (c_sp),y
000251r 1  C9 02        	cmp     #$02
000253r 1  F0 07        	beq     L0009
000255r 1  C9 04        	cmp     #$04
000257r 1  F0 03        	beq     L0009
000259r 1  98           	tya
00025Ar 1  91 rr        	sta     (c_sp),y
00025Cr 1               ;
00025Cr 1               ; melody_threat_freq[length] = note_frequency[note];
00025Cr 1               ;
00025Cr 1               	.dbg	line, "C:\Users\Alex\Chased3D\melody.c", 111
00025Cr 1  A9 rr        L0009:	lda     #<(_melody_threat_freq)
00025Er 1  A2 rr        	ldx     #>(_melody_threat_freq)
000260r 1  88           	dey
000261r 1  18           	clc
000262r 1  71 rr        	adc     (c_sp),y
000264r 1  90 01        	bcc     L000D
000266r 1  E8           	inx
000267r 1  85 rr        L000D:	sta     ptr1
000269r 1  86 rr        	stx     ptr1+1
00026Br 1  A0 02        	ldy     #$02
00026Dr 1  B1 rr        	lda     (c_sp),y
00026Fr 1  A8           	tay
000270r 1  B9 rr rr     	lda     _note_frequency,y
000273r 1  A0 00        	ldy     #$00
000275r 1  91 rr        	sta     (ptr1),y
000277r 1               ;
000277r 1               ; melody_threat_dur[length] = (unsigned char)(duration * 5);
000277r 1               ;
000277r 1               	.dbg	line, "C:\Users\Alex\Chased3D\melody.c", 112
000277r 1  A9 rr        	lda     #<(_melody_threat_dur)
000279r 1  A2 rr        	ldx     #>(_melody_threat_dur)
00027Br 1  18           	clc
00027Cr 1  71 rr        	adc     (c_sp),y
00027Er 1  90 01        	bcc     L000F
000280r 1  E8           	inx
000281r 1  85 rr        L000F:	sta     sreg
000283r 1  86 rr        	stx     sreg+1
000285r 1  A2 00        	ldx     #$00
000287r 1  C8           	iny
000288r 1  B1 rr        	lda     (c_sp),y
00028Ar 1  20 rr rr     	jsr     mulax5
00028Dr 1  88           	dey
00028Er 1  91 rr        	sta     (sreg),y
000290r 1               ;
000290r 1               ; ++length;
000290r 1               ;
000290r 1               	.dbg	line, "C:\Users\Alex\Chased3D\melody.c", 113
000290r 1  18           	clc
000291r 1  A9 01        	lda     #$01
000293r 1  71 rr        	adc     (c_sp),y
000295r 1  91 rr        	sta     (c_sp),y
000297r 1               ;
000297r 1               ; for (index = 0; length < THREAT_MELODY_MAX; index += 3) {
000297r 1               ;
000297r 1               	.dbg	line, "C:\Users\Alex\Chased3D\melody.c", 104
000297r 1  A0 03        	ldy     #$03
000299r 1  A2 00        	ldx     #$00
00029Br 1  98           	tya
00029Cr 1  20 rr rr     	jsr     addeqysp
00029Fr 1  4C rr rr     	jmp     L0002
0002A2r 1               ;
0002A2r 1               ; melody_threat_length = length;
0002A2r 1               ;
0002A2r 1               	.dbg	line, "C:\Users\Alex\Chased3D\melody.c", 115
0002A2r 1  B1 rr        L0014:	lda     (c_sp),y
0002A4r 1  8D rr rr     	sta     _melody_threat_length
0002A7r 1               ;
0002A7r 1               ; }
0002A7r 1               ;
0002A7r 1               	.dbg	line, "C:\Users\Alex\Chased3D\melody.c", 116
0002A7r 1  4C rr rr     	jmp     incsp7
0002AAr 1               
0002AAr 1               	.dbg	line
0002AAr 1               .endproc
0002AAr 1               
0002AAr 1               ; ---------------------------------------------------------------
0002AAr 1               ; void __near__ melody_set_threat_level (unsigned char level)
0002AAr 1               ; ---------------------------------------------------------------
0002AAr 1               
0002AAr 1               .segment	"CODE"
0002AAr 1               
0002AAr 1               .proc	_melody_set_threat_level: near
0002AAr 1               
0002AAr 1               	.dbg	func, "melody_set_threat_level", "00", static, "_melody_set_threat_level"
0002AAr 1               	.dbg	sym, "level", "00", auto, 0
0002AAr 1               
0002AAr 1               .segment	"CODE"
0002AAr 1               
0002AAr 1               ;
0002AAr 1               ; {
0002AAr 1               ;
0002AAr 1               	.dbg	line, "C:\Users\Alex\Chased3D\melody.c", 119
0002AAr 1  20 rr rr     	jsr     pusha
0002ADr 1               ;
0002ADr 1               ; if (level > 15) level = 15;
0002ADr 1               ;
0002ADr 1               	.dbg	line, "C:\Users\Alex\Chased3D\melody.c", 122
0002ADr 1  A0 00        	ldy     #$00
0002AFr 1  B1 rr        	lda     (c_sp),y
0002B1r 1  C9 10        	cmp     #$10
0002B3r 1  90 04        	bcc     L0004
0002B5r 1  A9 0F        	lda     #$0F
0002B7r 1  91 rr        	sta     (c_sp),y
0002B9r 1               ;
0002B9r 1               ; melody_threat_level = level;
0002B9r 1               ;
0002B9r 1               	.dbg	line, "C:\Users\Alex\Chased3D\melody.c", 123
0002B9r 1  B1 rr        L0004:	lda     (c_sp),y
0002BBr 1  8D rr rr     	sta     _melody_threat_level
0002BEr 1               ;
0002BEr 1               ; }
0002BEr 1               ;
0002BEr 1               	.dbg	line, "C:\Users\Alex\Chased3D\melody.c", 124
0002BEr 1  4C rr rr     	jmp     incsp1
0002C1r 1               
0002C1r 1               	.dbg	line
0002C1r 1               .endproc
0002C1r 1               
0002C1r 1               ; ---------------------------------------------------------------
0002C1r 1               ; unsigned char __near__ melody_note_index (unsigned char note, unsigned char octave)
0002C1r 1               ; ---------------------------------------------------------------
0002C1r 1               
0002C1r 1               .segment	"CODE"
0002C1r 1               
0002C1r 1               .proc	_melody_note_index: near
0002C1r 1               
0002C1r 1               	.dbg	func, "melody_note_index", "00", static, "_melody_note_index"
0002C1r 1               	.dbg	sym, "note", "00", auto, 1
0002C1r 1               	.dbg	sym, "octave", "00", auto, 0
0002C1r 1               
0002C1r 1               .segment	"CODE"
0002C1r 1               
0002C1r 1               ;
0002C1r 1               ; {
0002C1r 1               ;
0002C1r 1               	.dbg	line, "C:\Users\Alex\Chased3D\melody.c", 25
0002C1r 1  20 rr rr     	jsr     pusha
0002C4r 1               ;
0002C4r 1               ; if (note == 'P') return REST;
0002C4r 1               ;
0002C4r 1               	.dbg	line, "C:\Users\Alex\Chased3D\melody.c", 26
0002C4r 1  A0 01        	ldy     #$01
0002C6r 1  B1 rr        	lda     (c_sp),y
0002C8r 1  C9 50        	cmp     #$50
0002CAr 1  D0 05        	bne     L0002
0002CCr 1  A2 00        	ldx     #$00
0002CEr 1  4C rr rr     	jmp     L0018
0002D1r 1               ;
0002D1r 1               ; if (octave == '0') {
0002D1r 1               ;
0002D1r 1               	.dbg	line, "C:\Users\Alex\Chased3D\melody.c", 27
0002D1r 1  A2 00        L0002:	ldx     #$00
0002D3r 1  A1 rr        	lda     (c_sp,x)
0002D5r 1  C9 30        	cmp     #$30
0002D7r 1  D0 19        	bne     L001C
0002D9r 1               ;
0002D9r 1               ; if (note == 'A') return 0;
0002D9r 1               ;
0002D9r 1               	.dbg	line, "C:\Users\Alex\Chased3D\melody.c", 28
0002D9r 1  A0 01        	ldy     #$01
0002DBr 1  B1 rr        	lda     (c_sp),y
0002DDr 1  C9 41        	cmp     #$41
0002DFr 1  D0 04        	bne     L001A
0002E1r 1  8A           	txa
0002E2r 1  4C rr rr     	jmp     incsp2
0002E5r 1               ;
0002E5r 1               ; if (note == 'B') return 1;
0002E5r 1               ;
0002E5r 1               	.dbg	line, "C:\Users\Alex\Chased3D\melody.c", 29
0002E5r 1  B1 rr        L001A:	lda     (c_sp),y
0002E7r 1  C9 42        	cmp     #$42
0002E9r 1  F0 03 4C rr  	jne     L0018
0002EDr 1  rr           
0002EEr 1  98           	tya
0002EFr 1  4C rr rr     	jmp     incsp2
0002F2r 1               ;
0002F2r 1               ; } else if (octave == '1') {
0002F2r 1               ;
0002F2r 1               	.dbg	line, "C:\Users\Alex\Chased3D\melody.c", 30
0002F2r 1  A1 rr        L001C:	lda     (c_sp,x)
0002F4r 1  C9 31        	cmp     #$31
0002F6r 1  D0 4F        	bne     L002A
0002F8r 1               ;
0002F8r 1               ; if (note == 'C') return 2;
0002F8r 1               ;
0002F8r 1               	.dbg	line, "C:\Users\Alex\Chased3D\melody.c", 31
0002F8r 1  A0 01        	ldy     #$01
0002FAr 1  B1 rr        	lda     (c_sp),y
0002FCr 1  C9 43        	cmp     #$43
0002FEr 1  D0 05        	bne     L001E
000300r 1  A9 02        	lda     #$02
000302r 1  4C rr rr     	jmp     incsp2
000305r 1               ;
000305r 1               ; if (note == 'D') return 3;
000305r 1               ;
000305r 1               	.dbg	line, "C:\Users\Alex\Chased3D\melody.c", 32
000305r 1  B1 rr        L001E:	lda     (c_sp),y
000307r 1  C9 44        	cmp     #$44
000309r 1  D0 05        	bne     L0020
00030Br 1  A9 03        	lda     #$03
00030Dr 1  4C rr rr     	jmp     incsp2
000310r 1               ;
000310r 1               ; if (note == 'E') return 4;
000310r 1               ;
000310r 1               	.dbg	line, "C:\Users\Alex\Chased3D\melody.c", 33
000310r 1  B1 rr        L0020:	lda     (c_sp),y
000312r 1  C9 45        	cmp     #$45
000314r 1  D0 05        	bne     L0022
000316r 1  A9 04        	lda     #$04
000318r 1  4C rr rr     	jmp     incsp2
00031Br 1               ;
00031Br 1               ; if (note == 'F') return 5;
00031Br 1               ;
00031Br 1               	.dbg	line, "C:\Users\Alex\Chased3D\melody.c", 34
00031Br 1  B1 rr        L0022:	lda     (c_sp),y
00031Dr 1  C9 46        	cmp     #$46
00031Fr 1  D0 05        	bne     L0024
000321r 1  A9 05        	lda     #$05
000323r 1  4C rr rr     	jmp     incsp2
000326r 1               ;
000326r 1               ; if (note == 'G') return 6;
000326r 1               ;
000326r 1               	.dbg	line, "C:\Users\Alex\Chased3D\melody.c", 35
000326r 1  B1 rr        L0024:	lda     (c_sp),y
000328r 1  C9 47        	cmp     #$47
00032Ar 1  D0 05        	bne     L0026
00032Cr 1  A9 06        	lda     #$06
00032Er 1  4C rr rr     	jmp     incsp2
000331r 1               ;
000331r 1               ; if (note == 'A') return 7;
000331r 1               ;
000331r 1               	.dbg	line, "C:\Users\Alex\Chased3D\melody.c", 36
000331r 1  B1 rr        L0026:	lda     (c_sp),y
000333r 1  C9 41        	cmp     #$41
000335r 1  D0 05        	bne     L0028
000337r 1  A9 07        	lda     #$07
000339r 1  4C rr rr     	jmp     incsp2
00033Cr 1               ;
00033Cr 1               ; if (note == 'B') return 8;
00033Cr 1               ;
00033Cr 1               	.dbg	line, "C:\Users\Alex\Chased3D\melody.c", 37
00033Cr 1  B1 rr        L0028:	lda     (c_sp),y
00033Er 1  C9 42        	cmp     #$42
000340r 1  D0 5A        	bne     L0018
000342r 1  A9 08        	lda     #$08
000344r 1  4C rr rr     	jmp     incsp2
000347r 1               ;
000347r 1               ; } else if (octave == '2') {
000347r 1               ;
000347r 1               	.dbg	line, "C:\Users\Alex\Chased3D\melody.c", 38
000347r 1  A1 rr        L002A:	lda     (c_sp,x)
000349r 1  C9 32        	cmp     #$32
00034Br 1  D0 4F        	bne     L0018
00034Dr 1               ;
00034Dr 1               ; if (note == 'C') return 9;
00034Dr 1               ;
00034Dr 1               	.dbg	line, "C:\Users\Alex\Chased3D\melody.c", 39
00034Dr 1  A0 01        	ldy     #$01
00034Fr 1  B1 rr        	lda     (c_sp),y
000351r 1  C9 43        	cmp     #$43
000353r 1  D0 05        	bne     L002C
000355r 1  A9 09        	lda     #$09
000357r 1  4C rr rr     	jmp     incsp2
00035Ar 1               ;
00035Ar 1               ; if (note == 'D') return 10;
00035Ar 1               ;
00035Ar 1               	.dbg	line, "C:\Users\Alex\Chased3D\melody.c", 40
00035Ar 1  B1 rr        L002C:	lda     (c_sp),y
00035Cr 1  C9 44        	cmp     #$44
00035Er 1  D0 05        	bne     L002E
000360r 1  A9 0A        	lda     #$0A
000362r 1  4C rr rr     	jmp     incsp2
000365r 1               ;
000365r 1               ; if (note == 'E') return 11;
000365r 1               ;
000365r 1               	.dbg	line, "C:\Users\Alex\Chased3D\melody.c", 41
000365r 1  B1 rr        L002E:	lda     (c_sp),y
000367r 1  C9 45        	cmp     #$45
000369r 1  D0 05        	bne     L0030
00036Br 1  A9 0B        	lda     #$0B
00036Dr 1  4C rr rr     	jmp     incsp2
000370r 1               ;
000370r 1               ; if (note == 'F') return 12;
000370r 1               ;
000370r 1               	.dbg	line, "C:\Users\Alex\Chased3D\melody.c", 42
000370r 1  B1 rr        L0030:	lda     (c_sp),y
000372r 1  C9 46        	cmp     #$46
000374r 1  D0 05        	bne     L0032
000376r 1  A9 0C        	lda     #$0C
000378r 1  4C rr rr     	jmp     incsp2
00037Br 1               ;
00037Br 1               ; if (note == 'G') return 13;
00037Br 1               ;
00037Br 1               	.dbg	line, "C:\Users\Alex\Chased3D\melody.c", 43
00037Br 1  B1 rr        L0032:	lda     (c_sp),y
00037Dr 1  C9 47        	cmp     #$47
00037Fr 1  D0 05        	bne     L0034
000381r 1  A9 0D        	lda     #$0D
000383r 1  4C rr rr     	jmp     incsp2
000386r 1               ;
000386r 1               ; if (note == 'A') return 14;
000386r 1               ;
000386r 1               	.dbg	line, "C:\Users\Alex\Chased3D\melody.c", 44
000386r 1  B1 rr        L0034:	lda     (c_sp),y
000388r 1  C9 41        	cmp     #$41
00038Ar 1  D0 05        	bne     L0036
00038Cr 1  A9 0E        	lda     #$0E
00038Er 1  4C rr rr     	jmp     incsp2
000391r 1               ;
000391r 1               ; if (note == 'B') return 15;
000391r 1               ;
000391r 1               	.dbg	line, "C:\Users\Alex\Chased3D\melody.c", 45
000391r 1  B1 rr        L0036:	lda     (c_sp),y
000393r 1  C9 42        	cmp     #$42
000395r 1  D0 05        	bne     L0018
000397r 1  A9 0F        	lda     #$0F
000399r 1  4C rr rr     	jmp     incsp2
00039Cr 1               ;
00039Cr 1               ; return REST;
00039Cr 1               ;
00039Cr 1               	.dbg	line, "C:\Users\Alex\Chased3D\melody.c", 47
00039Cr 1  A9 10        L0018:	lda     #$10
00039Er 1               ;
00039Er 1               ; }
00039Er 1               ;
00039Er 1               	.dbg	line, "C:\Users\Alex\Chased3D\melody.c", 48
00039Er 1  4C rr rr     	jmp     incsp2
0003A1r 1               
0003A1r 1               	.dbg	line
0003A1r 1               .endproc
0003A1r 1               
0003A1r 1               
