ca65 V2.19 - Git 547d923
Main file   : C:\Users\Alex\Chased3D\debug\splash_screen.s
Current file: C:\Users\Alex\Chased3D\debug\splash_screen.s

000000r 1               ;
000000r 1               ; File generated by cc65 v 2.19 - Git 547d923
000000r 1               ;
000000r 1               	.fopt		compiler,"cc65 v 2.19 - Git 547d923"
000000r 1               	.setcpu		"6502"
000000r 1               	.smart		on
000000r 1               	.autoimport	on
000000r 1               	.case		on
000000r 1               	.debuginfo	on
000000r 1               	.importzp	c_sp, sreg, regsave, regbank
000000r 1               	.importzp	tmp1, tmp2, tmp3, tmp4, ptr1, ptr2, ptr3, ptr4
000000r 1               	.macpack	longbranch
000000r 2               .macro  jeq     Target
000000r 2                       .if     .match(Target, 0)
000000r 2                       bne     *+5
000000r 2                       jmp     Target
000000r 2                       .elseif .def(Target) .and .const((*-2)-(Target)) .and ((*+2)-(Target) <= 127)
000000r 2                               beq     Target
000000r 2                       .else
000000r 2                               bne     *+5
000000r 2                               jmp     Target
000000r 2                       .endif
000000r 2               .endmacro
000000r 2               .macro  jne     Target
000000r 2                       .if     .match(Target, 0)
000000r 2                               beq     *+5
000000r 2                               jmp     Target
000000r 2                       .elseif .def(Target) .and .const((*-2)-(Target)) .and ((*+2)-(Target) <= 127)
000000r 2                               bne     Target
000000r 2                       .else
000000r 2                               beq     *+5
000000r 2                               jmp     Target
000000r 2                       .endif
000000r 2               .endmacro
000000r 2               .macro  jmi     Target
000000r 2                       .if     .match(Target, 0)
000000r 2                               bpl     *+5
000000r 2                               jmp     Target
000000r 2                       .elseif .def(Target) .and .const((*-2)-(Target)) .and ((*+2)-(Target) <= 127)
000000r 2                               bmi     Target
000000r 2                       .else
000000r 2                               bpl     *+5
000000r 2                               jmp     Target
000000r 2                       .endif
000000r 2               .endmacro
000000r 2               .macro  jpl     Target
000000r 2                       .if     .match(Target, 0)
000000r 2                               bmi     *+5
000000r 2                               jmp     Target
000000r 2                       .elseif .def(Target) .and .const((*-2)-(Target)) .and ((*+2)-(Target) <= 127)
000000r 2                               bpl     Target
000000r 2                       .else
000000r 2                               bmi     *+5
000000r 2                               jmp     Target
000000r 2                       .endif
000000r 2               .endmacro
000000r 2               .macro  jcs     Target
000000r 2                       .if     .match(Target, 0)
000000r 2                               bcc     *+5
000000r 2                               jmp     Target
000000r 2                       .elseif .def(Target) .and .const((*-2)-(Target)) .and ((*+2)-(Target) <= 127)
000000r 2                               bcs     Target
000000r 2                       .else
000000r 2                               bcc     *+5
000000r 2                               jmp     Target
000000r 2                       .endif
000000r 2               .endmacro
000000r 2               .macro  jcc     Target
000000r 2                       .if     .match(Target, 0)
000000r 2                               bcs     *+5
000000r 2                               jmp     Target
000000r 2                       .elseif .def(Target) .and .const((*-2)-(Target)) .and ((*+2)-(Target) <= 127)
000000r 2                               bcc     Target
000000r 2                       .else
000000r 2                               bcs     *+5
000000r 2                               jmp     Target
000000r 2                       .endif
000000r 2               .endmacro
000000r 2               .macro  jvs     Target
000000r 2                       .if     .match(Target, 0)
000000r 2                               bvc     *+5
000000r 2                               jmp     Target
000000r 2                       .elseif .def(Target) .and .const((*-2)-(Target)) .and ((*+2)-(Target) <= 127)
000000r 2                               bvs     Target
000000r 2                       .else
000000r 2                               bvc     *+5
000000r 2                               jmp     Target
000000r 2                       .endif
000000r 2               .endmacro
000000r 2               .macro  jvc     Target
000000r 2                       .if     .match(Target, 0)
000000r 2                               bvs     *+5
000000r 2                               jmp     Target
000000r 2                       .elseif .def(Target) .and .const((*-2)-(Target)) .and ((*+2)-(Target) <= 127)
000000r 2                               bvc     Target
000000r 2                       .else
000000r 2                               bvs     *+5
000000r 2                               jmp     Target
000000r 2                       .endif
000000r 2               .endmacro
000000r 2               
000000r 1               	.dbg		file, "C:\Users\Alex\Chased3D\splash_screen.c", 3269, 1788637052
000000r 1               	.dbg		file, "C:\tools\cc65\include/atari.h", 22152, 1786840064
000000r 1               	.dbg		file, "C:\tools\cc65\include/_atarios.h", 40084, 1786840064
000000r 1               	.dbg		file, "C:\tools\cc65\include/_gtia.h", 13839, 1786840064
000000r 1               	.dbg		file, "C:\tools\cc65\include/_pbi.h", 3143, 1786840064
000000r 1               	.dbg		file, "C:\tools\cc65\include/_pokey.h", 11376, 1786840064
000000r 1               	.dbg		file, "C:\tools\cc65\include/_pia.h", 3044, 1786840064
000000r 1               	.dbg		file, "C:\tools\cc65\include/_antic.h", 11827, 1786840064
000000r 1               	.dbg		file, "C:\tools\cc65\include/fcntl.h", 3550, 1786840065
000000r 1               	.dbg		file, "C:\tools\cc65\include/unistd.h", 4340, 1786840065
000000r 1               	.dbg		file, "C:\Users\Alex\Chased3D/splash_screen.h", 167, 1788637044
000000r 1               	.dbg		file, "C:\Users\Alex\Chased3D/textplot.h", 440, 1788474191
000000r 1               	.dbg		file, "C:\Users\Alex\Chased3D/view3d.h", 1474, 1788645070
000000r 1               	.dbg		file, "C:\Users\Alex\Chased3D/maze.h", 550, 1787868964
000000r 1               	.dbg		file, "C:\Users\Alex\Chased3D/build_number.h", 136, 1788645073
000000r 1               	.dbg		sym, "view_buffer", "00", extern, "_view_buffer"
000000r 1               	.import		_open
000000r 1               	.import		_close
000000r 1               	.import		_read
000000r 1               	.export		_splash_revision
000000r 1               	.export		_splash_screen_show
000000r 1               	.import		_textplot_print_fullscreen
000000r 1               	.import		_view_buffer
000000r 1               
000000r 1               .segment	"RODATA"
000000r 1               
000000r 1               _splash_revision:
000000r 1  52 65 76 31  	.byte	$52,$65,$76,$31,$2E,$31,$35,$33,$20,$70,$72,$65,$73,$73,$20,$46
000004r 1  2E 31 35 33  
000008r 1  20 70 72 65  
000010r 1  69 72 65 00  	.byte	$69,$72,$65,$00
000014r 1               S000A:
000014r 1  62 79 20 41  	.byte	$62,$79,$20,$41,$6C,$65,$78,$20,$56,$69,$72,$6F,$6C,$69,$2C,$20
000018r 1  6C 65 78 20  
00001Cr 1  56 69 72 6F  
000024r 1  32 30 32 36  	.byte	$32,$30,$32,$36,$00
000028r 1  00           
000029r 1               S0008:
000029r 1  44 3A 53 50  	.byte	$44,$3A,$53,$50,$4C,$41,$53,$48,$2E,$42,$4D,$50,$00
00002Dr 1  4C 41 53 48  
000031r 1  2E 42 4D 50  
000036r 1               S0009:
000036r 1  43 68 61 73  	.byte	$43,$68,$61,$73,$65,$64,$33,$44,$00
00003Ar 1  65 64 33 44  
00003Er 1  00           
00003Fr 1               
00003Fr 1               .segment	"BSS"
000000r 1               
000000r 1               .segment	"DLIST"
000000r 1               .segment	"BSS"
000000r 1               .segment	"DLIST"
000000r 1               _splash_dlist:
000000r 1  00 00 00 00  	.res	100,$00
000004r 1  00 00 00 00  
000008r 1  00 00 00 00  
000064r 1               
000064r 1               ; ---------------------------------------------------------------
000064r 1               ; void __near__ splash_screen_show (void)
000064r 1               ; ---------------------------------------------------------------
000064r 1               
000064r 1               .segment	"CODE"
000000r 1               
000000r 1               .proc	_splash_screen_show: near
000000r 1               
000000r 1               	.dbg	func, "splash_screen_show", "00", static, "_splash_screen_show"
000000r 1               	.dbg	sym, "addr", "00", auto, -2
000000r 1               
000000r 1               .segment	"CODE"
000000r 1               
000000r 1               ;
000000r 1               ; OS.sdmctl = 0;
000000r 1               ;
000000r 1               	.dbg	line, "C:\Users\Alex\Chased3D\splash_screen.c", 81
000000r 1  20 rr rr     	jsr     decsp2
000003r 1  A9 00        	lda     #$00
000005r 1  8D 2F 02     	sta     $022F
000008r 1               ;
000008r 1               ; ANTIC.dmactl = 0;
000008r 1               ;
000008r 1               	.dbg	line, "C:\Users\Alex\Chased3D\splash_screen.c", 82
000008r 1  8D 00 D4     	sta     $D400
00000Br 1               ;
00000Br 1               ; for (addr = 0; addr < VIEW_STRIDE * VIEW_ROWS; ++addr)
00000Br 1               ;
00000Br 1               	.dbg	line, "C:\Users\Alex\Chased3D\splash_screen.c", 83
00000Br 1  AA           	tax
00000Cr 1  20 rr rr     	jsr     stax0sp
00000Fr 1  A0 01        L0002:	ldy     #$01
000011r 1  B1 rr        	lda     (c_sp),y
000013r 1  C9 0E        	cmp     #$0E
000015r 1  D0 05        	bne     L0006
000017r 1  88           	dey
000018r 1  B1 rr        	lda     (c_sp),y
00001Ar 1  C9 60        	cmp     #$60
00001Cr 1  B0 1B        L0006:	bcs     L0003
00001Er 1               ;
00001Er 1               ; view_buffer[addr] = 0;
00001Er 1               ;
00001Er 1               	.dbg	line, "C:\Users\Alex\Chased3D\splash_screen.c", 84
00001Er 1  20 rr rr     	jsr     ldax0sp
000021r 1  18           	clc
000022r 1  69 rr        	adc     #<(_view_buffer)
000024r 1  85 rr        	sta     ptr1
000026r 1  8A           	txa
000027r 1  69 rr        	adc     #>(_view_buffer)
000029r 1  85 rr        	sta     ptr1+1
00002Br 1  A9 00        	lda     #$00
00002Dr 1  A8           	tay
00002Er 1  91 rr        	sta     (ptr1),y
000030r 1               ;
000030r 1               ; for (addr = 0; addr < VIEW_STRIDE * VIEW_ROWS; ++addr)
000030r 1               ;
000030r 1               	.dbg	line, "C:\Users\Alex\Chased3D\splash_screen.c", 83
000030r 1  AA           	tax
000031r 1  A9 01        	lda     #$01
000033r 1  20 rr rr     	jsr     addeq0sp
000036r 1  4C rr rr     	jmp     L0002
000039r 1               ;
000039r 1               ; splash_load_bitmap();
000039r 1               ;
000039r 1               	.dbg	line, "C:\Users\Alex\Chased3D\splash_screen.c", 86
000039r 1  20 rr rr     L0003:	jsr     _splash_load_bitmap
00003Cr 1               ;
00003Cr 1               ; textplot_print_fullscreen(TEXTPLOT_ALIGN_CENTER, "Chased3D", 7, 3,
00003Cr 1               ;
00003Cr 1               	.dbg	line, "C:\Users\Alex\Chased3D\splash_screen.c", 87
00003Cr 1  A9 01        	lda     #$01
00003Er 1  20 rr rr     	jsr     pusha
000041r 1  A9 rr        	lda     #<(S0009)
000043r 1  A2 rr        	ldx     #>(S0009)
000045r 1  20 rr rr     	jsr     pushax
000048r 1  A9 07        	lda     #$07
00004Ar 1  20 rr rr     	jsr     pusha
00004Dr 1  A9 03        	lda     #$03
00004Fr 1  20 rr rr     	jsr     pusha
000052r 1               ;
000052r 1               ; TEXTPLOT_SIZE_DOUBLE);
000052r 1               ;
000052r 1               	.dbg	line, "C:\Users\Alex\Chased3D\splash_screen.c", 88
000052r 1  A9 02        	lda     #$02
000054r 1  20 rr rr     	jsr     _textplot_print_fullscreen
000057r 1               ;
000057r 1               ; textplot_print_fullscreen(TEXTPLOT_ALIGN_CENTER,
000057r 1               ;
000057r 1               	.dbg	line, "C:\Users\Alex\Chased3D\splash_screen.c", 89
000057r 1  A9 01        	lda     #$01
000059r 1  20 rr rr     	jsr     pusha
00005Cr 1               ;
00005Cr 1               ; "by Alex Viroli, 2026", 18, 2,
00005Cr 1               ;
00005Cr 1               	.dbg	line, "C:\Users\Alex\Chased3D\splash_screen.c", 90
00005Cr 1  A9 rr        	lda     #<(S000A)
00005Er 1  A2 rr        	ldx     #>(S000A)
000060r 1  20 rr rr     	jsr     pushax
000063r 1  A9 12        	lda     #$12
000065r 1  20 rr rr     	jsr     pusha
000068r 1  A9 02        	lda     #$02
00006Ar 1  20 rr rr     	jsr     pusha
00006Dr 1               ;
00006Dr 1               ; TEXTPLOT_SIZE_NORMAL);
00006Dr 1               ;
00006Dr 1               	.dbg	line, "C:\Users\Alex\Chased3D\splash_screen.c", 91
00006Dr 1  A9 01        	lda     #$01
00006Fr 1  20 rr rr     	jsr     _textplot_print_fullscreen
000072r 1               ;
000072r 1               ; splash_build_dlist();
000072r 1               ;
000072r 1               	.dbg	line, "C:\Users\Alex\Chased3D\splash_screen.c", 93
000072r 1  20 rr rr     	jsr     _splash_build_dlist
000075r 1               ;
000075r 1               ; COLOR0 = 0x8A;
000075r 1               ;
000075r 1               	.dbg	line, "C:\Users\Alex\Chased3D\splash_screen.c", 95
000075r 1  A9 8A        	lda     #$8A
000077r 1  8D C4 02     	sta     $02C4
00007Ar 1               ;
00007Ar 1               ; COLOR1 = 0xCA;
00007Ar 1               ;
00007Ar 1               	.dbg	line, "C:\Users\Alex\Chased3D\splash_screen.c", 96
00007Ar 1  A9 CA        	lda     #$CA
00007Cr 1  8D C5 02     	sta     $02C5
00007Fr 1               ;
00007Fr 1               ; COLOR2 = 0x1E;
00007Fr 1               ;
00007Fr 1               	.dbg	line, "C:\Users\Alex\Chased3D\splash_screen.c", 97
00007Fr 1  A9 1E        	lda     #$1E
000081r 1  8D C6 02     	sta     $02C6
000084r 1               ;
000084r 1               ; COLOR3 = 0x00;
000084r 1               ;
000084r 1               	.dbg	line, "C:\Users\Alex\Chased3D\splash_screen.c", 98
000084r 1  A9 00        	lda     #$00
000086r 1  8D C7 02     	sta     $02C7
000089r 1               ;
000089r 1               ; COLOR4 = 0x02;
000089r 1               ;
000089r 1               	.dbg	line, "C:\Users\Alex\Chased3D\splash_screen.c", 99
000089r 1  A9 02        	lda     #$02
00008Br 1  8D C8 02     	sta     $02C8
00008Er 1               ;
00008Er 1               ; OS.sdlst = splash_dlist;
00008Er 1               ;
00008Er 1               	.dbg	line, "C:\Users\Alex\Chased3D\splash_screen.c", 100
00008Er 1  A9 rr        	lda     #>(_splash_dlist)
000090r 1  8D 31 02     	sta     $0230+1
000093r 1  A9 rr        	lda     #<(_splash_dlist)
000095r 1  8D 30 02     	sta     $0230
000098r 1               ;
000098r 1               ; OS.sdmctl = 0x22;
000098r 1               ;
000098r 1               	.dbg	line, "C:\Users\Alex\Chased3D\splash_screen.c", 101
000098r 1  A9 22        	lda     #$22
00009Ar 1  8D 2F 02     	sta     $022F
00009Dr 1               ;
00009Dr 1               ; ANTIC.dmactl = 0x22;
00009Dr 1               ;
00009Dr 1               	.dbg	line, "C:\Users\Alex\Chased3D\splash_screen.c", 102
00009Dr 1  8D 00 D4     	sta     $D400
0000A0r 1               ;
0000A0r 1               ; }
0000A0r 1               ;
0000A0r 1               	.dbg	line, "C:\Users\Alex\Chased3D\splash_screen.c", 103
0000A0r 1  4C rr rr     	jmp     incsp2
0000A3r 1               
0000A3r 1               	.dbg	line
0000A3r 1               .endproc
0000A3r 1               
0000A3r 1               ; ---------------------------------------------------------------
0000A3r 1               ; void __near__ splash_build_dlist (void)
0000A3r 1               ; ---------------------------------------------------------------
0000A3r 1               
0000A3r 1               .segment	"CODE"
0000A3r 1               
0000A3r 1               .proc	_splash_build_dlist: near
0000A3r 1               
0000A3r 1               	.dbg	func, "splash_build_dlist", "00", static, "_splash_build_dlist"
0000A3r 1               	.dbg	sym, "screen_addr", "00", auto, -2
0000A3r 1               	.dbg	sym, "dlist_addr", "00", auto, -4
0000A3r 1               	.dbg	sym, "index", "00", auto, -5
0000A3r 1               	.dbg	sym, "row", "00", auto, -6
0000A3r 1               
0000A3r 1               .segment	"CODE"
0000A3r 1               
0000A3r 1               ;
0000A3r 1               ; screen_addr = (unsigned int)view_buffer;
0000A3r 1               ;
0000A3r 1               	.dbg	line, "C:\Users\Alex\Chased3D\splash_screen.c", 29
0000A3r 1  20 rr rr     	jsr     decsp6
0000A6r 1  A9 rr        	lda     #<(_view_buffer)
0000A8r 1  A2 rr        	ldx     #>(_view_buffer)
0000AAr 1  A0 04        	ldy     #$04
0000ACr 1  20 rr rr     	jsr     staxysp
0000AFr 1               ;
0000AFr 1               ; index = 0;
0000AFr 1               ;
0000AFr 1               	.dbg	line, "C:\Users\Alex\Chased3D\splash_screen.c", 30
0000AFr 1  A9 00        	lda     #$00
0000B1r 1  A0 01        	ldy     #$01
0000B3r 1  91 rr        	sta     (c_sp),y
0000B5r 1               ;
0000B5r 1               ; splash_dlist[index++] = 0x70;
0000B5r 1               ;
0000B5r 1               	.dbg	line, "C:\Users\Alex\Chased3D\splash_screen.c", 31
0000B5r 1  A8           	tay
0000B6r 1  A9 70        	lda     #$70
0000B8r 1  99 rr rr     	sta     _splash_dlist,y
0000BBr 1  C8           	iny
0000BCr 1  18           	clc
0000BDr 1  98           	tya
0000BEr 1  71 rr        	adc     (c_sp),y
0000C0r 1  91 rr        	sta     (c_sp),y
0000C2r 1               ;
0000C2r 1               ; splash_dlist[index++] = 0x70;
0000C2r 1               ;
0000C2r 1               	.dbg	line, "C:\Users\Alex\Chased3D\splash_screen.c", 32
0000C2r 1  A8           	tay
0000C3r 1  A9 70        	lda     #$70
0000C5r 1  99 rr rr     	sta     _splash_dlist,y
0000C8r 1  A0 01        	ldy     #$01
0000CAr 1  18           	clc
0000CBr 1  98           	tya
0000CCr 1  71 rr        	adc     (c_sp),y
0000CEr 1  91 rr        	sta     (c_sp),y
0000D0r 1               ;
0000D0r 1               ; splash_dlist[index++] = 0x70;
0000D0r 1               ;
0000D0r 1               	.dbg	line, "C:\Users\Alex\Chased3D\splash_screen.c", 33
0000D0r 1  A8           	tay
0000D1r 1  A9 70        	lda     #$70
0000D3r 1  99 rr rr     	sta     _splash_dlist,y
0000D6r 1  A0 01        	ldy     #$01
0000D8r 1  18           	clc
0000D9r 1  98           	tya
0000DAr 1  71 rr        	adc     (c_sp),y
0000DCr 1  91 rr        	sta     (c_sp),y
0000DEr 1               ;
0000DEr 1               ; splash_dlist[index++] = 0x4D;
0000DEr 1               ;
0000DEr 1               	.dbg	line, "C:\Users\Alex\Chased3D\splash_screen.c", 34
0000DEr 1  A8           	tay
0000DFr 1  A9 4D        	lda     #$4D
0000E1r 1  99 rr rr     	sta     _splash_dlist,y
0000E4r 1  A0 01        	ldy     #$01
0000E6r 1  18           	clc
0000E7r 1  98           	tya
0000E8r 1  71 rr        	adc     (c_sp),y
0000EAr 1  91 rr        	sta     (c_sp),y
0000ECr 1               ;
0000ECr 1               ; splash_dlist[index++] = (unsigned char)screen_addr;
0000ECr 1               ;
0000ECr 1               	.dbg	line, "C:\Users\Alex\Chased3D\splash_screen.c", 35
0000ECr 1  AA           	tax
0000EDr 1  A0 04        	ldy     #$04
0000EFr 1  B1 rr        	lda     (c_sp),y
0000F1r 1  9D rr rr     	sta     _splash_dlist,x
0000F4r 1  A0 01        	ldy     #$01
0000F6r 1  18           	clc
0000F7r 1  98           	tya
0000F8r 1  71 rr        	adc     (c_sp),y
0000FAr 1  91 rr        	sta     (c_sp),y
0000FCr 1               ;
0000FCr 1               ; splash_dlist[index++] = (unsigned char)(screen_addr >> 8);
0000FCr 1               ;
0000FCr 1               	.dbg	line, "C:\Users\Alex\Chased3D\splash_screen.c", 36
0000FCr 1  A9 rr        	lda     #<(_splash_dlist)
0000FEr 1  A2 rr        	ldx     #>(_splash_dlist)
000100r 1  18           	clc
000101r 1  71 rr        	adc     (c_sp),y
000103r 1  90 01        	bcc     L0007
000105r 1  E8           	inx
000106r 1  85 rr        L0007:	sta     ptr1
000108r 1  86 rr        	stx     ptr1+1
00010Ar 1  A0 05        	ldy     #$05
00010Cr 1  B1 rr        	lda     (c_sp),y
00010Er 1  A0 00        	ldy     #$00
000110r 1  91 rr        	sta     (ptr1),y
000112r 1  C8           	iny
000113r 1  18           	clc
000114r 1  98           	tya
000115r 1  71 rr        	adc     (c_sp),y
000117r 1  91 rr        	sta     (c_sp),y
000119r 1               ;
000119r 1               ; for (row = 1; row < VIEW_ROWS; ++row) splash_dlist[index++] = 0x0D;
000119r 1               ;
000119r 1               	.dbg	line, "C:\Users\Alex\Chased3D\splash_screen.c", 37
000119r 1  98           	tya
00011Ar 1  88           	dey
00011Br 1  91 rr        L0010:	sta     (c_sp),y
00011Dr 1  C9 5C        	cmp     #$5C
00011Fr 1  B0 1A        	bcs     L0009
000121r 1  C8           	iny
000122r 1  B1 rr        	lda     (c_sp),y
000124r 1  A8           	tay
000125r 1  A9 0D        	lda     #$0D
000127r 1  99 rr rr     	sta     _splash_dlist,y
00012Ar 1  A0 01        	ldy     #$01
00012Cr 1  18           	clc
00012Dr 1  98           	tya
00012Er 1  71 rr        	adc     (c_sp),y
000130r 1  91 rr        	sta     (c_sp),y
000132r 1  88           	dey
000133r 1  18           	clc
000134r 1  A9 01        	lda     #$01
000136r 1  71 rr        	adc     (c_sp),y
000138r 1  4C rr rr     	jmp     L0010
00013Br 1               ;
00013Br 1               ; dlist_addr = (unsigned int)splash_dlist;
00013Br 1               ;
00013Br 1               	.dbg	line, "C:\Users\Alex\Chased3D\splash_screen.c", 38
00013Br 1  A9 rr        L0009:	lda     #<(_splash_dlist)
00013Dr 1  A2 rr        	ldx     #>(_splash_dlist)
00013Fr 1  A0 02        	ldy     #$02
000141r 1  20 rr rr     	jsr     staxysp
000144r 1               ;
000144r 1               ; splash_dlist[index++] = 0x41;
000144r 1               ;
000144r 1               	.dbg	line, "C:\Users\Alex\Chased3D\splash_screen.c", 39
000144r 1  A0 01        	ldy     #$01
000146r 1  B1 rr        	lda     (c_sp),y
000148r 1  A8           	tay
000149r 1  A9 41        	lda     #$41
00014Br 1  99 rr rr     	sta     _splash_dlist,y
00014Er 1  A0 01        	ldy     #$01
000150r 1  18           	clc
000151r 1  98           	tya
000152r 1  71 rr        	adc     (c_sp),y
000154r 1  91 rr        	sta     (c_sp),y
000156r 1               ;
000156r 1               ; splash_dlist[index++] = (unsigned char)dlist_addr;
000156r 1               ;
000156r 1               	.dbg	line, "C:\Users\Alex\Chased3D\splash_screen.c", 40
000156r 1  AA           	tax
000157r 1  C8           	iny
000158r 1  B1 rr        	lda     (c_sp),y
00015Ar 1  9D rr rr     	sta     _splash_dlist,x
00015Dr 1  88           	dey
00015Er 1  18           	clc
00015Fr 1  98           	tya
000160r 1  71 rr        	adc     (c_sp),y
000162r 1  91 rr        	sta     (c_sp),y
000164r 1               ;
000164r 1               ; splash_dlist[index] = (unsigned char)(dlist_addr >> 8);
000164r 1               ;
000164r 1               	.dbg	line, "C:\Users\Alex\Chased3D\splash_screen.c", 41
000164r 1  A9 rr        	lda     #<(_splash_dlist)
000166r 1  A2 rr        	ldx     #>(_splash_dlist)
000168r 1  18           	clc
000169r 1  71 rr        	adc     (c_sp),y
00016Br 1  90 01        	bcc     L000F
00016Dr 1  E8           	inx
00016Er 1  85 rr        L000F:	sta     ptr1
000170r 1  86 rr        	stx     ptr1+1
000172r 1  A0 03        	ldy     #$03
000174r 1  B1 rr        	lda     (c_sp),y
000176r 1  A0 00        	ldy     #$00
000178r 1  91 rr        	sta     (ptr1),y
00017Ar 1               ;
00017Ar 1               ; }
00017Ar 1               ;
00017Ar 1               	.dbg	line, "C:\Users\Alex\Chased3D\splash_screen.c", 42
00017Ar 1  4C rr rr     	jmp     incsp6
00017Dr 1               
00017Dr 1               	.dbg	line
00017Dr 1               .endproc
00017Dr 1               
00017Dr 1               ; ---------------------------------------------------------------
00017Dr 1               ; void __near__ splash_load_bitmap (void)
00017Dr 1               ; ---------------------------------------------------------------
00017Dr 1               
00017Dr 1               .segment	"CODE"
00017Dr 1               
00017Dr 1               .proc	_splash_load_bitmap: near
00017Dr 1               
00017Dr 1               	.dbg	func, "splash_load_bitmap", "00", static, "_splash_load_bitmap"
00017Dr 1               	.dbg	sym, "file", "00", auto, -2
00017Dr 1               	.dbg	sym, "source", "00", auto, -4
00017Dr 1               	.dbg	sym, "dest", "00", auto, -6
00017Dr 1               	.dbg	sym, "source_row", "00", auto, -7
00017Dr 1               	.dbg	sym, "byte", "00", auto, -8
00017Dr 1               
00017Dr 1               .segment	"CODE"
00017Dr 1               
00017Dr 1               ;
00017Dr 1               ; source = view_buffer;
00017Dr 1               ;
00017Dr 1               	.dbg	line, "C:\Users\Alex\Chased3D\splash_screen.c", 52
00017Dr 1  20 rr rr     	jsr     decsp8
000180r 1  A9 rr        	lda     #<(_view_buffer)
000182r 1  A2 rr        	ldx     #>(_view_buffer)
000184r 1  A0 04        	ldy     #$04
000186r 1  20 rr rr     	jsr     staxysp
000189r 1               ;
000189r 1               ; file = open("D:SPLASH.BMP", O_RDONLY);
000189r 1               ;
000189r 1               	.dbg	line, "C:\Users\Alex\Chased3D\splash_screen.c", 53
000189r 1  A9 rr        	lda     #<(S0008)
00018Br 1  A2 rr        	ldx     #>(S0008)
00018Dr 1  20 rr rr     	jsr     pushax
000190r 1  A9 01        	lda     #$01
000192r 1  20 rr rr     	jsr     pusha0
000195r 1  A0 04        	ldy     #$04
000197r 1  20 rr rr     	jsr     _open
00019Ar 1  A0 06        	ldy     #$06
00019Cr 1  20 rr rr     	jsr     staxysp
00019Fr 1               ;
00019Fr 1               ; if (file < 0) return;
00019Fr 1               ;
00019Fr 1               	.dbg	line, "C:\Users\Alex\Chased3D\splash_screen.c", 54
00019Fr 1  E0 80        	cpx     #$80
0001A1r 1  90 03 4C rr  	jcs     L0013
0001A5r 1  rr           
0001A6r 1               ;
0001A6r 1               ; if (read(file, source, SPLASH_BMP_DATA_OFFSET) != SPLASH_BMP_DATA_OFFSET
0001A6r 1               ;
0001A6r 1               	.dbg	line, "C:\Users\Alex\Chased3D\splash_screen.c", 55
0001A6r 1  A0 09        	ldy     #$09
0001A8r 1  20 rr rr     	jsr     pushwysp
0001ABr 1  A0 09        	ldy     #$09
0001ADr 1  20 rr rr     	jsr     pushwysp
0001B0r 1  A2 00        	ldx     #$00
0001B2r 1  A9 46        	lda     #$46
0001B4r 1  20 rr rr     	jsr     _read
0001B7r 1               ;
0001B7r 1               ; || source[0] != 'B' || source[1] != 'M') goto done;
0001B7r 1               ;
0001B7r 1               	.dbg	line, "C:\Users\Alex\Chased3D\splash_screen.c", 56
0001B7r 1  E0 00        	cpx     #$00
0001B9r 1  F0 03 4C rr  	jne     L0009
0001BDr 1  rr           
0001BEr 1  C9 46        	cmp     #$46
0001C0r 1  F0 03 4C rr  	jne     L0009
0001C4r 1  rr           
0001C5r 1  A0 05        	ldy     #$05
0001C7r 1  20 rr rr     	jsr     ldptr1ysp
0001CAr 1  A0 00        	ldy     #$00
0001CCr 1  B1 rr        	lda     (ptr1),y
0001CEr 1  C9 42        	cmp     #$42
0001D0r 1  F0 03 4C rr  	jne     L0009
0001D4r 1  rr           
0001D5r 1  A0 05        	ldy     #$05
0001D7r 1  20 rr rr     	jsr     ldaxysp
0001DAr 1  20 rr rr     	jsr     incax1
0001DDr 1  85 rr        	sta     ptr1
0001DFr 1  86 rr        	stx     ptr1+1
0001E1r 1  A0 00        	ldy     #$00
0001E3r 1  B1 rr        	lda     (ptr1),y
0001E5r 1  C9 4D        	cmp     #$4D
0001E7r 1  F0 03 4C rr  	jne     L0009
0001EBr 1  rr           
0001ECr 1  98           	tya
0001EDr 1               ;
0001EDr 1               ; for (source_row = 0; source_row < SPLASH_BITMAP_ROWS; ++source_row) {
0001EDr 1               ;
0001EDr 1               	.dbg	line, "C:\Users\Alex\Chased3D\splash_screen.c", 58
0001EDr 1  C8           	iny
0001EEr 1  91 rr        L001C:	sta     (c_sp),y
0001F0r 1  C9 2E        	cmp     #$2E
0001F2r 1  90 03 4C rr  	jcs     L0009
0001F6r 1  rr           
0001F7r 1               ;
0001F7r 1               ; if (read(file, source, VIEW_STRIDE * 2) != VIEW_STRIDE * 2) goto done;
0001F7r 1               ;
0001F7r 1               	.dbg	line, "C:\Users\Alex\Chased3D\splash_screen.c", 59
0001F7r 1  A0 09        	ldy     #$09
0001F9r 1  20 rr rr     	jsr     pushwysp
0001FCr 1  A0 09        	ldy     #$09
0001FEr 1  20 rr rr     	jsr     pushwysp
000201r 1  A2 00        	ldx     #$00
000203r 1  A9 50        	lda     #$50
000205r 1  20 rr rr     	jsr     _read
000208r 1  E0 00        	cpx     #$00
00020Ar 1  F0 03 4C rr  	jne     L0009
00020Er 1  rr           
00020Fr 1  C9 50        	cmp     #$50
000211r 1  F0 03 4C rr  	jne     L0009
000215r 1  rr           
000216r 1               ;
000216r 1               ; - source_row) * VIEW_STRIDE;
000216r 1               ;
000216r 1               	.dbg	line, "C:\Users\Alex\Chased3D\splash_screen.c", 62
000216r 1  A9 5B        	lda     #$5B
000218r 1  38           	sec
000219r 1  A0 01        	ldy     #$01
00021Br 1  F1 rr        	sbc     (c_sp),y
00021Dr 1  B0 01        	bcs     L001A
00021Fr 1  CA           	dex
000220r 1  20 rr rr     L001A:	jsr     pushax
000223r 1  A9 28        	lda     #$28
000225r 1  20 rr rr     	jsr     tosumula0
000228r 1  18           	clc
000229r 1  69 rr        	adc     #<(_view_buffer)
00022Br 1  A8           	tay
00022Cr 1  8A           	txa
00022Dr 1  69 rr        	adc     #>(_view_buffer)
00022Fr 1  AA           	tax
000230r 1  98           	tya
000231r 1  A0 02        	ldy     #$02
000233r 1  20 rr rr     	jsr     staxysp
000236r 1               ;
000236r 1               ; for (byte = 0; byte < VIEW_STRIDE; ++byte) {
000236r 1               ;
000236r 1               	.dbg	line, "C:\Users\Alex\Chased3D\splash_screen.c", 63
000236r 1  A9 00        	lda     #$00
000238r 1  A8           	tay
000239r 1  91 rr        L001B:	sta     (c_sp),y
00023Br 1  C9 28        	cmp     #$28
00023Dr 1  90 03 4C rr  	jcs     L000A
000241r 1  rr           
000242r 1               ;
000242r 1               ; dest[byte] = (unsigned char)(
000242r 1               ;
000242r 1               	.dbg	line, "C:\Users\Alex\Chased3D\splash_screen.c", 64
000242r 1  B1 rr        	lda     (c_sp),y
000244r 1  18           	clc
000245r 1  A0 02        	ldy     #$02
000247r 1  71 rr        	adc     (c_sp),y
000249r 1  85 rr        	sta     ptr2
00024Br 1  A9 00        	lda     #$00
00024Dr 1  C8           	iny
00024Er 1  71 rr        	adc     (c_sp),y
000250r 1  85 rr        	sta     ptr2+1
000252r 1               ;
000252r 1               ; ((source[byte * 2] & 0x30) << 2)
000252r 1               ;
000252r 1               	.dbg	line, "C:\Users\Alex\Chased3D\splash_screen.c", 65
000252r 1  A2 00        	ldx     #$00
000254r 1  A1 rr        	lda     (c_sp,x)
000256r 1  0A           	asl     a
000257r 1  90 02        	bcc     L001E
000259r 1  E8           	inx
00025Ar 1  18           	clc
00025Br 1  C8           L001E:	iny
00025Cr 1  71 rr        	adc     (c_sp),y
00025Er 1  85 rr        	sta     ptr1
000260r 1  8A           	txa
000261r 1  C8           	iny
000262r 1  71 rr        	adc     (c_sp),y
000264r 1  85 rr        	sta     ptr1+1
000266r 1  A0 00        	ldy     #$00
000268r 1  B1 rr        	lda     (ptr1),y
00026Ar 1  29 30        	and     #$30
00026Cr 1  0A           	asl     a
00026Dr 1  0A           	asl     a
00026Er 1               ;
00026Er 1               ; | ((source[byte * 2] & 0x03) << 4)
00026Er 1               ;
00026Er 1               	.dbg	line, "C:\Users\Alex\Chased3D\splash_screen.c", 66
00026Er 1  85 rr        	sta     sreg
000270r 1  A2 00        	ldx     #$00
000272r 1  B1 rr        	lda     (c_sp),y
000274r 1  0A           	asl     a
000275r 1  90 02        	bcc     L001F
000277r 1  E8           	inx
000278r 1  18           	clc
000279r 1  A0 04        L001F:	ldy     #$04
00027Br 1  71 rr        	adc     (c_sp),y
00027Dr 1  85 rr        	sta     ptr1
00027Fr 1  8A           	txa
000280r 1  C8           	iny
000281r 1  71 rr        	adc     (c_sp),y
000283r 1  85 rr        	sta     ptr1+1
000285r 1  A0 00        	ldy     #$00
000287r 1  B1 rr        	lda     (ptr1),y
000289r 1  29 03        	and     #$03
00028Br 1  0A           	asl     a
00028Cr 1  0A           	asl     a
00028Dr 1  0A           	asl     a
00028Er 1  0A           	asl     a
00028Fr 1               ;
00028Fr 1               ; | ((source[byte * 2 + 1] & 0x30) >> 2)
00028Fr 1               ;
00028Fr 1               	.dbg	line, "C:\Users\Alex\Chased3D\splash_screen.c", 67
00028Fr 1  05 rr        	ora     sreg
000291r 1  85 rr        	sta     sreg
000293r 1  A2 00        	ldx     #$00
000295r 1  B1 rr        	lda     (c_sp),y
000297r 1  0A           	asl     a
000298r 1  90 01        	bcc     L0018
00029Ar 1  E8           	inx
00029Br 1  20 rr rr     L0018:	jsr     incax1
00029Er 1  18           	clc
00029Fr 1  A0 04        	ldy     #$04
0002A1r 1  71 rr        	adc     (c_sp),y
0002A3r 1  85 rr        	sta     ptr1
0002A5r 1  8A           	txa
0002A6r 1  C8           	iny
0002A7r 1  71 rr        	adc     (c_sp),y
0002A9r 1  85 rr        	sta     ptr1+1
0002ABr 1  A0 00        	ldy     #$00
0002ADr 1  B1 rr        	lda     (ptr1),y
0002AFr 1  29 30        	and     #$30
0002B1r 1  4A           	lsr     a
0002B2r 1  4A           	lsr     a
0002B3r 1               ;
0002B3r 1               ; | (source[byte * 2 + 1] & 0x03));
0002B3r 1               ;
0002B3r 1               	.dbg	line, "C:\Users\Alex\Chased3D\splash_screen.c", 68
0002B3r 1  05 rr        	ora     sreg
0002B5r 1  85 rr        	sta     sreg
0002B7r 1  A2 00        	ldx     #$00
0002B9r 1  B1 rr        	lda     (c_sp),y
0002BBr 1  0A           	asl     a
0002BCr 1  90 01        	bcc     L0019
0002BEr 1  E8           	inx
0002BFr 1  20 rr rr     L0019:	jsr     incax1
0002C2r 1  18           	clc
0002C3r 1  A0 04        	ldy     #$04
0002C5r 1  71 rr        	adc     (c_sp),y
0002C7r 1  85 rr        	sta     ptr1
0002C9r 1  8A           	txa
0002CAr 1  C8           	iny
0002CBr 1  71 rr        	adc     (c_sp),y
0002CDr 1  85 rr        	sta     ptr1+1
0002CFr 1  A0 00        	ldy     #$00
0002D1r 1  B1 rr        	lda     (ptr1),y
0002D3r 1  29 03        	and     #$03
0002D5r 1  05 rr        	ora     sreg
0002D7r 1  91 rr        	sta     (ptr2),y
0002D9r 1               ;
0002D9r 1               ; for (byte = 0; byte < VIEW_STRIDE; ++byte) {
0002D9r 1               ;
0002D9r 1               	.dbg	line, "C:\Users\Alex\Chased3D\splash_screen.c", 63
0002D9r 1  18           	clc
0002DAr 1  A9 01        	lda     #$01
0002DCr 1  71 rr        	adc     (c_sp),y
0002DEr 1  4C rr rr     	jmp     L001B
0002E1r 1               ;
0002E1r 1               ; for (source_row = 0; source_row < SPLASH_BITMAP_ROWS; ++source_row) {
0002E1r 1               ;
0002E1r 1               	.dbg	line, "C:\Users\Alex\Chased3D\splash_screen.c", 58
0002E1r 1  C8           L000A:	iny
0002E2r 1  18           	clc
0002E3r 1  98           	tya
0002E4r 1  71 rr        	adc     (c_sp),y
0002E6r 1  4C rr rr     	jmp     L001C
0002E9r 1               ;
0002E9r 1               ; close(file);
0002E9r 1               ;
0002E9r 1               	.dbg	line, "C:\Users\Alex\Chased3D\splash_screen.c", 73
0002E9r 1  A0 07        L0009:	ldy     #$07
0002EBr 1  20 rr rr     	jsr     ldaxysp
0002EEr 1  20 rr rr     	jsr     _close
0002F1r 1               ;
0002F1r 1               ; for (byte = 0; byte < VIEW_STRIDE * 2; ++byte) source[byte] = 0;
0002F1r 1               ;
0002F1r 1               	.dbg	line, "C:\Users\Alex\Chased3D\splash_screen.c", 74
0002F1r 1  A9 00        	lda     #$00
0002F3r 1  A8           	tay
0002F4r 1  91 rr        L001D:	sta     (c_sp),y
0002F6r 1  C9 50        	cmp     #$50
0002F8r 1  B0 1D        	bcs     L0013
0002FAr 1  B1 rr        	lda     (c_sp),y
0002FCr 1  18           	clc
0002FDr 1  A0 04        	ldy     #$04
0002FFr 1  71 rr        	adc     (c_sp),y
000301r 1  85 rr        	sta     ptr1
000303r 1  A9 00        	lda     #$00
000305r 1  C8           	iny
000306r 1  71 rr        	adc     (c_sp),y
000308r 1  85 rr        	sta     ptr1+1
00030Ar 1  A9 00        	lda     #$00
00030Cr 1  A8           	tay
00030Dr 1  91 rr        	sta     (ptr1),y
00030Fr 1  18           	clc
000310r 1  A9 01        	lda     #$01
000312r 1  71 rr        	adc     (c_sp),y
000314r 1  4C rr rr     	jmp     L001D
000317r 1               ;
000317r 1               ; }
000317r 1               ;
000317r 1               	.dbg	line, "C:\Users\Alex\Chased3D\splash_screen.c", 75
000317r 1  4C rr rr     L0013:	jmp     incsp8
00031Ar 1               
00031Ar 1               	.dbg	line
00031Ar 1               .segment	"RODATA"
00003Fr 1               
00003Fr 1               M0001:
00003Fr 1  00 00        	.word	$0000
000041r 1               M0002:
000041r 1  00 00        	.word	$0000
000043r 1               
000043r 1               .endproc
000043r 1               
000043r 1               
