ca65 V2.19 - Git 547d923
Main file   : C:\Users\Alex\Chased3D\debug\text3d.s
Current file: C:\Users\Alex\Chased3D\debug\text3d.s

000000r 1               ;
000000r 1               ; File generated by cc65 v 2.19 - Git 547d923
000000r 1               ;
000000r 1               	.fopt		compiler,"cc65 v 2.19 - Git 547d923"
000000r 1               	.setcpu		"6502"
000000r 1               	.smart		on
000000r 1               	.autoimport	on
000000r 1               	.case		on
000000r 1               	.debuginfo	on
000000r 1               	.importzp	c_sp, sreg, regsave, regbank
000000r 1               	.importzp	tmp1, tmp2, tmp3, tmp4, ptr1, ptr2, ptr3, ptr4
000000r 1               	.macpack	longbranch
000000r 2               .macro  jeq     Target
000000r 2                       .if     .match(Target, 0)
000000r 2                       bne     *+5
000000r 2                       jmp     Target
000000r 2                       .elseif .def(Target) .and .const((*-2)-(Target)) .and ((*+2)-(Target) <= 127)
000000r 2                               beq     Target
000000r 2                       .else
000000r 2                               bne     *+5
000000r 2                               jmp     Target
000000r 2                       .endif
000000r 2               .endmacro
000000r 2               .macro  jne     Target
000000r 2                       .if     .match(Target, 0)
000000r 2                               beq     *+5
000000r 2                               jmp     Target
000000r 2                       .elseif .def(Target) .and .const((*-2)-(Target)) .and ((*+2)-(Target) <= 127)
000000r 2                               bne     Target
000000r 2                       .else
000000r 2                               beq     *+5
000000r 2                               jmp     Target
000000r 2                       .endif
000000r 2               .endmacro
000000r 2               .macro  jmi     Target
000000r 2                       .if     .match(Target, 0)
000000r 2                               bpl     *+5
000000r 2                               jmp     Target
000000r 2                       .elseif .def(Target) .and .const((*-2)-(Target)) .and ((*+2)-(Target) <= 127)
000000r 2                               bmi     Target
000000r 2                       .else
000000r 2                               bpl     *+5
000000r 2                               jmp     Target
000000r 2                       .endif
000000r 2               .endmacro
000000r 2               .macro  jpl     Target
000000r 2                       .if     .match(Target, 0)
000000r 2                               bmi     *+5
000000r 2                               jmp     Target
000000r 2                       .elseif .def(Target) .and .const((*-2)-(Target)) .and ((*+2)-(Target) <= 127)
000000r 2                               bpl     Target
000000r 2                       .else
000000r 2                               bmi     *+5
000000r 2                               jmp     Target
000000r 2                       .endif
000000r 2               .endmacro
000000r 2               .macro  jcs     Target
000000r 2                       .if     .match(Target, 0)
000000r 2                               bcc     *+5
000000r 2                               jmp     Target
000000r 2                       .elseif .def(Target) .and .const((*-2)-(Target)) .and ((*+2)-(Target) <= 127)
000000r 2                               bcs     Target
000000r 2                       .else
000000r 2                               bcc     *+5
000000r 2                               jmp     Target
000000r 2                       .endif
000000r 2               .endmacro
000000r 2               .macro  jcc     Target
000000r 2                       .if     .match(Target, 0)
000000r 2                               bcs     *+5
000000r 2                               jmp     Target
000000r 2                       .elseif .def(Target) .and .const((*-2)-(Target)) .and ((*+2)-(Target) <= 127)
000000r 2                               bcc     Target
000000r 2                       .else
000000r 2                               bcs     *+5
000000r 2                               jmp     Target
000000r 2                       .endif
000000r 2               .endmacro
000000r 2               .macro  jvs     Target
000000r 2                       .if     .match(Target, 0)
000000r 2                               bvc     *+5
000000r 2                               jmp     Target
000000r 2                       .elseif .def(Target) .and .const((*-2)-(Target)) .and ((*+2)-(Target) <= 127)
000000r 2                               bvs     Target
000000r 2                       .else
000000r 2                               bvc     *+5
000000r 2                               jmp     Target
000000r 2                       .endif
000000r 2               .endmacro
000000r 2               .macro  jvc     Target
000000r 2                       .if     .match(Target, 0)
000000r 2                               bvs     *+5
000000r 2                               jmp     Target
000000r 2                       .elseif .def(Target) .and .const((*-2)-(Target)) .and ((*+2)-(Target) <= 127)
000000r 2                               bvc     Target
000000r 2                       .else
000000r 2                               bvs     *+5
000000r 2                               jmp     Target
000000r 2                       .endif
000000r 2               .endmacro
000000r 2               
000000r 1               	.dbg		file, "C:\Users\Alex\Chased3D\text3d.c", 2176, 1788209939
000000r 1               	.dbg		file, "C:\Users\Alex\Chased3D/text3d.h", 204, 1788209938
000000r 1               	.dbg		file, "C:\Users\Alex\Chased3D/view3d.h", 1185, 1788209938
000000r 1               	.dbg		sym, "view_buffer", "00", extern, "_view_buffer"
000000r 1               	.export		_text3d_print
000000r 1               	.import		_view_buffer
000000r 1               
000000r 1               ; ---------------------------------------------------------------
000000r 1               ; void __near__ text3d_print (unsigned char alignment, const char *text)
000000r 1               ; ---------------------------------------------------------------
000000r 1               
000000r 1               .segment	"CODE"
000000r 1               
000000r 1               .proc	_text3d_print: near
000000r 1               
000000r 1               	.dbg	func, "text3d_print", "00", static, "_text3d_print"
000000r 1               	.dbg	sym, "alignment", "00", auto, 2
000000r 1               	.dbg	sym, "text", "00", auto, 0
000000r 1               	.dbg	sym, "length", "00", auto, -1
000000r 1               	.dbg	sym, "x", "00", auto, -2
000000r 1               	.dbg	sym, "index", "00", auto, -3
000000r 1               	.dbg	sym, "width", "00", auto, -4
000000r 1               
000000r 1               .segment	"CODE"
000000r 1               
000000r 1               ;
000000r 1               ; {
000000r 1               ;
000000r 1               	.dbg	line, "C:\Users\Alex\Chased3D\text3d.c", 49
000000r 1  20 rr rr     	jsr     pushax
000003r 1               ;
000003r 1               ; if (text == 0) return;
000003r 1               ;
000003r 1               	.dbg	line, "C:\Users\Alex\Chased3D\text3d.c", 55
000003r 1  20 rr rr     	jsr     decsp4
000006r 1  A0 04        	ldy     #$04
000008r 1  B1 rr        	lda     (c_sp),y
00000Ar 1  C8           	iny
00000Br 1  11 rr        	ora     (c_sp),y
00000Dr 1  D0 03 4C rr  	jeq     L000F
000011r 1  rr           
000012r 1               ;
000012r 1               ; length = 0;
000012r 1               ;
000012r 1               	.dbg	line, "C:\Users\Alex\Chased3D\text3d.c", 57
000012r 1  A9 00        	lda     #$00
000014r 1  A0 03        	ldy     #$03
000016r 1               ;
000016r 1               ; while (text[length] != '\0' && length < TEXT3D_MAX_CHARS) ++length;
000016r 1               ;
000016r 1               	.dbg	line, "C:\Users\Alex\Chased3D\text3d.c", 58
000016r 1  4C rr rr     	jmp     L0014
000019r 1  A9 01        L0020:	lda     #$01
00001Br 1  71 rr        	adc     (c_sp),y
00001Dr 1  91 rr        L0014:	sta     (c_sp),y
00001Fr 1  A0 05        	ldy     #$05
000021r 1  20 rr rr     	jsr     ldptr1ysp
000024r 1  A0 03        	ldy     #$03
000026r 1  B1 rr        	lda     (c_sp),y
000028r 1  A8           	tay
000029r 1  B1 rr        	lda     (ptr1),y
00002Br 1  F0 0B        	beq     L0013
00002Dr 1  A0 03        	ldy     #$03
00002Fr 1  B1 rr        	lda     (c_sp),y
000031r 1  C9 11        	cmp     #$11
000033r 1  90 E4        	bcc     L0020
000035r 1  4C rr rr     	jmp     L0021
000038r 1               ;
000038r 1               ; width = (unsigned char)(length * GLYPH_WIDTH);
000038r 1               ;
000038r 1               	.dbg	line, "C:\Users\Alex\Chased3D\text3d.c", 59
000038r 1  A0 03        L0013:	ldy     #$03
00003Ar 1  B1 rr        L0021:	lda     (c_sp),y
00003Cr 1  0A           	asl     a
00003Dr 1  0A           	asl     a
00003Er 1  0A           	asl     a
00003Fr 1  A0 00        	ldy     #$00
000041r 1  91 rr        	sta     (c_sp),y
000043r 1               ;
000043r 1               ; if (alignment == TEXT3D_ALIGN_RIGHT) {
000043r 1               ;
000043r 1               	.dbg	line, "C:\Users\Alex\Chased3D\text3d.c", 61
000043r 1  A0 06        	ldy     #$06
000045r 1  B1 rr        	lda     (c_sp),y
000047r 1  C9 02        	cmp     #$02
000049r 1  D0 0A        	bne     L001D
00004Br 1               ;
00004Br 1               ; x = VIEW3D_X_PIXELS + VIEW3D_WIDTH_PIXELS - width;
00004Br 1               ;
00004Br 1               	.dbg	line, "C:\Users\Alex\Chased3D\text3d.c", 62
00004Br 1  A9 A0        	lda     #$A0
00004Dr 1  38           	sec
00004Er 1  A0 00        	ldy     #$00
000050r 1  F1 rr        	sbc     (c_sp),y
000052r 1               ;
000052r 1               ; } else if (alignment == TEXT3D_ALIGN_CENTER) {
000052r 1               ;
000052r 1               	.dbg	line, "C:\Users\Alex\Chased3D\text3d.c", 63
000052r 1  4C rr rr     	jmp     L001F
000055r 1  B1 rr        L001D:	lda     (c_sp),y
000057r 1  C9 01        	cmp     #$01
000059r 1  D0 1C        	bne     L001E
00005Br 1               ;
00005Br 1               ; x = VIEW3D_X_PIXELS + (VIEW3D_WIDTH_PIXELS - width) / 2;
00005Br 1               ;
00005Br 1               	.dbg	line, "C:\Users\Alex\Chased3D\text3d.c", 64
00005Br 1  A9 8C        	lda     #$8C
00005Dr 1  38           	sec
00005Er 1  A0 00        	ldy     #$00
000060r 1  F1 rr        	sbc     (c_sp),y
000062r 1  A2 00        	ldx     #$00
000064r 1  B0 01        	bcs     L0012
000066r 1  CA           	dex
000067r 1  20 rr rr     L0012:	jsr     pushax
00006Ar 1  A9 02        	lda     #$02
00006Cr 1  20 rr rr     	jsr     tosdiva0
00006Fr 1  A0 14        	ldy     #$14
000071r 1  20 rr rr     	jsr     incaxy
000074r 1               ;
000074r 1               ; } else {
000074r 1               ;
000074r 1               	.dbg	line, "C:\Users\Alex\Chased3D\text3d.c", 65
000074r 1  4C rr rr     	jmp     L001F
000077r 1               ;
000077r 1               ; x = VIEW3D_X_PIXELS;
000077r 1               ;
000077r 1               	.dbg	line, "C:\Users\Alex\Chased3D\text3d.c", 66
000077r 1  A9 14        L001E:	lda     #$14
000079r 1  A0 02        L001F:	ldy     #$02
00007Br 1  91 rr        	sta     (c_sp),y
00007Dr 1               ;
00007Dr 1               ; for (index = 0; index < length; ++index) {
00007Dr 1               ;
00007Dr 1               	.dbg	line, "C:\Users\Alex\Chased3D\text3d.c", 69
00007Dr 1  A9 00        	lda     #$00
00007Fr 1  88           	dey
000080r 1  91 rr        L0016:	sta     (c_sp),y
000082r 1  A0 03        	ldy     #$03
000084r 1  D1 rr        	cmp     (c_sp),y
000086r 1  B0 26        	bcs     L000F
000088r 1               ;
000088r 1               ; draw_character(x, (unsigned char)text[index]);
000088r 1               ;
000088r 1               	.dbg	line, "C:\Users\Alex\Chased3D\text3d.c", 70
000088r 1  88           	dey
000089r 1  B1 rr        	lda     (c_sp),y
00008Br 1  20 rr rr     	jsr     pusha
00008Er 1  A0 06        	ldy     #$06
000090r 1  20 rr rr     	jsr     ldptr1ysp
000093r 1  A0 02        	ldy     #$02
000095r 1  B1 rr        	lda     (c_sp),y
000097r 1  A8           	tay
000098r 1  B1 rr        	lda     (ptr1),y
00009Ar 1  20 rr rr     	jsr     _draw_character
00009Dr 1               ;
00009Dr 1               ; x += GLYPH_WIDTH;
00009Dr 1               ;
00009Dr 1               	.dbg	line, "C:\Users\Alex\Chased3D\text3d.c", 71
00009Dr 1  A0 02        	ldy     #$02
00009Fr 1  18           	clc
0000A0r 1  A9 08        	lda     #$08
0000A2r 1  71 rr        	adc     (c_sp),y
0000A4r 1  91 rr        	sta     (c_sp),y
0000A6r 1               ;
0000A6r 1               ; for (index = 0; index < length; ++index) {
0000A6r 1               ;
0000A6r 1               	.dbg	line, "C:\Users\Alex\Chased3D\text3d.c", 69
0000A6r 1  88           	dey
0000A7r 1  18           	clc
0000A8r 1  98           	tya
0000A9r 1  71 rr        	adc     (c_sp),y
0000ABr 1  4C rr rr     	jmp     L0016
0000AEr 1               ;
0000AEr 1               ; }
0000AEr 1               ;
0000AEr 1               	.dbg	line, "C:\Users\Alex\Chased3D\text3d.c", 73
0000AEr 1  4C rr rr     L000F:	jmp     incsp7
0000B1r 1               
0000B1r 1               	.dbg	line
0000B1r 1               .endproc
0000B1r 1               
0000B1r 1               ; ---------------------------------------------------------------
0000B1r 1               ; unsigned char __near__ atascii_to_screen_code (unsigned char character)
0000B1r 1               ; ---------------------------------------------------------------
0000B1r 1               
0000B1r 1               .segment	"CODE"
0000B1r 1               
0000B1r 1               .proc	_atascii_to_screen_code: near
0000B1r 1               
0000B1r 1               	.dbg	func, "atascii_to_screen_code", "00", static, "_atascii_to_screen_code"
0000B1r 1               	.dbg	sym, "character", "00", auto, 0
0000B1r 1               
0000B1r 1               .segment	"CODE"
0000B1r 1               
0000B1r 1               ;
0000B1r 1               ; {
0000B1r 1               ;
0000B1r 1               	.dbg	line, "C:\Users\Alex\Chased3D\text3d.c", 12
0000B1r 1  20 rr rr     	jsr     pusha
0000B4r 1               ;
0000B4r 1               ; if (character >= 32 && character <= 95)
0000B4r 1               ;
0000B4r 1               	.dbg	line, "C:\Users\Alex\Chased3D\text3d.c", 13
0000B4r 1  A0 00        	ldy     #$00
0000B6r 1  B1 rr        	lda     (c_sp),y
0000B8r 1  C9 20        	cmp     #$20
0000BAr 1  90 12        	bcc     L000E
0000BCr 1  C9 60        	cmp     #$60
0000BEr 1  B0 0E        	bcs     L000E
0000C0r 1               ;
0000C0r 1               ; return character - 32;
0000C0r 1               ;
0000C0r 1               	.dbg	line, "C:\Users\Alex\Chased3D\text3d.c", 14
0000C0r 1  A2 00        	ldx     #$00
0000C2r 1  B1 rr        	lda     (c_sp),y
0000C4r 1  A0 20        	ldy     #$20
0000C6r 1  20 rr rr     	jsr     decaxy
0000C9r 1  A2 00        	ldx     #$00
0000CBr 1  4C rr rr     	jmp     incsp1
0000CEr 1               ;
0000CEr 1               ; if (character >= 96 && character <= 127)
0000CEr 1               ;
0000CEr 1               	.dbg	line, "C:\Users\Alex\Chased3D\text3d.c", 15
0000CEr 1  B1 rr        L000E:	lda     (c_sp),y
0000D0r 1  C9 60        	cmp     #$60
0000D2r 1  98           	tya
0000D3r 1  AA           	tax
0000D4r 1  90 0C        	bcc     L0001
0000D6r 1  B1 rr        	lda     (c_sp),y
0000D8r 1  C9 80        	cmp     #$80
0000DAr 1  90 04        	bcc     L0011
0000DCr 1  8A           	txa
0000DDr 1  4C rr rr     	jmp     incsp1
0000E0r 1               ;
0000E0r 1               ; return character;
0000E0r 1               ;
0000E0r 1               	.dbg	line, "C:\Users\Alex\Chased3D\text3d.c", 16
0000E0r 1  B1 rr        L0011:	lda     (c_sp),y
0000E2r 1               ;
0000E2r 1               ; }
0000E2r 1               ;
0000E2r 1               	.dbg	line, "C:\Users\Alex\Chased3D\text3d.c", 18
0000E2r 1  4C rr rr     L0001:	jmp     incsp1
0000E5r 1               
0000E5r 1               	.dbg	line
0000E5r 1               .endproc
0000E5r 1               
0000E5r 1               ; ---------------------------------------------------------------
0000E5r 1               ; void __near__ plot_text_pixel (unsigned char x, unsigned char y)
0000E5r 1               ; ---------------------------------------------------------------
0000E5r 1               
0000E5r 1               .segment	"CODE"
0000E5r 1               
0000E5r 1               .proc	_plot_text_pixel: near
0000E5r 1               
0000E5r 1               	.dbg	func, "plot_text_pixel", "00", static, "_plot_text_pixel"
0000E5r 1               	.dbg	sym, "x", "00", auto, 1
0000E5r 1               	.dbg	sym, "y", "00", auto, 0
0000E5r 1               	.dbg	sym, "shift", "00", auto, -1
0000E5r 1               	.dbg	sym, "dest", "00", auto, -3
0000E5r 1               
0000E5r 1               .segment	"CODE"
0000E5r 1               
0000E5r 1               ;
0000E5r 1               ; {
0000E5r 1               ;
0000E5r 1               	.dbg	line, "C:\Users\Alex\Chased3D\text3d.c", 21
0000E5r 1  20 rr rr     	jsr     pusha
0000E8r 1               ;
0000E8r 1               ; shift = (unsigned char)(6 - ((x & 3) << 1));
0000E8r 1               ;
0000E8r 1               	.dbg	line, "C:\Users\Alex\Chased3D\text3d.c", 25
0000E8r 1  20 rr rr     	jsr     decsp3
0000EBr 1  A9 06        	lda     #$06
0000EDr 1  20 rr rr     	jsr     pusha0
0000F0r 1  A8           	tay
0000F1r 1  B1 rr        	lda     (c_sp),y
0000F3r 1  29 03        	and     #$03
0000F5r 1  0A           	asl     a
0000F6r 1  90 02        	bcc     L0002
0000F8r 1  A2 01        	ldx     #$01
0000FAr 1  20 rr rr     L0002:	jsr     tossubax
0000FDr 1  A0 02        	ldy     #$02
0000FFr 1  91 rr        	sta     (c_sp),y
000101r 1               ;
000101r 1               ; dest = view_buffer + (unsigned int)y * VIEW_STRIDE + (x >> 2);
000101r 1               ;
000101r 1               	.dbg	line, "C:\Users\Alex\Chased3D\text3d.c", 26
000101r 1  C8           	iny
000102r 1  B1 rr        	lda     (c_sp),y
000104r 1  20 rr rr     	jsr     pusha0
000107r 1  A9 28        	lda     #$28
000109r 1  20 rr rr     	jsr     tosumula0
00010Cr 1  18           	clc
00010Dr 1  69 rr        	adc     #<(_view_buffer)
00010Fr 1  85 rr        	sta     ptr1
000111r 1  8A           	txa
000112r 1  69 rr        	adc     #>(_view_buffer)
000114r 1  85 rr        	sta     ptr1+1
000116r 1  A0 04        	ldy     #$04
000118r 1  B1 rr        	lda     (c_sp),y
00011Ar 1  4A           	lsr     a
00011Br 1  4A           	lsr     a
00011Cr 1  18           	clc
00011Dr 1  65 rr        	adc     ptr1
00011Fr 1  A6 rr        	ldx     ptr1+1
000121r 1  90 01        	bcc     L0003
000123r 1  E8           	inx
000124r 1  20 rr rr     L0003:	jsr     stax0sp
000127r 1               ;
000127r 1               ; *dest = (unsigned char)((*dest & ~(3 << shift)) | (TEXT_COLOR << shift));
000127r 1               ;
000127r 1               	.dbg	line, "C:\Users\Alex\Chased3D\text3d.c", 27
000127r 1  85 rr        	sta     sreg
000129r 1  86 rr        	stx     sreg+1
00012Br 1  20 rr rr     	jsr     ldptr10sp
00012Er 1  A0 00        	ldy     #$00
000130r 1  B1 rr        	lda     (ptr1),y
000132r 1  85 rr        	sta     ptr1
000134r 1  A0 02        	ldy     #$02
000136r 1  B1 rr        	lda     (c_sp),y
000138r 1  A8           	tay
000139r 1  A9 03        	lda     #$03
00013Br 1  A2 00        	ldx     #$00
00013Dr 1  20 rr rr     	jsr     aslaxy
000140r 1  49 FF        	eor     #$FF
000142r 1  25 rr        	and     ptr1
000144r 1  85 rr        	sta     ptr1
000146r 1  A2 00        	ldx     #$00
000148r 1  A0 02        	ldy     #$02
00014Ar 1  B1 rr        	lda     (c_sp),y
00014Cr 1  A8           	tay
00014Dr 1  A9 03        	lda     #$03
00014Fr 1  20 rr rr     	jsr     aslaxy
000152r 1  05 rr        	ora     ptr1
000154r 1  A0 00        	ldy     #$00
000156r 1  91 rr        	sta     (sreg),y
000158r 1               ;
000158r 1               ; }
000158r 1               ;
000158r 1               	.dbg	line, "C:\Users\Alex\Chased3D\text3d.c", 28
000158r 1  4C rr rr     	jmp     incsp5
00015Br 1               
00015Br 1               	.dbg	line
00015Br 1               .endproc
00015Br 1               
00015Br 1               ; ---------------------------------------------------------------
00015Br 1               ; void __near__ draw_character (unsigned char x, unsigned char character)
00015Br 1               ; ---------------------------------------------------------------
00015Br 1               
00015Br 1               .segment	"CODE"
00015Br 1               
00015Br 1               .proc	_draw_character: near
00015Br 1               
00015Br 1               	.dbg	func, "draw_character", "00", static, "_draw_character"
00015Br 1               	.dbg	sym, "x", "00", auto, 1
00015Br 1               	.dbg	sym, "character", "00", auto, 0
00015Br 1               	.dbg	sym, "glyph", "00", auto, -2
00015Br 1               	.dbg	sym, "row", "00", auto, -3
00015Br 1               	.dbg	sym, "column", "00", auto, -4
00015Br 1               	.dbg	sym, "bits", "00", auto, -5
00015Br 1               
00015Br 1               .segment	"CODE"
00015Br 1               
00015Br 1               ;
00015Br 1               ; {
00015Br 1               ;
00015Br 1               	.dbg	line, "C:\Users\Alex\Chased3D\text3d.c", 31
00015Br 1  20 rr rr     	jsr     pusha
00015Er 1               ;
00015Er 1               ; glyph = OS_CHARSET_BASE
00015Er 1               ;
00015Er 1               	.dbg	line, "C:\Users\Alex\Chased3D\text3d.c", 37
00015Er 1  20 rr rr     	jsr     decsp5
000161r 1               ;
000161r 1               ; + (unsigned int)atascii_to_screen_code(character) * GLYPH_HEIGHT;
000161r 1               ;
000161r 1               	.dbg	line, "C:\Users\Alex\Chased3D\text3d.c", 38
000161r 1  A0 05        	ldy     #$05
000163r 1  B1 rr        	lda     (c_sp),y
000165r 1  20 rr rr     	jsr     _atascii_to_screen_code
000168r 1  20 rr rr     	jsr     shlax3
00016Br 1  85 rr        	sta     ptr1
00016Dr 1  86 rr        	stx     ptr1+1
00016Fr 1  18           	clc
000170r 1  A5 rr        	lda     ptr1
000172r 1  48           	pha
000173r 1  A9 E0        	lda     #$E0
000175r 1  65 rr        	adc     ptr1+1
000177r 1  AA           	tax
000178r 1  68           	pla
000179r 1  A0 03        	ldy     #$03
00017Br 1  20 rr rr     	jsr     staxysp
00017Er 1               ;
00017Er 1               ; for (row = 0; row < GLYPH_HEIGHT; ++row) {
00017Er 1               ;
00017Er 1               	.dbg	line, "C:\Users\Alex\Chased3D\text3d.c", 39
00017Er 1  A9 00        	lda     #$00
000180r 1  A0 02        	ldy     #$02
000182r 1  91 rr        L000D:	sta     (c_sp),y
000184r 1  C9 08        	cmp     #$08
000186r 1  B0 58        	bcs     L0003
000188r 1               ;
000188r 1               ; bits = glyph[row];
000188r 1               ;
000188r 1               	.dbg	line, "C:\Users\Alex\Chased3D\text3d.c", 40
000188r 1  A0 04        	ldy     #$04
00018Ar 1  20 rr rr     	jsr     ldptr1ysp
00018Dr 1  A0 02        	ldy     #$02
00018Fr 1  B1 rr        	lda     (c_sp),y
000191r 1  A8           	tay
000192r 1  B1 rr        	lda     (ptr1),y
000194r 1  A0 00        	ldy     #$00
000196r 1  91 rr        	sta     (c_sp),y
000198r 1               ;
000198r 1               ; for (column = 0; column < GLYPH_WIDTH; ++column) {
000198r 1               ;
000198r 1               	.dbg	line, "C:\Users\Alex\Chased3D\text3d.c", 41
000198r 1  98           	tya
000199r 1  C8           	iny
00019Ar 1  91 rr        L000C:	sta     (c_sp),y
00019Cr 1  C9 08        	cmp     #$08
00019Er 1  B0 37        	bcs     L0004
0001A0r 1               ;
0001A0r 1               ; if (bits & (0x80 >> column))
0001A0r 1               ;
0001A0r 1               	.dbg	line, "C:\Users\Alex\Chased3D\text3d.c", 42
0001A0r 1  88           	dey
0001A1r 1  B1 rr        	lda     (c_sp),y
0001A3r 1  85 rr        	sta     ptr1
0001A5r 1  C8           	iny
0001A6r 1  B1 rr        	lda     (c_sp),y
0001A8r 1  A8           	tay
0001A9r 1  A9 80        	lda     #$80
0001ABr 1  A2 00        	ldx     #$00
0001ADr 1  20 rr rr     	jsr     asraxy
0001B0r 1  25 rr        	and     ptr1
0001B2r 1  48           	pha
0001B3r 1  68           	pla
0001B4r 1  F0 18        	beq     L0008
0001B6r 1               ;
0001B6r 1               ; plot_text_pixel((unsigned char)(x + column), TEXT_ROW + row);
0001B6r 1               ;
0001B6r 1               	.dbg	line, "C:\Users\Alex\Chased3D\text3d.c", 43
0001B6r 1  A0 01        	ldy     #$01
0001B8r 1  B1 rr        	lda     (c_sp),y
0001BAr 1  18           	clc
0001BBr 1  A0 06        	ldy     #$06
0001BDr 1  71 rr        	adc     (c_sp),y
0001BFr 1  20 rr rr     	jsr     pusha
0001C2r 1  A0 03        	ldy     #$03
0001C4r 1  B1 rr        	lda     (c_sp),y
0001C6r 1  A0 2A        	ldy     #$2A
0001C8r 1  20 rr rr     	jsr     incaxy
0001CBr 1  20 rr rr     	jsr     _plot_text_pixel
0001CEr 1               ;
0001CEr 1               ; for (column = 0; column < GLYPH_WIDTH; ++column) {
0001CEr 1               ;
0001CEr 1               	.dbg	line, "C:\Users\Alex\Chased3D\text3d.c", 41
0001CEr 1  A0 01        L0008:	ldy     #$01
0001D0r 1  18           	clc
0001D1r 1  98           	tya
0001D2r 1  71 rr        	adc     (c_sp),y
0001D4r 1  4C rr rr     	jmp     L000C
0001D7r 1               ;
0001D7r 1               ; for (row = 0; row < GLYPH_HEIGHT; ++row) {
0001D7r 1               ;
0001D7r 1               	.dbg	line, "C:\Users\Alex\Chased3D\text3d.c", 39
0001D7r 1  C8           L0004:	iny
0001D8r 1  18           	clc
0001D9r 1  A9 01        	lda     #$01
0001DBr 1  71 rr        	adc     (c_sp),y
0001DDr 1  4C rr rr     	jmp     L000D
0001E0r 1               ;
0001E0r 1               ; }
0001E0r 1               ;
0001E0r 1               	.dbg	line, "C:\Users\Alex\Chased3D\text3d.c", 46
0001E0r 1  4C rr rr     L0003:	jmp     incsp7
0001E3r 1               
0001E3r 1               	.dbg	line
0001E3r 1               .endproc
0001E3r 1               
0001E3r 1               
