ca65 V2.19 - Git 547d923
Main file   : C:\Users\Alex\Chased3D\debug\textplot.s
Current file: C:\Users\Alex\Chased3D\debug\textplot.s

000000r 1               ;
000000r 1               ; File generated by cc65 v 2.19 - Git 547d923
000000r 1               ;
000000r 1               	.fopt		compiler,"cc65 v 2.19 - Git 547d923"
000000r 1               	.setcpu		"6502"
000000r 1               	.smart		on
000000r 1               	.autoimport	on
000000r 1               	.case		on
000000r 1               	.debuginfo	on
000000r 1               	.importzp	c_sp, sreg, regsave, regbank
000000r 1               	.importzp	tmp1, tmp2, tmp3, tmp4, ptr1, ptr2, ptr3, ptr4
000000r 1               	.macpack	longbranch
000000r 2               .macro  jeq     Target
000000r 2                       .if     .match(Target, 0)
000000r 2                       bne     *+5
000000r 2                       jmp     Target
000000r 2                       .elseif .def(Target) .and .const((*-2)-(Target)) .and ((*+2)-(Target) <= 127)
000000r 2                               beq     Target
000000r 2                       .else
000000r 2                               bne     *+5
000000r 2                               jmp     Target
000000r 2                       .endif
000000r 2               .endmacro
000000r 2               .macro  jne     Target
000000r 2                       .if     .match(Target, 0)
000000r 2                               beq     *+5
000000r 2                               jmp     Target
000000r 2                       .elseif .def(Target) .and .const((*-2)-(Target)) .and ((*+2)-(Target) <= 127)
000000r 2                               bne     Target
000000r 2                       .else
000000r 2                               beq     *+5
000000r 2                               jmp     Target
000000r 2                       .endif
000000r 2               .endmacro
000000r 2               .macro  jmi     Target
000000r 2                       .if     .match(Target, 0)
000000r 2                               bpl     *+5
000000r 2                               jmp     Target
000000r 2                       .elseif .def(Target) .and .const((*-2)-(Target)) .and ((*+2)-(Target) <= 127)
000000r 2                               bmi     Target
000000r 2                       .else
000000r 2                               bpl     *+5
000000r 2                               jmp     Target
000000r 2                       .endif
000000r 2               .endmacro
000000r 2               .macro  jpl     Target
000000r 2                       .if     .match(Target, 0)
000000r 2                               bmi     *+5
000000r 2                               jmp     Target
000000r 2                       .elseif .def(Target) .and .const((*-2)-(Target)) .and ((*+2)-(Target) <= 127)
000000r 2                               bpl     Target
000000r 2                       .else
000000r 2                               bmi     *+5
000000r 2                               jmp     Target
000000r 2                       .endif
000000r 2               .endmacro
000000r 2               .macro  jcs     Target
000000r 2                       .if     .match(Target, 0)
000000r 2                               bcc     *+5
000000r 2                               jmp     Target
000000r 2                       .elseif .def(Target) .and .const((*-2)-(Target)) .and ((*+2)-(Target) <= 127)
000000r 2                               bcs     Target
000000r 2                       .else
000000r 2                               bcc     *+5
000000r 2                               jmp     Target
000000r 2                       .endif
000000r 2               .endmacro
000000r 2               .macro  jcc     Target
000000r 2                       .if     .match(Target, 0)
000000r 2                               bcs     *+5
000000r 2                               jmp     Target
000000r 2                       .elseif .def(Target) .and .const((*-2)-(Target)) .and ((*+2)-(Target) <= 127)
000000r 2                               bcc     Target
000000r 2                       .else
000000r 2                               bcs     *+5
000000r 2                               jmp     Target
000000r 2                       .endif
000000r 2               .endmacro
000000r 2               .macro  jvs     Target
000000r 2                       .if     .match(Target, 0)
000000r 2                               bvc     *+5
000000r 2                               jmp     Target
000000r 2                       .elseif .def(Target) .and .const((*-2)-(Target)) .and ((*+2)-(Target) <= 127)
000000r 2                               bvs     Target
000000r 2                       .else
000000r 2                               bvc     *+5
000000r 2                               jmp     Target
000000r 2                       .endif
000000r 2               .endmacro
000000r 2               .macro  jvc     Target
000000r 2                       .if     .match(Target, 0)
000000r 2                               bvs     *+5
000000r 2                               jmp     Target
000000r 2                       .elseif .def(Target) .and .const((*-2)-(Target)) .and ((*+2)-(Target) <= 127)
000000r 2                               bvc     Target
000000r 2                       .else
000000r 2                               bvs     *+5
000000r 2                               jmp     Target
000000r 2                       .endif
000000r 2               .endmacro
000000r 2               
000000r 1               	.dbg		file, "C:\Users\Alex\Chased3D\textplot.c", 3676, 1788300845
000000r 1               	.dbg		file, "C:\Users\Alex\Chased3D/textplot.h", 424, 1788300845
000000r 1               	.dbg		file, "C:\Users\Alex\Chased3D/view3d.h", 1299, 1788211929
000000r 1               	.dbg		sym, "view_buffer", "00", extern, "_view_buffer"
000000r 1               	.export		_textplot_print
000000r 1               	.export		_textplot_print_fullscreen
000000r 1               	.import		_view_buffer
000000r 1               
000000r 1               .segment	"BSS"
000000r 1               
000000r 1               _plot_color:
000000r 1  00           	.res	1,$00
000001r 1               _plot_y:
000001r 1  00           	.res	1,$00
000002r 1               _plot_size:
000002r 1  00           	.res	1,$00
000003r 1               
000003r 1               ; ---------------------------------------------------------------
000003r 1               ; void __near__ textplot_print (unsigned char alignment, const char *text, unsigned char y, unsigned char color, unsigned char size)
000003r 1               ; ---------------------------------------------------------------
000003r 1               
000003r 1               .segment	"CODE"
000000r 1               
000000r 1               .proc	_textplot_print: near
000000r 1               
000000r 1               	.dbg	func, "textplot_print", "00", static, "_textplot_print"
000000r 1               	.dbg	sym, "alignment", "00", auto, 5
000000r 1               	.dbg	sym, "text", "00", auto, 3
000000r 1               	.dbg	sym, "y", "00", auto, 2
000000r 1               	.dbg	sym, "color", "00", auto, 1
000000r 1               	.dbg	sym, "size", "00", auto, 0
000000r 1               
000000r 1               .segment	"CODE"
000000r 1               
000000r 1               ;
000000r 1               ; {
000000r 1               ;
000000r 1               	.dbg	line, "C:\Users\Alex\Chased3D\textplot.c", 100
000000r 1  20 rr rr     	jsr     pusha
000003r 1               ;
000003r 1               ; textplot_print_area(alignment, text, y, color, size,
000003r 1               ;
000003r 1               	.dbg	line, "C:\Users\Alex\Chased3D\textplot.c", 101
000003r 1  A0 05        	ldy     #$05
000005r 1  B1 rr        	lda     (c_sp),y
000007r 1  20 rr rr     	jsr     pusha
00000Ar 1  A0 07        	ldy     #$07
00000Cr 1  20 rr rr     	jsr     pushwysp
00000Fr 1  A0 05        	ldy     #$05
000011r 1  B1 rr        	lda     (c_sp),y
000013r 1  20 rr rr     	jsr     pusha
000016r 1  A0 05        	ldy     #$05
000018r 1  B1 rr        	lda     (c_sp),y
00001Ar 1  20 rr rr     	jsr     pusha
00001Dr 1  A0 05        	ldy     #$05
00001Fr 1  B1 rr        	lda     (c_sp),y
000021r 1  20 rr rr     	jsr     pusha
000024r 1               ;
000024r 1               ; VIEW3D_X_PIXELS, VIEW3D_WIDTH_PIXELS);
000024r 1               ;
000024r 1               	.dbg	line, "C:\Users\Alex\Chased3D\textplot.c", 102
000024r 1  A9 14        	lda     #$14
000026r 1  20 rr rr     	jsr     pusha
000029r 1  A9 8C        	lda     #$8C
00002Br 1  20 rr rr     	jsr     _textplot_print_area
00002Er 1               ;
00002Er 1               ; }
00002Er 1               ;
00002Er 1               	.dbg	line, "C:\Users\Alex\Chased3D\textplot.c", 103
00002Er 1  4C rr rr     	jmp     incsp6
000031r 1               
000031r 1               	.dbg	line
000031r 1               .endproc
000031r 1               
000031r 1               ; ---------------------------------------------------------------
000031r 1               ; void __near__ textplot_print_fullscreen (unsigned char alignment, const char *text, unsigned char y, unsigned char color, unsigned char size)
000031r 1               ; ---------------------------------------------------------------
000031r 1               
000031r 1               .segment	"CODE"
000031r 1               
000031r 1               .proc	_textplot_print_fullscreen: near
000031r 1               
000031r 1               	.dbg	func, "textplot_print_fullscreen", "00", static, "_textplot_print_fullscreen"
000031r 1               	.dbg	sym, "alignment", "00", auto, 5
000031r 1               	.dbg	sym, "text", "00", auto, 3
000031r 1               	.dbg	sym, "y", "00", auto, 2
000031r 1               	.dbg	sym, "color", "00", auto, 1
000031r 1               	.dbg	sym, "size", "00", auto, 0
000031r 1               
000031r 1               .segment	"CODE"
000031r 1               
000031r 1               ;
000031r 1               ; {
000031r 1               ;
000031r 1               	.dbg	line, "C:\Users\Alex\Chased3D\textplot.c", 108
000031r 1  20 rr rr     	jsr     pusha
000034r 1               ;
000034r 1               ; textplot_print_area(alignment, text, y, color, size,
000034r 1               ;
000034r 1               	.dbg	line, "C:\Users\Alex\Chased3D\textplot.c", 109
000034r 1  A0 05        	ldy     #$05
000036r 1  B1 rr        	lda     (c_sp),y
000038r 1  20 rr rr     	jsr     pusha
00003Br 1  A0 07        	ldy     #$07
00003Dr 1  20 rr rr     	jsr     pushwysp
000040r 1  A0 05        	ldy     #$05
000042r 1  B1 rr        	lda     (c_sp),y
000044r 1  20 rr rr     	jsr     pusha
000047r 1  A0 05        	ldy     #$05
000049r 1  B1 rr        	lda     (c_sp),y
00004Br 1  20 rr rr     	jsr     pusha
00004Er 1  A0 05        	ldy     #$05
000050r 1  B1 rr        	lda     (c_sp),y
000052r 1  20 rr rr     	jsr     pusha
000055r 1               ;
000055r 1               ; 0, VIEW_STRIDE * 4);
000055r 1               ;
000055r 1               	.dbg	line, "C:\Users\Alex\Chased3D\textplot.c", 110
000055r 1  A9 00        	lda     #$00
000057r 1  20 rr rr     	jsr     pusha
00005Ar 1  A9 A0        	lda     #$A0
00005Cr 1  20 rr rr     	jsr     _textplot_print_area
00005Fr 1               ;
00005Fr 1               ; }
00005Fr 1               ;
00005Fr 1               	.dbg	line, "C:\Users\Alex\Chased3D\textplot.c", 111
00005Fr 1  4C rr rr     	jmp     incsp6
000062r 1               
000062r 1               	.dbg	line
000062r 1               .endproc
000062r 1               
000062r 1               ; ---------------------------------------------------------------
000062r 1               ; unsigned char __near__ atascii_to_screen_code (unsigned char character)
000062r 1               ; ---------------------------------------------------------------
000062r 1               
000062r 1               .segment	"CODE"
000062r 1               
000062r 1               .proc	_atascii_to_screen_code: near
000062r 1               
000062r 1               	.dbg	func, "atascii_to_screen_code", "00", static, "_atascii_to_screen_code"
000062r 1               	.dbg	sym, "character", "00", auto, 0
000062r 1               
000062r 1               .segment	"CODE"
000062r 1               
000062r 1               ;
000062r 1               ; {
000062r 1               ;
000062r 1               	.dbg	line, "C:\Users\Alex\Chased3D\textplot.c", 13
000062r 1  20 rr rr     	jsr     pusha
000065r 1               ;
000065r 1               ; if (character >= 32 && character <= 95)
000065r 1               ;
000065r 1               	.dbg	line, "C:\Users\Alex\Chased3D\textplot.c", 14
000065r 1  A0 00        	ldy     #$00
000067r 1  B1 rr        	lda     (c_sp),y
000069r 1  C9 20        	cmp     #$20
00006Br 1  90 12        	bcc     L000E
00006Dr 1  C9 60        	cmp     #$60
00006Fr 1  B0 0E        	bcs     L000E
000071r 1               ;
000071r 1               ; return character - 32;
000071r 1               ;
000071r 1               	.dbg	line, "C:\Users\Alex\Chased3D\textplot.c", 15
000071r 1  A2 00        	ldx     #$00
000073r 1  B1 rr        	lda     (c_sp),y
000075r 1  A0 20        	ldy     #$20
000077r 1  20 rr rr     	jsr     decaxy
00007Ar 1  A2 00        	ldx     #$00
00007Cr 1  4C rr rr     	jmp     incsp1
00007Fr 1               ;
00007Fr 1               ; if (character >= 96 && character <= 127)
00007Fr 1               ;
00007Fr 1               	.dbg	line, "C:\Users\Alex\Chased3D\textplot.c", 16
00007Fr 1  B1 rr        L000E:	lda     (c_sp),y
000081r 1  C9 60        	cmp     #$60
000083r 1  98           	tya
000084r 1  AA           	tax
000085r 1  90 0C        	bcc     L0001
000087r 1  B1 rr        	lda     (c_sp),y
000089r 1  C9 80        	cmp     #$80
00008Br 1  90 04        	bcc     L0011
00008Dr 1  8A           	txa
00008Er 1  4C rr rr     	jmp     incsp1
000091r 1               ;
000091r 1               ; return character;
000091r 1               ;
000091r 1               	.dbg	line, "C:\Users\Alex\Chased3D\textplot.c", 17
000091r 1  B1 rr        L0011:	lda     (c_sp),y
000093r 1               ;
000093r 1               ; }
000093r 1               ;
000093r 1               	.dbg	line, "C:\Users\Alex\Chased3D\textplot.c", 19
000093r 1  4C rr rr     L0001:	jmp     incsp1
000096r 1               
000096r 1               	.dbg	line
000096r 1               .endproc
000096r 1               
000096r 1               ; ---------------------------------------------------------------
000096r 1               ; void __near__ plot_text_pixel (unsigned char x, unsigned char y)
000096r 1               ; ---------------------------------------------------------------
000096r 1               
000096r 1               .segment	"CODE"
000096r 1               
000096r 1               .proc	_plot_text_pixel: near
000096r 1               
000096r 1               	.dbg	func, "plot_text_pixel", "00", static, "_plot_text_pixel"
000096r 1               	.dbg	sym, "x", "00", auto, 1
000096r 1               	.dbg	sym, "y", "00", auto, 0
000096r 1               	.dbg	sym, "shift", "00", auto, -1
000096r 1               	.dbg	sym, "dest", "00", auto, -3
000096r 1               
000096r 1               .segment	"CODE"
000096r 1               
000096r 1               ;
000096r 1               ; {
000096r 1               ;
000096r 1               	.dbg	line, "C:\Users\Alex\Chased3D\textplot.c", 22
000096r 1  20 rr rr     	jsr     pusha
000099r 1               ;
000099r 1               ; shift = (unsigned char)(6 - ((x & 3) << 1));
000099r 1               ;
000099r 1               	.dbg	line, "C:\Users\Alex\Chased3D\textplot.c", 26
000099r 1  20 rr rr     	jsr     decsp3
00009Cr 1  A9 06        	lda     #$06
00009Er 1  20 rr rr     	jsr     pusha0
0000A1r 1  A8           	tay
0000A2r 1  B1 rr        	lda     (c_sp),y
0000A4r 1  29 03        	and     #$03
0000A6r 1  0A           	asl     a
0000A7r 1  90 02        	bcc     L0002
0000A9r 1  A2 01        	ldx     #$01
0000ABr 1  20 rr rr     L0002:	jsr     tossubax
0000AEr 1  A0 02        	ldy     #$02
0000B0r 1  91 rr        	sta     (c_sp),y
0000B2r 1               ;
0000B2r 1               ; dest = view_buffer + (unsigned int)y * VIEW_STRIDE + (x >> 2);
0000B2r 1               ;
0000B2r 1               	.dbg	line, "C:\Users\Alex\Chased3D\textplot.c", 27
0000B2r 1  C8           	iny
0000B3r 1  B1 rr        	lda     (c_sp),y
0000B5r 1  20 rr rr     	jsr     pusha0
0000B8r 1  A9 28        	lda     #$28
0000BAr 1  20 rr rr     	jsr     tosumula0
0000BDr 1  18           	clc
0000BEr 1  69 rr        	adc     #<(_view_buffer)
0000C0r 1  85 rr        	sta     ptr1
0000C2r 1  8A           	txa
0000C3r 1  69 rr        	adc     #>(_view_buffer)
0000C5r 1  85 rr        	sta     ptr1+1
0000C7r 1  A0 04        	ldy     #$04
0000C9r 1  B1 rr        	lda     (c_sp),y
0000CBr 1  4A           	lsr     a
0000CCr 1  4A           	lsr     a
0000CDr 1  18           	clc
0000CEr 1  65 rr        	adc     ptr1
0000D0r 1  A6 rr        	ldx     ptr1+1
0000D2r 1  90 01        	bcc     L0003
0000D4r 1  E8           	inx
0000D5r 1  20 rr rr     L0003:	jsr     stax0sp
0000D8r 1               ;
0000D8r 1               ; *dest = (unsigned char)((*dest & ~(3 << shift)) | (plot_color << shift));
0000D8r 1               ;
0000D8r 1               	.dbg	line, "C:\Users\Alex\Chased3D\textplot.c", 28
0000D8r 1  85 rr        	sta     sreg
0000DAr 1  86 rr        	stx     sreg+1
0000DCr 1  20 rr rr     	jsr     ldptr10sp
0000DFr 1  A0 00        	ldy     #$00
0000E1r 1  B1 rr        	lda     (ptr1),y
0000E3r 1  85 rr        	sta     ptr1
0000E5r 1  A0 02        	ldy     #$02
0000E7r 1  B1 rr        	lda     (c_sp),y
0000E9r 1  A8           	tay
0000EAr 1  A9 03        	lda     #$03
0000ECr 1  A2 00        	ldx     #$00
0000EEr 1  20 rr rr     	jsr     aslaxy
0000F1r 1  49 FF        	eor     #$FF
0000F3r 1  25 rr        	and     ptr1
0000F5r 1  85 rr        	sta     ptr1
0000F7r 1  A2 00        	ldx     #$00
0000F9r 1  A0 02        	ldy     #$02
0000FBr 1  B1 rr        	lda     (c_sp),y
0000FDr 1  A8           	tay
0000FEr 1  AD rr rr     	lda     _plot_color
000101r 1  20 rr rr     	jsr     aslaxy
000104r 1  05 rr        	ora     ptr1
000106r 1  A0 00        	ldy     #$00
000108r 1  91 rr        	sta     (sreg),y
00010Ar 1               ;
00010Ar 1               ; }
00010Ar 1               ;
00010Ar 1               	.dbg	line, "C:\Users\Alex\Chased3D\textplot.c", 29
00010Ar 1  4C rr rr     	jmp     incsp5
00010Dr 1               
00010Dr 1               	.dbg	line
00010Dr 1               .endproc
00010Dr 1               
00010Dr 1               ; ---------------------------------------------------------------
00010Dr 1               ; void __near__ draw_character (unsigned char x, unsigned char character)
00010Dr 1               ; ---------------------------------------------------------------
00010Dr 1               
00010Dr 1               .segment	"CODE"
00010Dr 1               
00010Dr 1               .proc	_draw_character: near
00010Dr 1               
00010Dr 1               	.dbg	func, "draw_character", "00", static, "_draw_character"
00010Dr 1               	.dbg	sym, "x", "00", auto, 1
00010Dr 1               	.dbg	sym, "character", "00", auto, 0
00010Dr 1               	.dbg	sym, "glyph", "00", auto, -2
00010Dr 1               	.dbg	sym, "row", "00", auto, -3
00010Dr 1               	.dbg	sym, "column", "00", auto, -4
00010Dr 1               	.dbg	sym, "bits", "00", auto, -5
00010Dr 1               	.dbg	sym, "scale_x", "00", auto, -6
00010Dr 1               	.dbg	sym, "scale_y", "00", auto, -7
00010Dr 1               
00010Dr 1               .segment	"CODE"
00010Dr 1               
00010Dr 1               ;
00010Dr 1               ; {
00010Dr 1               ;
00010Dr 1               	.dbg	line, "C:\Users\Alex\Chased3D\textplot.c", 32
00010Dr 1  20 rr rr     	jsr     pusha
000110r 1               ;
000110r 1               ; glyph = OS_CHARSET_BASE
000110r 1               ;
000110r 1               	.dbg	line, "C:\Users\Alex\Chased3D\textplot.c", 40
000110r 1  20 rr rr     	jsr     decsp7
000113r 1               ;
000113r 1               ; + (unsigned int)atascii_to_screen_code(character) * GLYPH_HEIGHT;
000113r 1               ;
000113r 1               	.dbg	line, "C:\Users\Alex\Chased3D\textplot.c", 41
000113r 1  A0 07        	ldy     #$07
000115r 1  B1 rr        	lda     (c_sp),y
000117r 1  20 rr rr     	jsr     _atascii_to_screen_code
00011Ar 1  20 rr rr     	jsr     shlax3
00011Dr 1  85 rr        	sta     ptr1
00011Fr 1  86 rr        	stx     ptr1+1
000121r 1  18           	clc
000122r 1  A5 rr        	lda     ptr1
000124r 1  48           	pha
000125r 1  A9 E0        	lda     #$E0
000127r 1  65 rr        	adc     ptr1+1
000129r 1  AA           	tax
00012Ar 1  68           	pla
00012Br 1  A0 05        	ldy     #$05
00012Dr 1  20 rr rr     	jsr     staxysp
000130r 1               ;
000130r 1               ; for (row = 0; row < GLYPH_HEIGHT; ++row) {
000130r 1               ;
000130r 1               	.dbg	line, "C:\Users\Alex\Chased3D\textplot.c", 42
000130r 1  A9 00        	lda     #$00
000132r 1  A0 04        	ldy     #$04
000134r 1  91 rr        L0018:	sta     (c_sp),y
000136r 1  C9 08        	cmp     #$08
000138r 1  90 03 4C rr  	jcs     L0003
00013Cr 1  rr           
00013Dr 1               ;
00013Dr 1               ; bits = glyph[row];
00013Dr 1               ;
00013Dr 1               	.dbg	line, "C:\Users\Alex\Chased3D\textplot.c", 43
00013Dr 1  A0 06        	ldy     #$06
00013Fr 1  20 rr rr     	jsr     ldptr1ysp
000142r 1  A0 04        	ldy     #$04
000144r 1  B1 rr        	lda     (c_sp),y
000146r 1  A8           	tay
000147r 1  B1 rr        	lda     (ptr1),y
000149r 1  A0 02        	ldy     #$02
00014Br 1  91 rr        	sta     (c_sp),y
00014Dr 1               ;
00014Dr 1               ; for (column = 0; column < GLYPH_WIDTH; ++column) {
00014Dr 1               ;
00014Dr 1               	.dbg	line, "C:\Users\Alex\Chased3D\textplot.c", 44
00014Dr 1  A9 00        	lda     #$00
00014Fr 1  C8           	iny
000150r 1  91 rr        L0017:	sta     (c_sp),y
000152r 1  C9 08        	cmp     #$08
000154r 1  90 03 4C rr  	jcs     L0004
000158r 1  rr           
000159r 1               ;
000159r 1               ; if (bits & (0x80 >> column)) {
000159r 1               ;
000159r 1               	.dbg	line, "C:\Users\Alex\Chased3D\textplot.c", 45
000159r 1  88           	dey
00015Ar 1  B1 rr        	lda     (c_sp),y
00015Cr 1  85 rr        	sta     ptr1
00015Er 1  C8           	iny
00015Fr 1  B1 rr        	lda     (c_sp),y
000161r 1  A8           	tay
000162r 1  A9 80        	lda     #$80
000164r 1  A2 00        	ldx     #$00
000166r 1  20 rr rr     	jsr     asraxy
000169r 1  25 rr        	and     ptr1
00016Br 1  48           	pha
00016Cr 1  68           	pla
00016Dr 1  F0 69        	beq     L0008
00016Fr 1               ;
00016Fr 1               ; for (scale_y = 0; scale_y < plot_size; ++scale_y) {
00016Fr 1               ;
00016Fr 1               	.dbg	line, "C:\Users\Alex\Chased3D\textplot.c", 46
00016Fr 1  8A           	txa
000170r 1  A8           	tay
000171r 1  91 rr        L0016:	sta     (c_sp),y
000173r 1  CD rr rr     	cmp     _plot_size
000176r 1  B0 60        	bcs     L0008
000178r 1               ;
000178r 1               ; for (scale_x = 0; scale_x < plot_size; ++scale_x) {
000178r 1               ;
000178r 1               	.dbg	line, "C:\Users\Alex\Chased3D\textplot.c", 47
000178r 1  98           	tya
000179r 1  C8           	iny
00017Ar 1  91 rr        L0015:	sta     (c_sp),y
00017Cr 1  CD rr rr     	cmp     _plot_size
00017Fr 1  B0 4E        	bcs     L000D
000181r 1               ;
000181r 1               ; plot_text_pixel((unsigned char)(x + column * plot_size + scale_x),
000181r 1               ;
000181r 1               	.dbg	line, "C:\Users\Alex\Chased3D\textplot.c", 48
000181r 1  A0 08        	ldy     #$08
000183r 1  B1 rr        	lda     (c_sp),y
000185r 1  20 rr rr     	jsr     pusha0
000188r 1  A0 05        	ldy     #$05
00018Ar 1  B1 rr        	lda     (c_sp),y
00018Cr 1  20 rr rr     	jsr     pusha0
00018Fr 1  AD rr rr     	lda     _plot_size
000192r 1  20 rr rr     	jsr     tosumula0
000195r 1  20 rr rr     	jsr     tosaddax
000198r 1  85 rr        	sta     ptr1
00019Ar 1  A0 01        	ldy     #$01
00019Cr 1  B1 rr        	lda     (c_sp),y
00019Er 1  18           	clc
00019Fr 1  65 rr        	adc     ptr1
0001A1r 1  20 rr rr     	jsr     pusha
0001A4r 1               ;
0001A4r 1               ; (unsigned char)(plot_y + row * plot_size + scale_y));
0001A4r 1               ;
0001A4r 1               	.dbg	line, "C:\Users\Alex\Chased3D\textplot.c", 49
0001A4r 1  AD rr rr     	lda     _plot_y
0001A7r 1  20 rr rr     	jsr     pusha0
0001AAr 1  A0 07        	ldy     #$07
0001ACr 1  B1 rr        	lda     (c_sp),y
0001AEr 1  20 rr rr     	jsr     pusha0
0001B1r 1  AD rr rr     	lda     _plot_size
0001B4r 1  20 rr rr     	jsr     tosumula0
0001B7r 1  20 rr rr     	jsr     tosaddax
0001BAr 1  85 rr        	sta     ptr1
0001BCr 1  A0 01        	ldy     #$01
0001BEr 1  B1 rr        	lda     (c_sp),y
0001C0r 1  18           	clc
0001C1r 1  65 rr        	adc     ptr1
0001C3r 1  20 rr rr     	jsr     _plot_text_pixel
0001C6r 1               ;
0001C6r 1               ; for (scale_x = 0; scale_x < plot_size; ++scale_x) {
0001C6r 1               ;
0001C6r 1               	.dbg	line, "C:\Users\Alex\Chased3D\textplot.c", 47
0001C6r 1  A0 01        	ldy     #$01
0001C8r 1  18           	clc
0001C9r 1  98           	tya
0001CAr 1  71 rr        	adc     (c_sp),y
0001CCr 1  4C rr rr     	jmp     L0015
0001CFr 1               ;
0001CFr 1               ; for (scale_y = 0; scale_y < plot_size; ++scale_y) {
0001CFr 1               ;
0001CFr 1               	.dbg	line, "C:\Users\Alex\Chased3D\textplot.c", 46
0001CFr 1  88           L000D:	dey
0001D0r 1  18           	clc
0001D1r 1  A9 01        	lda     #$01
0001D3r 1  71 rr        	adc     (c_sp),y
0001D5r 1  4C rr rr     	jmp     L0016
0001D8r 1               ;
0001D8r 1               ; for (column = 0; column < GLYPH_WIDTH; ++column) {
0001D8r 1               ;
0001D8r 1               	.dbg	line, "C:\Users\Alex\Chased3D\textplot.c", 44
0001D8r 1  A0 03        L0008:	ldy     #$03
0001DAr 1  18           	clc
0001DBr 1  A9 01        	lda     #$01
0001DDr 1  71 rr        	adc     (c_sp),y
0001DFr 1  4C rr rr     	jmp     L0017
0001E2r 1               ;
0001E2r 1               ; for (row = 0; row < GLYPH_HEIGHT; ++row) {
0001E2r 1               ;
0001E2r 1               	.dbg	line, "C:\Users\Alex\Chased3D\textplot.c", 42
0001E2r 1  C8           L0004:	iny
0001E3r 1  18           	clc
0001E4r 1  A9 01        	lda     #$01
0001E6r 1  71 rr        	adc     (c_sp),y
0001E8r 1  4C rr rr     	jmp     L0018
0001EBr 1               ;
0001EBr 1               ; }
0001EBr 1               ;
0001EBr 1               	.dbg	line, "C:\Users\Alex\Chased3D\textplot.c", 55
0001EBr 1  A0 09        L0003:	ldy     #$09
0001EDr 1  4C rr rr     	jmp     addysp
0001F0r 1               
0001F0r 1               	.dbg	line
0001F0r 1               .endproc
0001F0r 1               
0001F0r 1               ; ---------------------------------------------------------------
0001F0r 1               ; void __near__ textplot_print_area (unsigned char alignment, const char *text, unsigned char y, unsigned char color, unsigned char size, unsigned char area_x, unsigned char area_width)
0001F0r 1               ; ---------------------------------------------------------------
0001F0r 1               
0001F0r 1               .segment	"CODE"
0001F0r 1               
0001F0r 1               .proc	_textplot_print_area: near
0001F0r 1               
0001F0r 1               	.dbg	func, "textplot_print_area", "00", static, "_textplot_print_area"
0001F0r 1               	.dbg	sym, "alignment", "00", auto, 7
0001F0r 1               	.dbg	sym, "text", "00", auto, 5
0001F0r 1               	.dbg	sym, "y", "00", auto, 4
0001F0r 1               	.dbg	sym, "color", "00", auto, 3
0001F0r 1               	.dbg	sym, "size", "00", auto, 2
0001F0r 1               	.dbg	sym, "area_x", "00", auto, 1
0001F0r 1               	.dbg	sym, "area_width", "00", auto, 0
0001F0r 1               	.dbg	sym, "length", "00", auto, -1
0001F0r 1               	.dbg	sym, "x", "00", auto, -2
0001F0r 1               	.dbg	sym, "index", "00", auto, -3
0001F0r 1               	.dbg	sym, "width", "00", auto, -4
0001F0r 1               	.dbg	sym, "char_width", "00", auto, -5
0001F0r 1               	.dbg	sym, "max_chars", "00", auto, -6
0001F0r 1               	.dbg	sym, "height", "00", auto, -7
0001F0r 1               
0001F0r 1               .segment	"CODE"
0001F0r 1               
0001F0r 1               ;
0001F0r 1               ; {
0001F0r 1               ;
0001F0r 1               	.dbg	line, "C:\Users\Alex\Chased3D\textplot.c", 61
0001F0r 1  20 rr rr     	jsr     pusha
0001F3r 1               ;
0001F3r 1               ; if (text == 0) return;
0001F3r 1               ;
0001F3r 1               	.dbg	line, "C:\Users\Alex\Chased3D\textplot.c", 70
0001F3r 1  20 rr rr     	jsr     decsp7
0001F6r 1  A0 0C        	ldy     #$0C
0001F8r 1  B1 rr        	lda     (c_sp),y
0001FAr 1  C8           	iny
0001FBr 1  11 rr        	ora     (c_sp),y
0001FDr 1  D0 03 4C rr  	jeq     L0013
000201r 1  rr           
000202r 1               ;
000202r 1               ; if (size == 0) size = 1;
000202r 1               ;
000202r 1               	.dbg	line, "C:\Users\Alex\Chased3D\textplot.c", 71
000202r 1  A0 09        	ldy     #$09
000204r 1  B1 rr        	lda     (c_sp),y
000206r 1  D0 04        	bne     L001E
000208r 1  A9 01        	lda     #$01
00020Ar 1  91 rr        	sta     (c_sp),y
00020Cr 1               ;
00020Cr 1               ; if (size > VIEW_ROWS / GLYPH_HEIGHT) size = VIEW_ROWS / GLYPH_HEIGHT;
00020Cr 1               ;
00020Cr 1               	.dbg	line, "C:\Users\Alex\Chased3D\textplot.c", 72
00020Cr 1  B1 rr        L001E:	lda     (c_sp),y
00020Er 1  C9 0C        	cmp     #$0C
000210r 1  90 04        	bcc     L0020
000212r 1  A9 0B        	lda     #$0B
000214r 1  91 rr        	sta     (c_sp),y
000216r 1               ;
000216r 1               ; plot_size = size;
000216r 1               ;
000216r 1               	.dbg	line, "C:\Users\Alex\Chased3D\textplot.c", 73
000216r 1  B1 rr        L0020:	lda     (c_sp),y
000218r 1  8D rr rr     	sta     _plot_size
00021Br 1               ;
00021Br 1               ; char_width = GLYPH_WIDTH * plot_size;
00021Br 1               ;
00021Br 1               	.dbg	line, "C:\Users\Alex\Chased3D\textplot.c", 74
00021Br 1  0A           	asl     a
00021Cr 1  0A           	asl     a
00021Dr 1  0A           	asl     a
00021Er 1  A0 02        	ldy     #$02
000220r 1  91 rr        	sta     (c_sp),y
000222r 1               ;
000222r 1               ; height = GLYPH_HEIGHT * plot_size;
000222r 1               ;
000222r 1               	.dbg	line, "C:\Users\Alex\Chased3D\textplot.c", 75
000222r 1  AD rr rr     	lda     _plot_size
000225r 1  0A           	asl     a
000226r 1  0A           	asl     a
000227r 1  0A           	asl     a
000228r 1  A0 00        	ldy     #$00
00022Ar 1  91 rr        	sta     (c_sp),y
00022Cr 1               ;
00022Cr 1               ; max_chars = area_width / char_width;
00022Cr 1               ;
00022Cr 1               	.dbg	line, "C:\Users\Alex\Chased3D\textplot.c", 76
00022Cr 1  A0 07        	ldy     #$07
00022Er 1  B1 rr        	lda     (c_sp),y
000230r 1  20 rr rr     	jsr     pusha0
000233r 1  A0 04        	ldy     #$04
000235r 1  B1 rr        	lda     (c_sp),y
000237r 1  20 rr rr     	jsr     tosudiva0
00023Ar 1  A0 01        	ldy     #$01
00023Cr 1  91 rr        	sta     (c_sp),y
00023Er 1               ;
00023Er 1               ; plot_y = y > VIEW_ROWS - height ? VIEW_ROWS - height : y;
00023Er 1               ;
00023Er 1               	.dbg	line, "C:\Users\Alex\Chased3D\textplot.c", 77
00023Er 1  A0 0B        	ldy     #$0B
000240r 1  B1 rr        	lda     (c_sp),y
000242r 1  20 rr rr     	jsr     pusha0
000245r 1  A9 5C        	lda     #$5C
000247r 1  38           	sec
000248r 1  A0 02        	ldy     #$02
00024Ar 1  F1 rr        	sbc     (c_sp),y
00024Cr 1  B0 01        	bcs     L0016
00024Er 1  CA           	dex
00024Fr 1  20 rr rr     L0016:	jsr     tosicmp
000252r 1  30 0C        	bmi     L0006
000254r 1  F0 0A        	beq     L0006
000256r 1  A9 5C        	lda     #$5C
000258r 1  38           	sec
000259r 1  A0 00        	ldy     #$00
00025Br 1  F1 rr        	sbc     (c_sp),y
00025Dr 1  4C rr rr     	jmp     L0021
000260r 1  A0 0B        L0006:	ldy     #$0B
000262r 1  B1 rr        	lda     (c_sp),y
000264r 1  8D rr rr     L0021:	sta     _plot_y
000267r 1               ;
000267r 1               ; plot_color = color & 3;
000267r 1               ;
000267r 1               	.dbg	line, "C:\Users\Alex\Chased3D\textplot.c", 78
000267r 1  A0 0A        	ldy     #$0A
000269r 1  B1 rr        	lda     (c_sp),y
00026Br 1  29 03        	and     #$03
00026Dr 1  8D rr rr     	sta     _plot_color
000270r 1               ;
000270r 1               ; length = 0;
000270r 1               ;
000270r 1               	.dbg	line, "C:\Users\Alex\Chased3D\textplot.c", 80
000270r 1  A9 00        	lda     #$00
000272r 1  A0 06        	ldy     #$06
000274r 1               ;
000274r 1               ; while (text[length] != '\0' && length < max_chars) ++length;
000274r 1               ;
000274r 1               	.dbg	line, "C:\Users\Alex\Chased3D\textplot.c", 81
000274r 1  4C rr rr     	jmp     L001A
000277r 1  A0 06        L0008:	ldy     #$06
000279r 1  18           	clc
00027Ar 1  A9 01        	lda     #$01
00027Cr 1  71 rr        	adc     (c_sp),y
00027Er 1  91 rr        L001A:	sta     (c_sp),y
000280r 1  A0 0D        	ldy     #$0D
000282r 1  20 rr rr     	jsr     ldptr1ysp
000285r 1  A0 06        	ldy     #$06
000287r 1  B1 rr        	lda     (c_sp),y
000289r 1  A8           	tay
00028Ar 1  B1 rr        	lda     (ptr1),y
00028Cr 1  F0 0A        	beq     L0019
00028Er 1  A0 06        	ldy     #$06
000290r 1  B1 rr        	lda     (c_sp),y
000292r 1  A0 01        	ldy     #$01
000294r 1  D1 rr        	cmp     (c_sp),y
000296r 1  90 DF        	bcc     L0008
000298r 1               ;
000298r 1               ; width = (unsigned char)(length * char_width);
000298r 1               ;
000298r 1               	.dbg	line, "C:\Users\Alex\Chased3D\textplot.c", 82
000298r 1  A0 06        L0019:	ldy     #$06
00029Ar 1  B1 rr        	lda     (c_sp),y
00029Cr 1  20 rr rr     	jsr     pusha0
00029Fr 1  A0 04        	ldy     #$04
0002A1r 1  B1 rr        	lda     (c_sp),y
0002A3r 1  20 rr rr     	jsr     tosumula0
0002A6r 1  A0 03        	ldy     #$03
0002A8r 1  91 rr        	sta     (c_sp),y
0002AAr 1               ;
0002AAr 1               ; if (alignment == TEXTPLOT_ALIGN_RIGHT) {
0002AAr 1               ;
0002AAr 1               	.dbg	line, "C:\Users\Alex\Chased3D\textplot.c", 84
0002AAr 1  A0 0E        	ldy     #$0E
0002ACr 1  B1 rr        	lda     (c_sp),y
0002AEr 1  C9 02        	cmp     #$02
0002B0r 1  D0 10        	bne     L0026
0002B2r 1               ;
0002B2r 1               ; x = area_x + area_width - width;
0002B2r 1               ;
0002B2r 1               	.dbg	line, "C:\Users\Alex\Chased3D\textplot.c", 85
0002B2r 1  A0 07        	ldy     #$07
0002B4r 1  B1 rr        	lda     (c_sp),y
0002B6r 1  18           	clc
0002B7r 1  C8           	iny
0002B8r 1  71 rr        	adc     (c_sp),y
0002BAr 1  38           	sec
0002BBr 1  A0 03        	ldy     #$03
0002BDr 1  F1 rr        	sbc     (c_sp),y
0002BFr 1               ;
0002BFr 1               ; } else if (alignment == TEXTPLOT_ALIGN_CENTER) {
0002BFr 1               ;
0002BFr 1               	.dbg	line, "C:\Users\Alex\Chased3D\textplot.c", 86
0002BFr 1  4C rr rr     	jmp     L0027
0002C2r 1  B1 rr        L0026:	lda     (c_sp),y
0002C4r 1  C9 01        	cmp     #$01
0002C6r 1  D0 21        	bne     L0010
0002C8r 1               ;
0002C8r 1               ; x = area_x + (area_width - width) / 2;
0002C8r 1               ;
0002C8r 1               	.dbg	line, "C:\Users\Alex\Chased3D\textplot.c", 87
0002C8r 1  A0 08        	ldy     #$08
0002CAr 1  B1 rr        	lda     (c_sp),y
0002CCr 1  20 rr rr     	jsr     pusha0
0002CFr 1  A0 09        	ldy     #$09
0002D1r 1  B1 rr        	lda     (c_sp),y
0002D3r 1  38           	sec
0002D4r 1  A0 05        	ldy     #$05
0002D6r 1  F1 rr        	sbc     (c_sp),y
0002D8r 1  B0 01        	bcs     L0017
0002DAr 1  CA           	dex
0002DBr 1  20 rr rr     L0017:	jsr     pushax
0002DEr 1  A9 02        	lda     #$02
0002E0r 1  20 rr rr     	jsr     tosdiva0
0002E3r 1  20 rr rr     	jsr     tosaddax
0002E6r 1               ;
0002E6r 1               ; } else {
0002E6r 1               ;
0002E6r 1               	.dbg	line, "C:\Users\Alex\Chased3D\textplot.c", 88
0002E6r 1  4C rr rr     	jmp     L0027
0002E9r 1               ;
0002E9r 1               ; x = area_x;
0002E9r 1               ;
0002E9r 1               	.dbg	line, "C:\Users\Alex\Chased3D\textplot.c", 89
0002E9r 1  A0 08        L0010:	ldy     #$08
0002EBr 1  B1 rr        	lda     (c_sp),y
0002EDr 1  A0 05        L0027:	ldy     #$05
0002EFr 1  91 rr        	sta     (c_sp),y
0002F1r 1               ;
0002F1r 1               ; for (index = 0; index < length; ++index) {
0002F1r 1               ;
0002F1r 1               	.dbg	line, "C:\Users\Alex\Chased3D\textplot.c", 92
0002F1r 1  A9 00        	lda     #$00
0002F3r 1  88           	dey
0002F4r 1  91 rr        L001C:	sta     (c_sp),y
0002F6r 1  A0 06        	ldy     #$06
0002F8r 1  D1 rr        	cmp     (c_sp),y
0002FAr 1  B0 29        	bcs     L0013
0002FCr 1               ;
0002FCr 1               ; draw_character(x, (unsigned char)text[index]);
0002FCr 1               ;
0002FCr 1               	.dbg	line, "C:\Users\Alex\Chased3D\textplot.c", 93
0002FCr 1  88           	dey
0002FDr 1  B1 rr        	lda     (c_sp),y
0002FFr 1  20 rr rr     	jsr     pusha
000302r 1  A0 0E        	ldy     #$0E
000304r 1  20 rr rr     	jsr     ldptr1ysp
000307r 1  A0 05        	ldy     #$05
000309r 1  B1 rr        	lda     (c_sp),y
00030Br 1  A8           	tay
00030Cr 1  B1 rr        	lda     (ptr1),y
00030Er 1  20 rr rr     	jsr     _draw_character
000311r 1               ;
000311r 1               ; x += char_width;
000311r 1               ;
000311r 1               	.dbg	line, "C:\Users\Alex\Chased3D\textplot.c", 94
000311r 1  A0 02        	ldy     #$02
000313r 1  B1 rr        	lda     (c_sp),y
000315r 1  A0 05        	ldy     #$05
000317r 1  18           	clc
000318r 1  71 rr        	adc     (c_sp),y
00031Ar 1  91 rr        	sta     (c_sp),y
00031Cr 1               ;
00031Cr 1               ; for (index = 0; index < length; ++index) {
00031Cr 1               ;
00031Cr 1               	.dbg	line, "C:\Users\Alex\Chased3D\textplot.c", 92
00031Cr 1  88           	dey
00031Dr 1  18           	clc
00031Er 1  A9 01        	lda     #$01
000320r 1  71 rr        	adc     (c_sp),y
000322r 1  4C rr rr     	jmp     L001C
000325r 1               ;
000325r 1               ; }
000325r 1               ;
000325r 1               	.dbg	line, "C:\Users\Alex\Chased3D\textplot.c", 96
000325r 1  A0 0F        L0013:	ldy     #$0F
000327r 1  4C rr rr     	jmp     addysp
00032Ar 1               
00032Ar 1               	.dbg	line
00032Ar 1               .endproc
00032Ar 1               
00032Ar 1               
