ca65 V2.19 - Git 547d923
Main file   : C:\Users\Alex\Chased3D\debug\trig3d.s
Current file: C:\Users\Alex\Chased3D\debug\trig3d.s

000000r 1               ;
000000r 1               ; File generated by cc65 v 2.19 - Git 547d923
000000r 1               ;
000000r 1               	.fopt		compiler,"cc65 v 2.19 - Git 547d923"
000000r 1               	.setcpu		"6502"
000000r 1               	.smart		on
000000r 1               	.autoimport	on
000000r 1               	.case		on
000000r 1               	.debuginfo	on
000000r 1               	.importzp	c_sp, sreg, regsave, regbank
000000r 1               	.importzp	tmp1, tmp2, tmp3, tmp4, ptr1, ptr2, ptr3, ptr4
000000r 1               	.macpack	longbranch
000000r 2               .macro  jeq     Target
000000r 2                       .if     .match(Target, 0)
000000r 2                       bne     *+5
000000r 2                       jmp     Target
000000r 2                       .elseif .def(Target) .and .const((*-2)-(Target)) .and ((*+2)-(Target) <= 127)
000000r 2                               beq     Target
000000r 2                       .else
000000r 2                               bne     *+5
000000r 2                               jmp     Target
000000r 2                       .endif
000000r 2               .endmacro
000000r 2               .macro  jne     Target
000000r 2                       .if     .match(Target, 0)
000000r 2                               beq     *+5
000000r 2                               jmp     Target
000000r 2                       .elseif .def(Target) .and .const((*-2)-(Target)) .and ((*+2)-(Target) <= 127)
000000r 2                               bne     Target
000000r 2                       .else
000000r 2                               beq     *+5
000000r 2                               jmp     Target
000000r 2                       .endif
000000r 2               .endmacro
000000r 2               .macro  jmi     Target
000000r 2                       .if     .match(Target, 0)
000000r 2                               bpl     *+5
000000r 2                               jmp     Target
000000r 2                       .elseif .def(Target) .and .const((*-2)-(Target)) .and ((*+2)-(Target) <= 127)
000000r 2                               bmi     Target
000000r 2                       .else
000000r 2                               bpl     *+5
000000r 2                               jmp     Target
000000r 2                       .endif
000000r 2               .endmacro
000000r 2               .macro  jpl     Target
000000r 2                       .if     .match(Target, 0)
000000r 2                               bmi     *+5
000000r 2                               jmp     Target
000000r 2                       .elseif .def(Target) .and .const((*-2)-(Target)) .and ((*+2)-(Target) <= 127)
000000r 2                               bpl     Target
000000r 2                       .else
000000r 2                               bmi     *+5
000000r 2                               jmp     Target
000000r 2                       .endif
000000r 2               .endmacro
000000r 2               .macro  jcs     Target
000000r 2                       .if     .match(Target, 0)
000000r 2                               bcc     *+5
000000r 2                               jmp     Target
000000r 2                       .elseif .def(Target) .and .const((*-2)-(Target)) .and ((*+2)-(Target) <= 127)
000000r 2                               bcs     Target
000000r 2                       .else
000000r 2                               bcc     *+5
000000r 2                               jmp     Target
000000r 2                       .endif
000000r 2               .endmacro
000000r 2               .macro  jcc     Target
000000r 2                       .if     .match(Target, 0)
000000r 2                               bcs     *+5
000000r 2                               jmp     Target
000000r 2                       .elseif .def(Target) .and .const((*-2)-(Target)) .and ((*+2)-(Target) <= 127)
000000r 2                               bcc     Target
000000r 2                       .else
000000r 2                               bcs     *+5
000000r 2                               jmp     Target
000000r 2                       .endif
000000r 2               .endmacro
000000r 2               .macro  jvs     Target
000000r 2                       .if     .match(Target, 0)
000000r 2                               bvc     *+5
000000r 2                               jmp     Target
000000r 2                       .elseif .def(Target) .and .const((*-2)-(Target)) .and ((*+2)-(Target) <= 127)
000000r 2                               bvs     Target
000000r 2                       .else
000000r 2                               bvc     *+5
000000r 2                               jmp     Target
000000r 2                       .endif
000000r 2               .endmacro
000000r 2               .macro  jvc     Target
000000r 2                       .if     .match(Target, 0)
000000r 2                               bvs     *+5
000000r 2                               jmp     Target
000000r 2                       .elseif .def(Target) .and .const((*-2)-(Target)) .and ((*+2)-(Target) <= 127)
000000r 2                               bvc     Target
000000r 2                       .else
000000r 2                               bvs     *+5
000000r 2                               jmp     Target
000000r 2                       .endif
000000r 2               .endmacro
000000r 2               
000000r 1               	.dbg		file, "C:\Users\Alex\Chased3D\trig3d.c", 3785, 1787781160
000000r 1               	.dbg		file, "C:\Users\Alex\Chased3D/trig3d.h", 333, 1787781160
000000r 1               	.export		_sin3d
000000r 1               	.export		_recip3d
000000r 1               	.export		_ray_offset
000000r 1               	.export		_cos_rel
000000r 1               
000000r 1               .segment	"RODATA"
000000r 1               
000000r 1               _sin3d:
000000r 1  00 00        	.word	$0000
000002r 1  06 00        	.word	$0006
000004r 1  0D 00        	.word	$000D
000006r 1  13 00        	.word	$0013
000008r 1  19 00        	.word	$0019
00000Ar 1  1F 00        	.word	$001F
00000Cr 1  26 00        	.word	$0026
00000Er 1  2C 00        	.word	$002C
000010r 1  32 00        	.word	$0032
000012r 1  38 00        	.word	$0038
000014r 1  3E 00        	.word	$003E
000016r 1  44 00        	.word	$0044
000018r 1  4A 00        	.word	$004A
00001Ar 1  50 00        	.word	$0050
00001Cr 1  56 00        	.word	$0056
00001Er 1  5C 00        	.word	$005C
000020r 1  62 00        	.word	$0062
000022r 1  68 00        	.word	$0068
000024r 1  6D 00        	.word	$006D
000026r 1  73 00        	.word	$0073
000028r 1  79 00        	.word	$0079
00002Ar 1  7E 00        	.word	$007E
00002Cr 1  84 00        	.word	$0084
00002Er 1  89 00        	.word	$0089
000030r 1  8E 00        	.word	$008E
000032r 1  93 00        	.word	$0093
000034r 1  98 00        	.word	$0098
000036r 1  9D 00        	.word	$009D
000038r 1  A2 00        	.word	$00A2
00003Ar 1  A7 00        	.word	$00A7
00003Cr 1  AC 00        	.word	$00AC
00003Er 1  B1 00        	.word	$00B1
000040r 1  B5 00        	.word	$00B5
000042r 1  B9 00        	.word	$00B9
000044r 1  BE 00        	.word	$00BE
000046r 1  C2 00        	.word	$00C2
000048r 1  C6 00        	.word	$00C6
00004Ar 1  CA 00        	.word	$00CA
00004Cr 1  CE 00        	.word	$00CE
00004Er 1  D1 00        	.word	$00D1
000050r 1  D5 00        	.word	$00D5
000052r 1  D8 00        	.word	$00D8
000054r 1  DC 00        	.word	$00DC
000056r 1  DF 00        	.word	$00DF
000058r 1  E2 00        	.word	$00E2
00005Ar 1  E5 00        	.word	$00E5
00005Cr 1  E7 00        	.word	$00E7
00005Er 1  EA 00        	.word	$00EA
000060r 1  ED 00        	.word	$00ED
000062r 1  EF 00        	.word	$00EF
000064r 1  F1 00        	.word	$00F1
000066r 1  F3 00        	.word	$00F3
000068r 1  F5 00        	.word	$00F5
00006Ar 1  F7 00        	.word	$00F7
00006Cr 1  F8 00        	.word	$00F8
00006Er 1  FA 00        	.word	$00FA
000070r 1  FB 00        	.word	$00FB
000072r 1  FC 00        	.word	$00FC
000074r 1  FD 00        	.word	$00FD
000076r 1  FE 00        	.word	$00FE
000078r 1  FF 00        	.word	$00FF
00007Ar 1  FF 00        	.word	$00FF
00007Cr 1  00 01        	.word	$0100
00007Er 1  00 01        	.word	$0100
000080r 1  00 01        	.word	$0100
000082r 1  00 01        	.word	$0100
000084r 1  00 01        	.word	$0100
000086r 1  FF 00        	.word	$00FF
000088r 1  FF 00        	.word	$00FF
00008Ar 1  FE 00        	.word	$00FE
00008Cr 1  FD 00        	.word	$00FD
00008Er 1  FC 00        	.word	$00FC
000090r 1  FB 00        	.word	$00FB
000092r 1  FA 00        	.word	$00FA
000094r 1  F8 00        	.word	$00F8
000096r 1  F7 00        	.word	$00F7
000098r 1  F5 00        	.word	$00F5
00009Ar 1  F3 00        	.word	$00F3
00009Cr 1  F1 00        	.word	$00F1
00009Er 1  EF 00        	.word	$00EF
0000A0r 1  ED 00        	.word	$00ED
0000A2r 1  EA 00        	.word	$00EA
0000A4r 1  E7 00        	.word	$00E7
0000A6r 1  E5 00        	.word	$00E5
0000A8r 1  E2 00        	.word	$00E2
0000AAr 1  DF 00        	.word	$00DF
0000ACr 1  DC 00        	.word	$00DC
0000AEr 1  D8 00        	.word	$00D8
0000B0r 1  D5 00        	.word	$00D5
0000B2r 1  D1 00        	.word	$00D1
0000B4r 1  CE 00        	.word	$00CE
0000B6r 1  CA 00        	.word	$00CA
0000B8r 1  C6 00        	.word	$00C6
0000BAr 1  C2 00        	.word	$00C2
0000BCr 1  BE 00        	.word	$00BE
0000BEr 1  B9 00        	.word	$00B9
0000C0r 1  B5 00        	.word	$00B5
0000C2r 1  B1 00        	.word	$00B1
0000C4r 1  AC 00        	.word	$00AC
0000C6r 1  A7 00        	.word	$00A7
0000C8r 1  A2 00        	.word	$00A2
0000CAr 1  9D 00        	.word	$009D
0000CCr 1  98 00        	.word	$0098
0000CEr 1  93 00        	.word	$0093
0000D0r 1  8E 00        	.word	$008E
0000D2r 1  89 00        	.word	$0089
0000D4r 1  84 00        	.word	$0084
0000D6r 1  7E 00        	.word	$007E
0000D8r 1  79 00        	.word	$0079
0000DAr 1  73 00        	.word	$0073
0000DCr 1  6D 00        	.word	$006D
0000DEr 1  68 00        	.word	$0068
0000E0r 1  62 00        	.word	$0062
0000E2r 1  5C 00        	.word	$005C
0000E4r 1  56 00        	.word	$0056
0000E6r 1  50 00        	.word	$0050
0000E8r 1  4A 00        	.word	$004A
0000EAr 1  44 00        	.word	$0044
0000ECr 1  3E 00        	.word	$003E
0000EEr 1  38 00        	.word	$0038
0000F0r 1  32 00        	.word	$0032
0000F2r 1  2C 00        	.word	$002C
0000F4r 1  26 00        	.word	$0026
0000F6r 1  1F 00        	.word	$001F
0000F8r 1  19 00        	.word	$0019
0000FAr 1  13 00        	.word	$0013
0000FCr 1  0D 00        	.word	$000D
0000FEr 1  06 00        	.word	$0006
000100r 1  00 00        	.word	$0000
000102r 1  FA FF        	.word	$FFFA
000104r 1  F3 FF        	.word	$FFF3
000106r 1  ED FF        	.word	$FFED
000108r 1  E7 FF        	.word	$FFE7
00010Ar 1  E1 FF        	.word	$FFE1
00010Cr 1  DA FF        	.word	$FFDA
00010Er 1  D4 FF        	.word	$FFD4
000110r 1  CE FF        	.word	$FFCE
000112r 1  C8 FF        	.word	$FFC8
000114r 1  C2 FF        	.word	$FFC2
000116r 1  BC FF        	.word	$FFBC
000118r 1  B6 FF        	.word	$FFB6
00011Ar 1  B0 FF        	.word	$FFB0
00011Cr 1  AA FF        	.word	$FFAA
00011Er 1  A4 FF        	.word	$FFA4
000120r 1  9E FF        	.word	$FF9E
000122r 1  98 FF        	.word	$FF98
000124r 1  93 FF        	.word	$FF93
000126r 1  8D FF        	.word	$FF8D
000128r 1  87 FF        	.word	$FF87
00012Ar 1  82 FF        	.word	$FF82
00012Cr 1  7C FF        	.word	$FF7C
00012Er 1  77 FF        	.word	$FF77
000130r 1  72 FF        	.word	$FF72
000132r 1  6D FF        	.word	$FF6D
000134r 1  68 FF        	.word	$FF68
000136r 1  63 FF        	.word	$FF63
000138r 1  5E FF        	.word	$FF5E
00013Ar 1  59 FF        	.word	$FF59
00013Cr 1  54 FF        	.word	$FF54
00013Er 1  4F FF        	.word	$FF4F
000140r 1  4B FF        	.word	$FF4B
000142r 1  47 FF        	.word	$FF47
000144r 1  42 FF        	.word	$FF42
000146r 1  3E FF        	.word	$FF3E
000148r 1  3A FF        	.word	$FF3A
00014Ar 1  36 FF        	.word	$FF36
00014Cr 1  32 FF        	.word	$FF32
00014Er 1  2F FF        	.word	$FF2F
000150r 1  2B FF        	.word	$FF2B
000152r 1  28 FF        	.word	$FF28
000154r 1  24 FF        	.word	$FF24
000156r 1  21 FF        	.word	$FF21
000158r 1  1E FF        	.word	$FF1E
00015Ar 1  1B FF        	.word	$FF1B
00015Cr 1  19 FF        	.word	$FF19
00015Er 1  16 FF        	.word	$FF16
000160r 1  13 FF        	.word	$FF13
000162r 1  11 FF        	.word	$FF11
000164r 1  0F FF        	.word	$FF0F
000166r 1  0D FF        	.word	$FF0D
000168r 1  0B FF        	.word	$FF0B
00016Ar 1  09 FF        	.word	$FF09
00016Cr 1  08 FF        	.word	$FF08
00016Er 1  06 FF        	.word	$FF06
000170r 1  05 FF        	.word	$FF05
000172r 1  04 FF        	.word	$FF04
000174r 1  03 FF        	.word	$FF03
000176r 1  02 FF        	.word	$FF02
000178r 1  01 FF        	.word	$FF01
00017Ar 1  01 FF        	.word	$FF01
00017Cr 1  00 FF        	.word	$FF00
00017Er 1  00 FF        	.word	$FF00
000180r 1  00 FF        	.word	$FF00
000182r 1  00 FF        	.word	$FF00
000184r 1  00 FF        	.word	$FF00
000186r 1  01 FF        	.word	$FF01
000188r 1  01 FF        	.word	$FF01
00018Ar 1  02 FF        	.word	$FF02
00018Cr 1  03 FF        	.word	$FF03
00018Er 1  04 FF        	.word	$FF04
000190r 1  05 FF        	.word	$FF05
000192r 1  06 FF        	.word	$FF06
000194r 1  08 FF        	.word	$FF08
000196r 1  09 FF        	.word	$FF09
000198r 1  0B FF        	.word	$FF0B
00019Ar 1  0D FF        	.word	$FF0D
00019Cr 1  0F FF        	.word	$FF0F
00019Er 1  11 FF        	.word	$FF11
0001A0r 1  13 FF        	.word	$FF13
0001A2r 1  16 FF        	.word	$FF16
0001A4r 1  19 FF        	.word	$FF19
0001A6r 1  1B FF        	.word	$FF1B
0001A8r 1  1E FF        	.word	$FF1E
0001AAr 1  21 FF        	.word	$FF21
0001ACr 1  24 FF        	.word	$FF24
0001AEr 1  28 FF        	.word	$FF28
0001B0r 1  2B FF        	.word	$FF2B
0001B2r 1  2F FF        	.word	$FF2F
0001B4r 1  32 FF        	.word	$FF32
0001B6r 1  36 FF        	.word	$FF36
0001B8r 1  3A FF        	.word	$FF3A
0001BAr 1  3E FF        	.word	$FF3E
0001BCr 1  42 FF        	.word	$FF42
0001BEr 1  47 FF        	.word	$FF47
0001C0r 1  4B FF        	.word	$FF4B
0001C2r 1  4F FF        	.word	$FF4F
0001C4r 1  54 FF        	.word	$FF54
0001C6r 1  59 FF        	.word	$FF59
0001C8r 1  5E FF        	.word	$FF5E
0001CAr 1  63 FF        	.word	$FF63
0001CCr 1  68 FF        	.word	$FF68
0001CEr 1  6D FF        	.word	$FF6D
0001D0r 1  72 FF        	.word	$FF72
0001D2r 1  77 FF        	.word	$FF77
0001D4r 1  7C FF        	.word	$FF7C
0001D6r 1  82 FF        	.word	$FF82
0001D8r 1  87 FF        	.word	$FF87
0001DAr 1  8D FF        	.word	$FF8D
0001DCr 1  93 FF        	.word	$FF93
0001DEr 1  98 FF        	.word	$FF98
0001E0r 1  9E FF        	.word	$FF9E
0001E2r 1  A4 FF        	.word	$FFA4
0001E4r 1  AA FF        	.word	$FFAA
0001E6r 1  B0 FF        	.word	$FFB0
0001E8r 1  B6 FF        	.word	$FFB6
0001EAr 1  BC FF        	.word	$FFBC
0001ECr 1  C2 FF        	.word	$FFC2
0001EEr 1  C8 FF        	.word	$FFC8
0001F0r 1  CE FF        	.word	$FFCE
0001F2r 1  D4 FF        	.word	$FFD4
0001F4r 1  DA FF        	.word	$FFDA
0001F6r 1  E1 FF        	.word	$FFE1
0001F8r 1  E7 FF        	.word	$FFE7
0001FAr 1  ED FF        	.word	$FFED
0001FCr 1  F3 FF        	.word	$FFF3
0001FEr 1  FA FF        	.word	$FFFA
000200r 1               _recip3d:
000200r 1  FF 3F        	.word	$3FFF
000202r 1  FF 3F        	.word	$3FFF
000204r 1  FF 3F        	.word	$3FFF
000206r 1  FF 3F        	.word	$3FFF
000208r 1  FF 3F        	.word	$3FFF
00020Ar 1  33 33        	.word	$3333
00020Cr 1  AA 2A        	.word	$2AAA
00020Er 1  92 24        	.word	$2492
000210r 1  00 20        	.word	$2000
000212r 1  71 1C        	.word	$1C71
000214r 1  99 19        	.word	$1999
000216r 1  45 17        	.word	$1745
000218r 1  55 15        	.word	$1555
00021Ar 1  B1 13        	.word	$13B1
00021Cr 1  49 12        	.word	$1249
00021Er 1  11 11        	.word	$1111
000220r 1  00 10        	.word	$1000
000222r 1  0F 0F        	.word	$0F0F
000224r 1  38 0E        	.word	$0E38
000226r 1  79 0D        	.word	$0D79
000228r 1  CC 0C        	.word	$0CCC
00022Ar 1  30 0C        	.word	$0C30
00022Cr 1  A2 0B        	.word	$0BA2
00022Er 1  21 0B        	.word	$0B21
000230r 1  AA 0A        	.word	$0AAA
000232r 1  3D 0A        	.word	$0A3D
000234r 1  D8 09        	.word	$09D8
000236r 1  7B 09        	.word	$097B
000238r 1  24 09        	.word	$0924
00023Ar 1  D3 08        	.word	$08D3
00023Cr 1  88 08        	.word	$0888
00023Er 1  42 08        	.word	$0842
000240r 1  00 08        	.word	$0800
000242r 1  C1 07        	.word	$07C1
000244r 1  87 07        	.word	$0787
000246r 1  50 07        	.word	$0750
000248r 1  1C 07        	.word	$071C
00024Ar 1  EB 06        	.word	$06EB
00024Cr 1  BC 06        	.word	$06BC
00024Er 1  90 06        	.word	$0690
000250r 1  66 06        	.word	$0666
000252r 1  3E 06        	.word	$063E
000254r 1  18 06        	.word	$0618
000256r 1  F4 05        	.word	$05F4
000258r 1  D1 05        	.word	$05D1
00025Ar 1  B0 05        	.word	$05B0
00025Cr 1  90 05        	.word	$0590
00025Er 1  72 05        	.word	$0572
000260r 1  55 05        	.word	$0555
000262r 1  39 05        	.word	$0539
000264r 1  1E 05        	.word	$051E
000266r 1  05 05        	.word	$0505
000268r 1  EC 04        	.word	$04EC
00026Ar 1  D4 04        	.word	$04D4
00026Cr 1  BD 04        	.word	$04BD
00026Er 1  A7 04        	.word	$04A7
000270r 1  92 04        	.word	$0492
000272r 1  7D 04        	.word	$047D
000274r 1  69 04        	.word	$0469
000276r 1  56 04        	.word	$0456
000278r 1  44 04        	.word	$0444
00027Ar 1  32 04        	.word	$0432
00027Cr 1  21 04        	.word	$0421
00027Er 1  10 04        	.word	$0410
000280r 1  00 04        	.word	$0400
000282r 1  F0 03        	.word	$03F0
000284r 1  E0 03        	.word	$03E0
000286r 1  D2 03        	.word	$03D2
000288r 1  C3 03        	.word	$03C3
00028Ar 1  B5 03        	.word	$03B5
00028Cr 1  A8 03        	.word	$03A8
00028Er 1  9B 03        	.word	$039B
000290r 1  8E 03        	.word	$038E
000292r 1  81 03        	.word	$0381
000294r 1  75 03        	.word	$0375
000296r 1  69 03        	.word	$0369
000298r 1  5E 03        	.word	$035E
00029Ar 1  53 03        	.word	$0353
00029Cr 1  48 03        	.word	$0348
00029Er 1  3D 03        	.word	$033D
0002A0r 1  33 03        	.word	$0333
0002A2r 1  29 03        	.word	$0329
0002A4r 1  1F 03        	.word	$031F
0002A6r 1  15 03        	.word	$0315
0002A8r 1  0C 03        	.word	$030C
0002AAr 1  03 03        	.word	$0303
0002ACr 1  FA 02        	.word	$02FA
0002AEr 1  F1 02        	.word	$02F1
0002B0r 1  E8 02        	.word	$02E8
0002B2r 1  E0 02        	.word	$02E0
0002B4r 1  D8 02        	.word	$02D8
0002B6r 1  D0 02        	.word	$02D0
0002B8r 1  C8 02        	.word	$02C8
0002BAr 1  C0 02        	.word	$02C0
0002BCr 1  B9 02        	.word	$02B9
0002BEr 1  B1 02        	.word	$02B1
0002C0r 1  AA 02        	.word	$02AA
0002C2r 1  A3 02        	.word	$02A3
0002C4r 1  9C 02        	.word	$029C
0002C6r 1  95 02        	.word	$0295
0002C8r 1  8F 02        	.word	$028F
0002CAr 1  88 02        	.word	$0288
0002CCr 1  82 02        	.word	$0282
0002CEr 1  7C 02        	.word	$027C
0002D0r 1  76 02        	.word	$0276
0002D2r 1  70 02        	.word	$0270
0002D4r 1  6A 02        	.word	$026A
0002D6r 1  64 02        	.word	$0264
0002D8r 1  5E 02        	.word	$025E
0002DAr 1  59 02        	.word	$0259
0002DCr 1  53 02        	.word	$0253
0002DEr 1  4E 02        	.word	$024E
0002E0r 1  49 02        	.word	$0249
0002E2r 1  43 02        	.word	$0243
0002E4r 1  3E 02        	.word	$023E
0002E6r 1  39 02        	.word	$0239
0002E8r 1  34 02        	.word	$0234
0002EAr 1  30 02        	.word	$0230
0002ECr 1  2B 02        	.word	$022B
0002EEr 1  26 02        	.word	$0226
0002F0r 1  22 02        	.word	$0222
0002F2r 1  1D 02        	.word	$021D
0002F4r 1  19 02        	.word	$0219
0002F6r 1  14 02        	.word	$0214
0002F8r 1  10 02        	.word	$0210
0002FAr 1  0C 02        	.word	$020C
0002FCr 1  08 02        	.word	$0208
0002FEr 1  04 02        	.word	$0204
000300r 1  00 02        	.word	$0200
000302r 1  FC 01        	.word	$01FC
000304r 1  F8 01        	.word	$01F8
000306r 1  F4 01        	.word	$01F4
000308r 1  F0 01        	.word	$01F0
00030Ar 1  EC 01        	.word	$01EC
00030Cr 1  E9 01        	.word	$01E9
00030Er 1  E5 01        	.word	$01E5
000310r 1  E1 01        	.word	$01E1
000312r 1  DE 01        	.word	$01DE
000314r 1  DA 01        	.word	$01DA
000316r 1  D7 01        	.word	$01D7
000318r 1  D4 01        	.word	$01D4
00031Ar 1  D0 01        	.word	$01D0
00031Cr 1  CD 01        	.word	$01CD
00031Er 1  CA 01        	.word	$01CA
000320r 1  C7 01        	.word	$01C7
000322r 1  C3 01        	.word	$01C3
000324r 1  C0 01        	.word	$01C0
000326r 1  BD 01        	.word	$01BD
000328r 1  BA 01        	.word	$01BA
00032Ar 1  B7 01        	.word	$01B7
00032Cr 1  B4 01        	.word	$01B4
00032Er 1  B2 01        	.word	$01B2
000330r 1  AF 01        	.word	$01AF
000332r 1  AC 01        	.word	$01AC
000334r 1  A9 01        	.word	$01A9
000336r 1  A6 01        	.word	$01A6
000338r 1  A4 01        	.word	$01A4
00033Ar 1  A1 01        	.word	$01A1
00033Cr 1  9E 01        	.word	$019E
00033Er 1  9C 01        	.word	$019C
000340r 1  99 01        	.word	$0199
000342r 1  97 01        	.word	$0197
000344r 1  94 01        	.word	$0194
000346r 1  92 01        	.word	$0192
000348r 1  8F 01        	.word	$018F
00034Ar 1  8D 01        	.word	$018D
00034Cr 1  8A 01        	.word	$018A
00034Er 1  88 01        	.word	$0188
000350r 1  86 01        	.word	$0186
000352r 1  83 01        	.word	$0183
000354r 1  81 01        	.word	$0181
000356r 1  7F 01        	.word	$017F
000358r 1  7D 01        	.word	$017D
00035Ar 1  7A 01        	.word	$017A
00035Cr 1  78 01        	.word	$0178
00035Er 1  76 01        	.word	$0176
000360r 1  74 01        	.word	$0174
000362r 1  72 01        	.word	$0172
000364r 1  70 01        	.word	$0170
000366r 1  6E 01        	.word	$016E
000368r 1  6C 01        	.word	$016C
00036Ar 1  6A 01        	.word	$016A
00036Cr 1  68 01        	.word	$0168
00036Er 1  66 01        	.word	$0166
000370r 1  64 01        	.word	$0164
000372r 1  62 01        	.word	$0162
000374r 1  60 01        	.word	$0160
000376r 1  5E 01        	.word	$015E
000378r 1  5C 01        	.word	$015C
00037Ar 1  5A 01        	.word	$015A
00037Cr 1  58 01        	.word	$0158
00037Er 1  57 01        	.word	$0157
000380r 1  55 01        	.word	$0155
000382r 1  53 01        	.word	$0153
000384r 1  51 01        	.word	$0151
000386r 1  50 01        	.word	$0150
000388r 1  4E 01        	.word	$014E
00038Ar 1  4C 01        	.word	$014C
00038Cr 1  4A 01        	.word	$014A
00038Er 1  49 01        	.word	$0149
000390r 1  47 01        	.word	$0147
000392r 1  46 01        	.word	$0146
000394r 1  44 01        	.word	$0144
000396r 1  42 01        	.word	$0142
000398r 1  41 01        	.word	$0141
00039Ar 1  3F 01        	.word	$013F
00039Cr 1  3E 01        	.word	$013E
00039Er 1  3C 01        	.word	$013C
0003A0r 1  3B 01        	.word	$013B
0003A2r 1  39 01        	.word	$0139
0003A4r 1  38 01        	.word	$0138
0003A6r 1  36 01        	.word	$0136
0003A8r 1  35 01        	.word	$0135
0003AAr 1  33 01        	.word	$0133
0003ACr 1  32 01        	.word	$0132
0003AEr 1  30 01        	.word	$0130
0003B0r 1  2F 01        	.word	$012F
0003B2r 1  2E 01        	.word	$012E
0003B4r 1  2C 01        	.word	$012C
0003B6r 1  2B 01        	.word	$012B
0003B8r 1  29 01        	.word	$0129
0003BAr 1  28 01        	.word	$0128
0003BCr 1  27 01        	.word	$0127
0003BEr 1  25 01        	.word	$0125
0003C0r 1  24 01        	.word	$0124
0003C2r 1  23 01        	.word	$0123
0003C4r 1  21 01        	.word	$0121
0003C6r 1  20 01        	.word	$0120
0003C8r 1  1F 01        	.word	$011F
0003CAr 1  1E 01        	.word	$011E
0003CCr 1  1C 01        	.word	$011C
0003CEr 1  1B 01        	.word	$011B
0003D0r 1  1A 01        	.word	$011A
0003D2r 1  19 01        	.word	$0119
0003D4r 1  18 01        	.word	$0118
0003D6r 1  16 01        	.word	$0116
0003D8r 1  15 01        	.word	$0115
0003DAr 1  14 01        	.word	$0114
0003DCr 1  13 01        	.word	$0113
0003DEr 1  12 01        	.word	$0112
0003E0r 1  11 01        	.word	$0111
0003E2r 1  0F 01        	.word	$010F
0003E4r 1  0E 01        	.word	$010E
0003E6r 1  0D 01        	.word	$010D
0003E8r 1  0C 01        	.word	$010C
0003EAr 1  0B 01        	.word	$010B
0003ECr 1  0A 01        	.word	$010A
0003EEr 1  09 01        	.word	$0109
0003F0r 1  08 01        	.word	$0108
0003F2r 1  07 01        	.word	$0107
0003F4r 1  06 01        	.word	$0106
0003F6r 1  05 01        	.word	$0105
0003F8r 1  04 01        	.word	$0104
0003FAr 1  03 01        	.word	$0103
0003FCr 1  02 01        	.word	$0102
0003FEr 1  01 01        	.word	$0101
000400r 1  00 01        	.word	$0100
000402r 1               _ray_offset:
000402r 1  DA EB        	.word	$EBDA
000404r 1  39 EE        	.word	$EE39
000406r 1  98 F0        	.word	$F098
000408r 1  F7 F2        	.word	$F2F7
00040Ar 1  55 F5        	.word	$F555
00040Cr 1  B4 F7        	.word	$F7B4
00040Er 1  13 FA        	.word	$FA13
000410r 1  72 FC        	.word	$FC72
000412r 1  D1 FE        	.word	$FED1
000414r 1  2F 01        	.word	$012F
000416r 1  8E 03        	.word	$038E
000418r 1  ED 05        	.word	$05ED
00041Ar 1  4C 08        	.word	$084C
00041Cr 1  AB 0A        	.word	$0AAB
00041Er 1  09 0D        	.word	$0D09
000420r 1  68 0F        	.word	$0F68
000422r 1  C7 11        	.word	$11C7
000424r 1  26 14        	.word	$1426
000426r 1               _cos_rel:
000426r 1  E1 00        	.word	$00E1
000428r 1  E8 00        	.word	$00E8
00042Ar 1  EE 00        	.word	$00EE
00042Cr 1  F3 00        	.word	$00F3
00042Er 1  F7 00        	.word	$00F7
000430r 1  FB 00        	.word	$00FB
000432r 1  FD 00        	.word	$00FD
000434r 1  FF 00        	.word	$00FF
000436r 1  00 01        	.word	$0100
000438r 1  00 01        	.word	$0100
00043Ar 1  FF 00        	.word	$00FF
00043Cr 1  FD 00        	.word	$00FD
00043Er 1  FB 00        	.word	$00FB
000440r 1  F7 00        	.word	$00F7
000442r 1  F3 00        	.word	$00F3
000444r 1  EE 00        	.word	$00EE
000446r 1  E8 00        	.word	$00E8
000448r 1  E1 00        	.word	$00E1
00044Ar 1               
00044Ar 1               
